Archive member included to satisfy reference by file (symbol)

/usr/lib/gcc/arm-none-eabi/10.3.1/../../../arm-none-eabi/lib/thumb/v7-m/nofp/libc_nano.a(lib_a-errno.o)
                              /home/ntouda/RIOT/examples/hello-world/bin/wyres-base/newlib_syscalls_default/syscalls.o (__errno)
/usr/lib/gcc/arm-none-eabi/10.3.1/../../../arm-none-eabi/lib/thumb/v7-m/nofp/libc_nano.a(lib_a-impure.o)
                              /usr/lib/gcc/arm-none-eabi/10.3.1/../../../arm-none-eabi/lib/thumb/v7-m/nofp/libc_nano.a(lib_a-errno.o) (_impure_ptr)
/usr/lib/gcc/arm-none-eabi/10.3.1/../../../arm-none-eabi/lib/thumb/v7-m/nofp/libc_nano.a(lib_a-init.o)
                              /home/ntouda/RIOT/examples/hello-world/bin/wyres-base/cortexm_common/vectors_cortexm.o (__libc_init_array)
/usr/lib/gcc/arm-none-eabi/10.3.1/../../../arm-none-eabi/lib/thumb/v7-m/nofp/libc_nano.a(lib_a-malloc.o)
                              /home/ntouda/RIOT/examples/hello-world/bin/wyres-base/malloc_thread_safe/malloc_wrappers.o (malloc)
/usr/lib/gcc/arm-none-eabi/10.3.1/../../../arm-none-eabi/lib/thumb/v7-m/nofp/libc_nano.a(lib_a-memcmp.o)
                              /home/ntouda/RIOT/examples/hello-world/bin/wyres-base/core_lib/atomic_c11.o (memcmp)
/usr/lib/gcc/arm-none-eabi/10.3.1/../../../arm-none-eabi/lib/thumb/v7-m/nofp/libc_nano.a(lib_a-memcpy.o)
                              /home/ntouda/RIOT/examples/hello-world/bin/wyres-base/core_lib/atomic_c11.o (memcpy)
/usr/lib/gcc/arm-none-eabi/10.3.1/../../../arm-none-eabi/lib/thumb/v7-m/nofp/libc_nano.a(lib_a-memset.o)
                              /home/ntouda/RIOT/examples/hello-world/bin/wyres-base/cortexm_common/vectors_cortexm.o (memset)
/usr/lib/gcc/arm-none-eabi/10.3.1/../../../arm-none-eabi/lib/thumb/v7-m/nofp/libc_nano.a(lib_a-mstats.o)
                              /home/ntouda/RIOT/examples/hello-world/bin/wyres-base/newlib_syscalls_default/syscalls.o (mallinfo)
/usr/lib/gcc/arm-none-eabi/10.3.1/../../../arm-none-eabi/lib/thumb/v7-m/nofp/libc_nano.a(lib_a-nano-freer.o)
                              /usr/lib/gcc/arm-none-eabi/10.3.1/../../../arm-none-eabi/lib/thumb/v7-m/nofp/libc_nano.a(lib_a-malloc.o) (_free_r)
/usr/lib/gcc/arm-none-eabi/10.3.1/../../../arm-none-eabi/lib/thumb/v7-m/nofp/libc_nano.a(lib_a-nano-mallinfor.o)
                              /usr/lib/gcc/arm-none-eabi/10.3.1/../../../arm-none-eabi/lib/thumb/v7-m/nofp/libc_nano.a(lib_a-mstats.o) (_mallinfo_r)
/usr/lib/gcc/arm-none-eabi/10.3.1/../../../arm-none-eabi/lib/thumb/v7-m/nofp/libc_nano.a(lib_a-nano-mallocr.o)
                              /usr/lib/gcc/arm-none-eabi/10.3.1/../../../arm-none-eabi/lib/thumb/v7-m/nofp/libc_nano.a(lib_a-malloc.o) (_malloc_r)
/usr/lib/gcc/arm-none-eabi/10.3.1/../../../arm-none-eabi/lib/thumb/v7-m/nofp/libc_nano.a(lib_a-nano-malloptr.o)
                              /usr/lib/gcc/arm-none-eabi/10.3.1/../../../arm-none-eabi/lib/thumb/v7-m/nofp/libc_nano.a(lib_a-mstats.o) (_mallopt_r)
/usr/lib/gcc/arm-none-eabi/10.3.1/../../../arm-none-eabi/lib/thumb/v7-m/nofp/libc_nano.a(lib_a-nano-mallstatsr.o)
                              /usr/lib/gcc/arm-none-eabi/10.3.1/../../../arm-none-eabi/lib/thumb/v7-m/nofp/libc_nano.a(lib_a-mstats.o) (_malloc_stats_r)
/usr/lib/gcc/arm-none-eabi/10.3.1/../../../arm-none-eabi/lib/thumb/v7-m/nofp/libc_nano.a(lib_a-printf.o)
                              /home/ntouda/RIOT/examples/hello-world/bin/wyres-base/application_hello-world/main.o (printf)
/usr/lib/gcc/arm-none-eabi/10.3.1/../../../arm-none-eabi/lib/thumb/v7-m/nofp/libc_nano.a(lib_a-puts.o)
                              /home/ntouda/RIOT/examples/hello-world/bin/wyres-base/application_hello-world/main.o (puts)
/usr/lib/gcc/arm-none-eabi/10.3.1/../../../arm-none-eabi/lib/thumb/v7-m/nofp/libc_nano.a(lib_a-realloc.o)
                              /home/ntouda/RIOT/examples/hello-world/bin/wyres-base/malloc_thread_safe/malloc_wrappers.o (realloc)
/usr/lib/gcc/arm-none-eabi/10.3.1/../../../arm-none-eabi/lib/thumb/v7-m/nofp/libc_nano.a(lib_a-wbuf.o)
                              /usr/lib/gcc/arm-none-eabi/10.3.1/../../../arm-none-eabi/lib/thumb/v7-m/nofp/libc_nano.a(lib_a-puts.o) (__swbuf_r)
/usr/lib/gcc/arm-none-eabi/10.3.1/../../../arm-none-eabi/lib/thumb/v7-m/nofp/libc_nano.a(lib_a-wsetup.o)
                              /usr/lib/gcc/arm-none-eabi/10.3.1/../../../arm-none-eabi/lib/thumb/v7-m/nofp/libc_nano.a(lib_a-puts.o) (__swsetup_r)
/usr/lib/gcc/arm-none-eabi/10.3.1/../../../arm-none-eabi/lib/thumb/v7-m/nofp/libc_nano.a(lib_a-fflush.o)
                              /usr/lib/gcc/arm-none-eabi/10.3.1/../../../arm-none-eabi/lib/thumb/v7-m/nofp/libc_nano.a(lib_a-wbuf.o) (_fflush_r)
/usr/lib/gcc/arm-none-eabi/10.3.1/../../../arm-none-eabi/lib/thumb/v7-m/nofp/libc_nano.a(lib_a-findfp.o)
                              /usr/lib/gcc/arm-none-eabi/10.3.1/../../../arm-none-eabi/lib/thumb/v7-m/nofp/libc_nano.a(lib_a-mstats.o) (__sinit)
[...]
Memory Configuration

Name             Origin             Length             Attributes
ccmram           0x0000000010000000 0x0000000000000000
sram4            0x0000000000000000 0x0000000000000000
fmcram           0x0000000000000000 0x0000000000000000
rom              0x0000000008000000 0x0000000000040000 xr
ram              0x0000000020000000 0x0000000000008000 w !xr
bkup_ram         0x0000000000000000 0x0000000000000000 w !xr
*default*        0x0000000000000000 0xffffffffffffffff

Linker script and memory map

LOAD /home/ntouda/RIOT/examples/hello-world/bin/wyres-base/application_hello-world/main.o
LOAD /home/ntouda/RIOT/examples/hello-world/bin/wyres-base/auto_init/auto_init.o
LOAD /home/ntouda/RIOT/examples/hello-world/bin/wyres-base/board/board.o
LOAD /home/ntouda/RIOT/examples/hello-world/bin/wyres-base/board_common_init/board_common.o
LOAD /home/ntouda/RIOT/examples/hello-world/bin/wyres-base/core/cond.o
LOAD /home/ntouda/RIOT/examples/hello-world/bin/wyres-base/core_lib/assert.o
LOAD /home/ntouda/RIOT/examples/hello-world/bin/wyres-base/core_lib/atomic_c11.o
LOAD /home/ntouda/RIOT/examples/hello-world/bin/wyres-base/core_lib/atomic_sync.o
LOAD /home/ntouda/RIOT/examples/hello-world/bin/wyres-base/core_lib/bitarithm.o
LOAD /home/ntouda/RIOT/examples/hello-world/bin/wyres-base/core_lib/clist.o
LOAD /home/ntouda/RIOT/examples/hello-world/bin/wyres-base/core_lib/init.o
LOAD /home/ntouda/RIOT/examples/hello-world/bin/wyres-base/core_lib/panic.o
LOAD /home/ntouda/RIOT/examples/hello-world/bin/wyres-base/core_lib/priority_queue.o
LOAD /home/ntouda/RIOT/examples/hello-world/bin/wyres-base/core_lib/ringbuffer.o
LOAD /home/ntouda/RIOT/examples/hello-world/bin/wyres-base/core_lib/rmutex.o
LOAD /home/ntouda/RIOT/examples/hello-world/bin/wyres-base/core/msg.o
LOAD /home/ntouda/RIOT/examples/hello-world/bin/wyres-base/core/mutex.o
LOAD /home/ntouda/RIOT/examples/hello-world/bin/wyres-base/core/sched.o
LOAD /home/ntouda/RIOT/examples/hello-world/bin/wyres-base/core/thread.o
LOAD /home/ntouda/RIOT/examples/hello-world/bin/wyres-base/cortexm_common/cortexm_init.o
LOAD /home/ntouda/RIOT/examples/hello-world/bin/wyres-base/cortexm_common/mpu.o
LOAD /home/ntouda/RIOT/examples/hello-world/bin/wyres-base/cortexm_common/panic.o
LOAD /home/ntouda/RIOT/examples/hello-world/bin/wyres-base/cortexm_common_periph/pm.o
LOAD /home/ntouda/RIOT/examples/hello-world/bin/wyres-base/cortexm_common/thread_arch.o
LOAD /home/ntouda/RIOT/examples/hello-world/bin/wyres-base/cortexm_common/vectors_cortexm.o
LOAD /home/ntouda/RIOT/examples/hello-world/bin/wyres-base/cpu/cpu_common.o
LOAD /home/ntouda/RIOT/examples/hello-world/bin/wyres-base/cpu/cpu_init.o
LOAD /home/ntouda/RIOT/examples/hello-world/bin/wyres-base/div/div.o
LOAD /home/ntouda/RIOT/examples/hello-world/bin/wyres-base/libc/string.o
LOAD /home/ntouda/RIOT/examples/hello-world/bin/wyres-base/malloc_thread_safe/malloc_wrappers.o
LOAD /home/ntouda/RIOT/examples/hello-world/bin/wyres-base/newlib_syscalls_default/syscalls.o
LOAD /home/ntouda/RIOT/examples/hello-world/bin/wyres-base/periph_common/gpio.o
LOAD /home/ntouda/RIOT/examples/hello-world/bin/wyres-base/periph_common/init_leds.o
LOAD /home/ntouda/RIOT/examples/hello-world/bin/wyres-base/periph_common/init.o
LOAD /home/ntouda/RIOT/examples/hello-world/bin/wyres-base/periph_common/pm.o
LOAD /home/ntouda/RIOT/examples/hello-world/bin/wyres-base/periph/gpio_all.o
LOAD /home/ntouda/RIOT/examples/hello-world/bin/wyres-base/periph/pm.o
LOAD /home/ntouda/RIOT/examples/hello-world/bin/wyres-base/periph/uart.o
LOAD /home/ntouda/RIOT/examples/hello-world/bin/wyres-base/pm_layered/pm.o
LOAD /home/ntouda/RIOT/examples/hello-world/bin/wyres-base/stdio_uart/stdio_uart.o
LOAD /home/ntouda/RIOT/examples/hello-world/bin/wyres-base/stm32_clk/stmclk_common.o
LOAD /home/ntouda/RIOT/examples/hello-world/bin/wyres-base/stm32_clk/stmclk_l0l1.o
LOAD /home/ntouda/RIOT/examples/hello-world/bin/wyres-base/stm32_vectors/STM32L151xC.o
LOAD /usr/lib/gcc/arm-none-eabi/10.3.1/../../../arm-none-eabi/lib/thumb/v7-m/nofp/libm.a
LOAD /usr/lib/gcc/arm-none-eabi/10.3.1/thumb/v7-m/nofp/libgcc.a
                0x0000000008000000                _rom_start_addr = 0x8000000
                0x0000000020000000                _ram_start_addr = 0x20000000
                0x0000000000040000                _rom_length = 0x40000
                0x0000000000008000                _ram_length = 0x8000
LOAD /usr/lib/gcc/arm-none-eabi/10.3.1/../../../arm-none-eabi/lib/thumb/v7-m/nofp/libc_nano.a
START GROUP
LOAD /usr/lib/gcc/arm-none-eabi/10.3.1/thumb/v7-m/nofp/libgcc.a
LOAD /usr/lib/gcc/arm-none-eabi/10.3.1/../../../arm-none-eabi/lib/thumb/v7-m/nofp/libg_nano.a
LOAD /usr/lib/gcc/arm-none-eabi/10.3.1/../../../arm-none-eabi/lib/thumb/v7-m/nofp/libc_nano.a
END GROUP
START GROUP
LOAD /usr/lib/gcc/arm-none-eabi/10.3.1/thumb/v7-m/nofp/libgcc.a
LOAD /usr/lib/gcc/arm-none-eabi/10.3.1/../../../arm-none-eabi/lib/thumb/v7-m/nofp/libc_nano.a
END GROUP
                0x0000000000000000                ccmram_length = DEFINED (_ccmram_len)?_ccmram_len:0x0
                0x0000000000000000                sram4_addr = DEFINED (_sram4_length)?0x28000000:0x0
                0x0000000000000000                sram4_length = DEFINED (_sram4_length)?_sram4_length:0x0
                0x0000000000000000                fmc_ram_addr = DEFINED (_fmc_ram_addr)?_fmc_ram_addr:0x0
                0x0000000000000000                fmc_ram_len = DEFINED (_fmc_ram_len)?_fmc_ram_len:0x0

.heap2          0x0000000000000000        0x0
                0x0000000000000000                _sheap2 = ORIGIN (sram4)
                0x0000000000000000                _eheap2 = (ORIGIN (sram4) + LENGTH (sram4))

.heap4          0x0000000000000000        0x0
                0x0000000000000000                _sheap3 = ORIGIN (fmcram)
                0x0000000000000000                _eheap3 = (ORIGIN (fmcram) + LENGTH (fmcram))
                0x0000000000000000                _rom_offset = DEFINED (_rom_offset)?_rom_offset:0x0
                0x0000000000040000                _fw_rom_length = DEFINED (_fw_rom_length)?_fw_rom_length:(_rom_length - _rom_offset)
                0x0000000000000001                ASSERT ((_fw_rom_length <= (_rom_length - _rom_offset)), Specified firmware size does not fit in ROM)
                0x0000000000000000                _backup_ram_start_addr = DEFINED (_backup_ram_start_addr)?_backup_ram_start_addr:0x0
                0x0000000000000000                _backup_ram_len = DEFINED (_backup_ram_len)?_backup_ram_len:0x0

.text           0x0000000008000000     0x2b60
                0x0000000008000000                . = ALIGN (0x4)
                0x0000000008000000                _sfixed = .
                0x0000000008000000                _isr_vectors = DEFINED (_isr_vectors)?_isr_vectors:.
 *(SORT_BY_NAME(.vectors*))
 .vectors.0     0x0000000008000000       0x40 /home/ntouda/RIOT/examples/hello-world/bin/wyres-base/cortexm_common/vectors_cortexm.o
                0x0000000008000000                cortex_vector_base
 .vectors.1     0x0000000008000040       0xe4 /home/ntouda/RIOT/examples/hello-world/bin/wyres-base/stm32_vectors/STM32L151xC.o
                0x0000000008000040                vector_cpu
 *(.text .text.* .gnu.linkonce.t.*)
 .text.startup.main
                0x0000000008000124       0x30 /home/ntouda/RIOT/examples/hello-world/bin/wyres-base/application_hello-world/main.o
                0x0000000008000124                main
 .text.auto_init
                0x0000000008000154       0x24 /home/ntouda/RIOT/examples/hello-world/bin/wyres-base/auto_init/auto_init.o
                0x0000000008000154                auto_init
 .text.board_init
                0x0000000008000178       0x38 /home/ntouda/RIOT/examples/hello-world/bin/wyres-base/board/board.o
                0x0000000008000178                board_init
 .text._assert_panic
                0x00000000080001b0       0x1c /home/ntouda/RIOT/examples/hello-world/bin/wyres-base/core_lib/assert.o
                0x00000000080001b0                _assert_panic
 .text.main_trampoline
                0x00000000080001cc       0x18 /home/ntouda/RIOT/examples/hello-world/bin/wyres-base/core_lib/init.o
 .text.kernel_init
                0x00000000080001e4       0x34 /home/ntouda/RIOT/examples/hello-world/bin/wyres-base/core_lib/init.o
                0x00000000080001e4                kernel_init
 .text.early_init
                0x0000000008000218        0xe /home/ntouda/RIOT/examples/hello-world/bin/wyres-base/core_lib/init.o
                0x0000000008000218                early_init
 .text.panic_app
                0x0000000008000226        0x2 /home/ntouda/RIOT/examples/hello-world/bin/wyres-base/core_lib/panic.o
                0x0000000008000226                panic_app
 .text.core_panic
                0x0000000008000228       0x3c /home/ntouda/RIOT/examples/hello-world/bin/wyres-base/core_lib/panic.o
                0x0000000008000228                core_panic
 .text._unschedule
                0x0000000008000264       0x30 /home/ntouda/RIOT/examples/hello-world/bin/wyres-base/core/sched.o
 .text.sched_run
                0x0000000008000294       0x7c /home/ntouda/RIOT/examples/hello-world/bin/wyres-base/core/sched.o
                0x0000000008000294                sched_run
 .text.sched_set_status
                0x0000000008000310       0x80 /home/ntouda/RIOT/examples/hello-world/bin/wyres-base/core/sched.o
                0x0000000008000310                sched_set_status
 .text.sched_switch
                0x0000000008000390       0x3c /home/ntouda/RIOT/examples/hello-world/bin/wyres-base/core/sched.o
                0x0000000008000390                sched_switch
 .text.sched_task_exit
                0x00000000080003cc       0x3c /home/ntouda/RIOT/examples/hello-world/bin/wyres-base/core/sched.o
                0x00000000080003cc                sched_task_exit
 .text.thread_getname
                0x0000000008000408       0x1c /home/ntouda/RIOT/examples/hello-world/bin/wyres-base/core/thread.o
                0x0000000008000408                thread_getname
 .text.thread_create
                0x0000000008000424       0xe8 /home/ntouda/RIOT/examples/hello-world/bin/wyres-base/core/thread.o
                0x0000000008000424                thread_create
 .text.cortexm_init
                0x000000000800050c       0x40 /home/ntouda/RIOT/examples/hello-world/bin/wyres-base/cortexm_common/cortexm_init.o
                0x000000000800050c                cortexm_init
 .text.mpu_enable
                0x000000000800054c       0x20 /home/ntouda/RIOT/examples/hello-world/bin/wyres-base/cortexm_common/mpu.o
                0x000000000800054c                mpu_enable
 .text.mpu_configure
                0x000000000800056c       0x20 /home/ntouda/RIOT/examples/hello-world/bin/wyres-base/cortexm_common/mpu.o
                0x000000000800056c                mpu_configure
 .text.panic_arch
                0x000000000800058c       0x1c /home/ntouda/RIOT/examples/hello-world/bin/wyres-base/cortexm_common/panic.o
                0x000000000800058c                panic_arch
 .text.thread_stack_init
                0x00000000080005a8       0x68 /home/ntouda/RIOT/examples/hello-world/bin/wyres-base/cortexm_common/thread_arch.o
                0x00000000080005a8                thread_stack_init
 .text.cpu_switch_context_exit
                0x0000000008000610       0x18 /home/ntouda/RIOT/examples/hello-world/bin/wyres-base/cortexm_common/thread_arch.o
                0x0000000008000610                cpu_switch_context_exit
 .text.isr_pendsv
                0x0000000008000628       0x38 /home/ntouda/RIOT/examples/hello-world/bin/wyres-base/cortexm_common/thread_arch.o
                0x0000000008000628                isr_pendsv
 .text.isr_svc  0x0000000008000660       0x10 /home/ntouda/RIOT/examples/hello-world/bin/wyres-base/cortexm_common/thread_arch.o
                0x0000000008000660                isr_svc
 .text.sched_arch_idle
                0x0000000008000670       0x10 /home/ntouda/RIOT/examples/hello-world/bin/wyres-base/cortexm_common/thread_arch.o
                0x0000000008000670                sched_arch_idle
 .text.hard_fault_default
                0x0000000008000680       0x44 /home/ntouda/RIOT/examples/hello-world/bin/wyres-base/cortexm_common/vectors_cortexm.o
                0x0000000008000680                hard_fault_default
 .text.nmi_handler
                0x00000000080006c4       0x10 /home/ntouda/RIOT/examples/hello-world/bin/wyres-base/cortexm_common/vectors_cortexm.o
                0x00000000080006c4                nmi_handler
 .text.mem_manage_default
                0x00000000080006d4       0x10 /home/ntouda/RIOT/examples/hello-world/bin/wyres-base/cortexm_common/vectors_cortexm.o
                0x00000000080006d4                mem_manage_default
 .text.bus_fault_default
                0x00000000080006e4       0x10 /home/ntouda/RIOT/examples/hello-world/bin/wyres-base/cortexm_common/vectors_cortexm.o
                0x00000000080006e4                bus_fault_default
 .text.usage_fault_default
                0x00000000080006f4       0x10 /home/ntouda/RIOT/examples/hello-world/bin/wyres-base/cortexm_common/vectors_cortexm.o
                0x00000000080006f4                usage_fault_default
 .text.debug_mon_default
                0x0000000008000704       0x10 /home/ntouda/RIOT/examples/hello-world/bin/wyres-base/cortexm_common/vectors_cortexm.o
                0x0000000008000704                debug_mon_default
 .text.dummy_handler_default
                0x0000000008000714       0x10 /home/ntouda/RIOT/examples/hello-world/bin/wyres-base/cortexm_common/vectors_cortexm.o
                0x0000000008000714                dummy_handler_default
                0x0000000008000714                isr_systick
 .text.pre_startup
                0x0000000008000724        0x2 /home/ntouda/RIOT/examples/hello-world/bin/wyres-base/cortexm_common/vectors_cortexm.o
                0x0000000008000724                pre_startup
 .text.post_startup
                0x0000000008000726        0x2 /home/ntouda/RIOT/examples/hello-world/bin/wyres-base/cortexm_common/vectors_cortexm.o
                0x0000000008000726                post_startup
 .text.reset_handler_default
                0x0000000008000728       0x9c /home/ntouda/RIOT/examples/hello-world/bin/wyres-base/cortexm_common/vectors_cortexm.o
                0x0000000008000728                reset_handler_default
 .text.hard_fault_handler
                0x00000000080007c4      0x1b8 /home/ntouda/RIOT/examples/hello-world/bin/wyres-base/cortexm_common/vectors_cortexm.o
                0x00000000080007c4                hard_fault_handler
 .text.periph_apb_clk
                0x000000000800097c        0x8 /home/ntouda/RIOT/examples/hello-world/bin/wyres-base/cpu/cpu_common.o
                0x000000000800097c                periph_apb_clk
 .text.periph_clk_en
                0x0000000008000984       0x30 /home/ntouda/RIOT/examples/hello-world/bin/wyres-base/cpu/cpu_common.o
                0x0000000008000984                periph_clk_en
 .text.cpu_init
                0x00000000080009b4       0x68 /home/ntouda/RIOT/examples/hello-world/bin/wyres-base/cpu/cpu_init.o
                0x00000000080009b4                cpu_init
 .text._init    0x0000000008000a1c        0x2 /home/ntouda/RIOT/examples/hello-world/bin/wyres-base/newlib_syscalls_default/syscalls.o
                0x0000000008000a1c                _init
 .text._fini    0x0000000008000a1e        0x2 /home/ntouda/RIOT/examples/hello-world/bin/wyres-base/newlib_syscalls_default/syscalls.o
                0x0000000008000a1e                _fini
 .text._sbrk_r  0x0000000008000a20       0x40 /home/ntouda/RIOT/examples/hello-world/bin/wyres-base/newlib_syscalls_default/syscalls.o
                0x0000000008000a20                _sbrk_r
 .text._read_r  0x0000000008000a60        0x8 /home/ntouda/RIOT/examples/hello-world/bin/wyres-base/newlib_syscalls_default/syscalls.o
                0x0000000008000a60                _read_r
 .text._write_r
                0x0000000008000a68        0x8 /home/ntouda/RIOT/examples/hello-world/bin/wyres-base/newlib_syscalls_default/syscalls.o
                0x0000000008000a68                _write_r
 .text._close_r
                0x0000000008000a70        0xa /home/ntouda/RIOT/examples/hello-world/bin/wyres-base/newlib_syscalls_default/syscalls.o
                0x0000000008000a70                _close_r
 .text._lseek_r
                0x0000000008000a7a        0xa /home/ntouda/RIOT/examples/hello-world/bin/wyres-base/newlib_syscalls_default/syscalls.o
                0x0000000008000a7a                _lseek_r
 .text._fstat_r
                0x0000000008000a84        0xa /home/ntouda/RIOT/examples/hello-world/bin/wyres-base/newlib_syscalls_default/syscalls.o
                0x0000000008000a84                _fstat_r
 .text._isatty_r
                0x0000000008000a8e        0xe /home/ntouda/RIOT/examples/hello-world/bin/wyres-base/newlib_syscalls_default/syscalls.o
                0x0000000008000a8e                _isatty_r
 .text.led_init
                0x0000000008000a9c        0x2 /home/ntouda/RIOT/examples/hello-world/bin/wyres-base/periph_common/init_leds.o
                0x0000000008000a9c                led_init
 .text.periph_init
                0x0000000008000a9e        0x2 /home/ntouda/RIOT/examples/hello-world/bin/wyres-base/periph_common/init.o
                0x0000000008000a9e                periph_init
 .text.gpio_init
                0x0000000008000aa0       0x68 /home/ntouda/RIOT/examples/hello-world/bin/wyres-base/periph/gpio_all.o
                0x0000000008000aa0                gpio_init
 .text.gpio_init_af
                0x0000000008000b08       0x58 /home/ntouda/RIOT/examples/hello-world/bin/wyres-base/periph/gpio_all.o
                0x0000000008000b08                gpio_init_af
 .text.pm_set   0x0000000008000b60       0x7c /home/ntouda/RIOT/examples/hello-world/bin/wyres-base/periph/pm.o
                0x0000000008000b60                pm_set
 .text.uart_enable_clock
                0x0000000008000bdc       0x30 /home/ntouda/RIOT/examples/hello-world/bin/wyres-base/periph/uart.o
 .text.uart_init
                0x0000000008000c0c       0x78 /home/ntouda/RIOT/examples/hello-world/bin/wyres-base/periph/uart.o
                0x0000000008000c0c                uart_init
 .text.uart_write
                0x0000000008000c84       0x30 /home/ntouda/RIOT/examples/hello-world/bin/wyres-base/periph/uart.o
                0x0000000008000c84                uart_write
 .text.isr_usart1
                0x0000000008000cb4       0x44 /home/ntouda/RIOT/examples/hello-world/bin/wyres-base/periph/uart.o
                0x0000000008000cb4                isr_usart1
 .text.pm_set_lowest
                0x0000000008000cf8       0x2c /home/ntouda/RIOT/examples/hello-world/bin/wyres-base/pm_layered/pm.o
                0x0000000008000cf8                pm_set_lowest
 .text.pm_block
                0x0000000008000d24       0x24 /home/ntouda/RIOT/examples/hello-world/bin/wyres-base/pm_layered/pm.o
                0x0000000008000d24                pm_block
 .text.pm_off   0x0000000008000d48       0x10 /home/ntouda/RIOT/examples/hello-world/bin/wyres-base/pm_layered/pm.o
                0x0000000008000d48                pm_off
 .text.stdio_init
                0x0000000008000d58        0xe /home/ntouda/RIOT/examples/hello-world/bin/wyres-base/stdio_uart/stdio_uart.o
                0x0000000008000d58                stdio_init
 .text.stdio_read
                0x0000000008000d66        0x6 /home/ntouda/RIOT/examples/hello-world/bin/wyres-base/stdio_uart/stdio_uart.o
                0x0000000008000d66                stdio_read
 .text.stdio_write
                0x0000000008000d6c       0x12 /home/ntouda/RIOT/examples/hello-world/bin/wyres-base/stdio_uart/stdio_uart.o
                0x0000000008000d6c                stdio_write
 *fill*         0x0000000008000d7e        0x2 
 .text.stmclk_enable_hsi
                0x0000000008000d80       0x18 /home/ntouda/RIOT/examples/hello-world/bin/wyres-base/stm32_clk/stmclk_common.o
                0x0000000008000d80                stmclk_enable_hsi
 .text.stmclk_disable_hsi
                0x0000000008000d98       0x10 /home/ntouda/RIOT/examples/hello-world/bin/wyres-base/stm32_clk/stmclk_common.o
                0x0000000008000d98                stmclk_disable_hsi
 .text.stmclk_init_sysclk
                0x0000000008000da8       0xa8 /home/ntouda/RIOT/examples/hello-world/bin/wyres-base/stm32_clk/stmclk_l0l1.o
                0x0000000008000da8                stmclk_init_sysclk
 .text.dummy_handler
                0x0000000008000e50        0x4 /home/ntouda/RIOT/examples/hello-world/bin/wyres-base/stm32_vectors/STM32L151xC.o
                0x0000000008000e50                isr_pvd
                0x0000000008000e50                isr_rtc_wkup
                0x0000000008000e50                isr_comp_acq
                0x0000000008000e50                isr_tim10
                0x0000000008000e50                isr_dac
                0x0000000008000e50                isr_exti
                0x0000000008000e50                isr_dma1_channel4
                0x0000000008000e50                isr_tim7
                0x0000000008000e50                isr_tim5
                0x0000000008000e50                isr_i2c1_ev
                0x0000000008000e50                isr_usart2
                0x0000000008000e50                isr_dma1_channel5
                0x0000000008000e50                isr_tim4
                0x0000000008000e50                isr_dma1_channel2
                0x0000000008000e50                isr_dma1_channel7
                0x0000000008000e50                isr_tim2
                0x0000000008000e50                isr_dma2_channel4
                0x0000000008000e50                isr_spi2
                0x0000000008000e50                isr_dma1_channel1
                0x0000000008000e50                dummy_handler
                0x0000000008000e50                isr_usb_hp
                0x0000000008000e50                isr_tim9
                0x0000000008000e50                isr_comp
                0x0000000008000e50                isr_spi1
                0x0000000008000e50                isr_tim6
                0x0000000008000e50                isr_usb_lp
                0x0000000008000e50                isr_rcc
                0x0000000008000e50                isr_flash
                0x0000000008000e50                isr_dma2_channel5
                0x0000000008000e50                isr_dma2_channel1
                0x0000000008000e50                isr_adc1
                0x0000000008000e50                isr_i2c2_er
                0x0000000008000e50                isr_usb_fs_wkup
                0x0000000008000e50                isr_dma1_channel6
                0x0000000008000e50                isr_tim11
                0x0000000008000e50                isr_spi3
                0x0000000008000e50                isr_tim3
                0x0000000008000e50                isr_usart3
                0x0000000008000e50                isr_i2c2_ev
                0x0000000008000e50                isr_dma2_channel2
                0x0000000008000e50                isr_dma2_channel3
                0x0000000008000e50                isr_rtc_alarm
                0x0000000008000e50                isr_dma1_channel3
                0x0000000008000e50                isr_tamper_stamp
                0x0000000008000e50                isr_i2c1_er
                0x0000000008000e50                isr_wwdg
 .text          0x0000000008000e54       0x48 /usr/lib/gcc/arm-none-eabi/10.3.1/../../../arm-none-eabi/lib/thumb/v7-m/nofp/libc_nano.a(lib_a-init.o)
                0x0000000008000e54                __libc_init_array
 .text          0x0000000008000e9c       0xec /usr/lib/gcc/arm-none-eabi/10.3.1/../../../arm-none-eabi/lib/thumb/v7-m/nofp/libc_nano.a(lib_a-memcpy.o)
                0x0000000008000e9c                memcpy
 .text          0x0000000008000f88       0xa4 /usr/lib/gcc/arm-none-eabi/10.3.1/../../../arm-none-eabi/lib/thumb/v7-m/nofp/libc_nano.a(lib_a-memset.o)
                0x0000000008000f88                memset
 .text          0x000000000800102c       0xcc /usr/lib/gcc/arm-none-eabi/10.3.1/../../../arm-none-eabi/lib/thumb/v7-m/nofp/libc_nano.a(lib_a-nano-freer.o)
                0x000000000800102c                _free_r
 .text          0x00000000080010f8       0xb8 /usr/lib/gcc/arm-none-eabi/10.3.1/../../../arm-none-eabi/lib/thumb/v7-m/nofp/libc_nano.a(lib_a-nano-mallocr.o)
                0x00000000080010f8                _malloc_r
 .text          0x00000000080011b0       0x60 /usr/lib/gcc/arm-none-eabi/10.3.1/../../../arm-none-eabi/lib/thumb/v7-m/nofp/libc_nano.a(lib_a-printf.o)
                0x00000000080011b0                _printf_r
                0x00000000080011b0                _iprintf_r
                0x00000000080011dc                printf
                0x00000000080011dc                iprintf
 .text          0x0000000008001210       0xe0 /usr/lib/gcc/arm-none-eabi/10.3.1/../../../arm-none-eabi/lib/thumb/v7-m/nofp/libc_nano.a(lib_a-puts.o)
                0x0000000008001210                _puts_r
                0x00000000080012e0                puts
 .text          0x00000000080012f0       0xc4 /usr/lib/gcc/arm-none-eabi/10.3.1/../../../arm-none-eabi/lib/thumb/v7-m/nofp/libc_nano.a(lib_a-wbuf.o)
                0x00000000080012f0                __swbuf_r
                0x00000000080013a0                __swbuf
 .text          0x00000000080013b4      0x104 /usr/lib/gcc/arm-none-eabi/10.3.1/../../../arm-none-eabi/lib/thumb/v7-m/nofp/libc_nano.a(lib_a-wsetup.o)
                0x00000000080013b4                __swsetup_r
 .text          0x00000000080014b8      0x1dc /usr/lib/gcc/arm-none-eabi/10.3.1/../../../arm-none-eabi/lib/thumb/v7-m/nofp/libc_nano.a(lib_a-fflush.o)
                0x00000000080014b8                __sflush_r
                0x00000000080015c0                _fflush_r
                0x0000000008001614                fflush
 .text          0x0000000008001694      0x230 /usr/lib/gcc/arm-none-eabi/10.3.1/../../../arm-none-eabi/lib/thumb/v7-m/nofp/libc_nano.a(lib_a-findfp.o)
                0x0000000008001698                _cleanup_r
                0x00000000080016a8                __sfmoreglue
                0x00000000080016d8                __sfp
                0x0000000008001870                _cleanup
                0x0000000008001884                __sinit
                0x000000000800188c                __sfp_lock_acquire
                0x0000000008001890                __sfp_lock_release
                0x0000000008001894                __sinit_lock_acquire
                0x0000000008001898                __sinit_lock_release
                0x000000000800189c                __fp_lock_all
                0x00000000080018b0                __fp_unlock_all
 .text          0x00000000080018c4       0x88 /usr/lib/gcc/arm-none-eabi/10.3.1/../../../arm-none-eabi/lib/thumb/v7-m/nofp/libc_nano.a(lib_a-fwalk.o)
                0x00000000080018c4                _fwalk
                0x0000000008001904                _fwalk_reent
 .text          0x000000000800194c      0x11c /usr/lib/gcc/arm-none-eabi/10.3.1/../../../arm-none-eabi/lib/thumb/v7-m/nofp/libc_nano.a(lib_a-makebuf.o)
                0x000000000800194c                __smakebuf_r
                0x0000000008001a0c                __swhatbuf_r
 .text          0x0000000008001a68        0x8 /usr/lib/gcc/arm-none-eabi/10.3.1/../../../arm-none-eabi/lib/thumb/v7-m/nofp/libc_nano.a(lib_a-mlock.o)
                0x0000000008001a68                __malloc_lock
                0x0000000008001a6c                __malloc_unlock
 .text          0x0000000008001a70       0x50 /usr/lib/gcc/arm-none-eabi/10.3.1/../../../arm-none-eabi/lib/thumb/v7-m/nofp/libc_nano.a(lib_a-nano-reallocr.o)
                0x0000000008001a70                _realloc_r
 .text          0x0000000008001ac0      0x320 /usr/lib/gcc/arm-none-eabi/10.3.1/../../../arm-none-eabi/lib/thumb/v7-m/nofp/libc_nano.a(lib_a-nano-vfprintf.o)
                0x0000000008001ae8                __sfputs_r
                0x0000000008001b18                __sprint_r
                0x0000000008001b34                _vfiprintf_r
                0x0000000008001b34                _vfprintf_r
                0x0000000008001dc4                vfiprintf
                0x0000000008001dc4                vfprintf
 .text          0x0000000008001de0      0x3d8 /usr/lib/gcc/arm-none-eabi/10.3.1/../../../arm-none-eabi/lib/thumb/v7-m/nofp/libc_nano.a(lib_a-nano-vfprintf_i.o)
                0x0000000008001de0                _printf_common
                0x0000000008001f0c                _printf_i
 .text          0x00000000080021b8       0x90 /usr/lib/gcc/arm-none-eabi/10.3.1/../../../arm-none-eabi/lib/thumb/v7-m/nofp/libc_nano.a(lib_a-stdio.o)
                0x00000000080021b8                __sread
                0x00000000080021dc                __seofread
                0x00000000080021e0                __swrite
                0x0000000008002220                __sseek
                0x0000000008002240                __sclose
 .text          0x0000000008002248      0x2f0 /usr/lib/gcc/arm-none-eabi/10.3.1/../../../arm-none-eabi/lib/thumb/v7-m/nofp/libc_nano.a(lib_a-fvwrite.o)
                0x0000000008002248                __sfvwrite_r
 .text          0x0000000008002538       0x90 /usr/lib/gcc/arm-none-eabi/10.3.1/../../../arm-none-eabi/lib/thumb/v7-m/nofp/libc_nano.a(lib_a-memchr-stub.o)
                0x0000000008002538                memchr
 .text          0x00000000080025c8       0xf8 /usr/lib/gcc/arm-none-eabi/10.3.1/../../../arm-none-eabi/lib/thumb/v7-m/nofp/libc_nano.a(lib_a-memmove.o)
                0x00000000080025c8                memmove
 .text          0x00000000080026c0       0x14 /usr/lib/gcc/arm-none-eabi/10.3.1/../../../arm-none-eabi/lib/thumb/v7-m/nofp/libc_nano.a(lib_a-nano-msizer.o)
                0x00000000080026c0                _malloc_usable_size_r
 *(.glue_7t)
 .glue_7t       0x00000000080026d4        0x0 linker stubs
 *(.glue_7)
 .glue_7        0x00000000080026d4        0x0 linker stubs
 *(.rodata .rodata* .gnu.linkonce.r.*)
 .rodata.main.str1.1
                0x00000000080026d4       0x68 /home/ntouda/RIOT/examples/hello-world/bin/wyres-base/application_hello-world/main.o
 .rodata._assert_failure.str1.1
                0x000000000800273c       0x1c /home/ntouda/RIOT/examples/hello-world/bin/wyres-base/core_lib/assert.o
 .rodata._assert_panic.str1.1
                0x0000000008002758        0x4 /home/ntouda/RIOT/examples/hello-world/bin/wyres-base/core_lib/assert.o
 .rodata.main_trampoline.str1.1
                0x000000000800275c       0x3a /home/ntouda/RIOT/examples/hello-world/bin/wyres-base/core_lib/init.o
 .rodata.kernel_init.str1.1
                0x0000000008002796        0x5 /home/ntouda/RIOT/examples/hello-world/bin/wyres-base/core_lib/init.o
 .rodata.core_panic.str1.1
                0x000000000800279b       0x29 /home/ntouda/RIOT/examples/hello-world/bin/wyres-base/core_lib/panic.o
 .rodata._unschedule.str1.1
                0x00000000080027c4       0x3e /home/ntouda/RIOT/examples/hello-world/bin/wyres-base/core/sched.o
 .rodata.panic_arch.str1.1
                0x0000000008002802        0xf /home/ntouda/RIOT/examples/hello-world/bin/wyres-base/cortexm_common/panic.o
 .rodata.nmi_handler.str1.1
                0x0000000008002811        0xc /home/ntouda/RIOT/examples/hello-world/bin/wyres-base/cortexm_common/vectors_cortexm.o
 .rodata.mem_manage_default.str1.1
                0x000000000800281d       0x13 /home/ntouda/RIOT/examples/hello-world/bin/wyres-base/cortexm_common/vectors_cortexm.o
 .rodata.bus_fault_default.str1.1
                0x0000000008002830       0x12 /home/ntouda/RIOT/examples/hello-world/bin/wyres-base/cortexm_common/vectors_cortexm.o
 .rodata.usage_fault_default.str1.1
                0x0000000008002842       0x14 /home/ntouda/RIOT/examples/hello-world/bin/wyres-base/cortexm_common/vectors_cortexm.o
 .rodata.debug_mon_default.str1.1
                0x0000000008002856       0x12 /home/ntouda/RIOT/examples/hello-world/bin/wyres-base/cortexm_common/vectors_cortexm.o
 .rodata.dummy_handler_default.str1.1
                0x0000000008002868        0xe /home/ntouda/RIOT/examples/hello-world/bin/wyres-base/cortexm_common/vectors_cortexm.o
 .rodata.hard_fault_handler.str1.1
                0x0000000008002876      0x233 /home/ntouda/RIOT/examples/hello-world/bin/wyres-base/cortexm_common/vectors_cortexm.o
 *fill*         0x0000000008002aa9        0x3 
 .rodata.uart_config
                0x0000000008002aac       0x14 /home/ntouda/RIOT/examples/hello-world/bin/wyres-base/periph/uart.o
 .rodata        0x0000000008002ac0        0x4 /usr/lib/gcc/arm-none-eabi/10.3.1/../../../arm-none-eabi/lib/thumb/v7-m/nofp/libc_nano.a(lib_a-impure.o)
                0x0000000008002ac0                _global_impure_ptr
 .rodata        0x0000000008002ac4       0x60 /usr/lib/gcc/arm-none-eabi/10.3.1/../../../arm-none-eabi/lib/thumb/v7-m/nofp/libc_nano.a(lib_a-findfp.o)
                0x0000000008002ac4                __sf_fake_stderr
                0x0000000008002ae4                __sf_fake_stdout
                0x0000000008002b04                __sf_fake_stdin
 .rodata.str1.4
                0x0000000008002b24       0x13 /usr/lib/gcc/arm-none-eabi/10.3.1/../../../arm-none-eabi/lib/thumb/v7-m/nofp/libc_nano.a(lib_a-nano-vfprintf.o)
 *fill*         0x0000000008002b37        0x1 
 .rodata.str1.4
                0x0000000008002b38       0x25 /usr/lib/gcc/arm-none-eabi/10.3.1/../../../arm-none-eabi/lib/thumb/v7-m/nofp/libc_nano.a(lib_a-nano-vfprintf_i.o)
 *(SORT_BY_NAME(.roxfa.*))
 *fill*         0x0000000008002b5d        0x3 
 .roxfa.auto_init_xfa.0_
                0x0000000008002b60        0x0 /home/ntouda/RIOT/examples/hello-world/bin/wyres-base/auto_init/auto_init.o
                0x0000000008002b60                auto_init_xfa
 .roxfa.auto_init_xfa.9_
                0x0000000008002b60        0x0 /home/ntouda/RIOT/examples/hello-world/bin/wyres-base/auto_init/auto_init.o
                0x0000000008002b60                auto_init_xfa_end
 *(.ARM.extab* .gnu.linkonce.armextab.*)
                0x0000000008002b60                . = ALIGN (0x4)
 *(.init)
                0x0000000008002b60                . = ALIGN (0x4)
                0x0000000008002b60                __preinit_array_start = .
 *(.preinit_array)
                0x0000000008002b60                __preinit_array_end = .
                0x0000000008002b60                . = ALIGN (0x4)
                0x0000000008002b60                __init_array_start = .
 *(SORT_BY_NAME(.init_array.*))
 *(.init_array)
                0x0000000008002b60                __init_array_end = .
                0x0000000008002b60                . = ALIGN (0x4)
 *crtbegin.o(.ctors)
 *(EXCLUDE_FILE(*crtend.o) .ctors)
 *(SORT_BY_NAME(.ctors.*))
 *crtend.o(.ctors)
                0x0000000008002b60                . = ALIGN (0x4)
 *(.fini)
                0x0000000008002b60                . = ALIGN (0x4)
                0x0000000008002b60                __fini_array_start = .
 *(.fini_array)
 *(SORT_BY_NAME(.fini_array.*))
                0x0000000008002b60                __fini_array_end = .
 *crtbegin.o(.dtors)
 *(EXCLUDE_FILE(*crtend.o) .dtors)
 *(SORT_BY_NAME(.dtors.*))
 *crtend.o(.dtors)
                0x0000000008002b60                . = ALIGN (0x4)
                0x0000000008002b60                _efixed = .

.vfp11_veneer   0x0000000008002b60        0x0
 .vfp11_veneer  0x0000000008002b60        0x0 linker stubs

.v4_bx          0x0000000008002b60        0x0
 .v4_bx         0x0000000008002b60        0x0 linker stubs

.iplt           0x0000000008002b60        0x0
 .iplt          0x0000000008002b60        0x0 /home/ntouda/RIOT/examples/hello-world/bin/wyres-base/application_hello-world/main.o

.igot.plt       0x0000000008002b60        0x0
 .igot.plt      0x0000000008002b60        0x0 /home/ntouda/RIOT/examples/hello-world/bin/wyres-base/application_hello-world/main.o

.rel.dyn        0x0000000008002b60        0x0
 .rel.iplt      0x0000000008002b60        0x0 /home/ntouda/RIOT/examples/hello-world/bin/wyres-base/application_hello-world/main.o

.tdata          0x0000000008002b60        0x0
                0x0000000008002b60                __tdata_start = .
 *(.tdata .tdata.* .gnu.linkonce.td.*)
                0x0000000008002b60                __tdata_end = .
                0x0000000008002b60                __tdata_source = LOADADDR (.tdata)
                0x0000000000000000                __tdata_size = SIZEOF (.tdata)

.tbss           0x0000000008002b60        0x0
 *(.tbss .tbss.* .gnu.linkonce.tb.*)
 *(.tcommon)
                0x0000000008002b60                __tbss_end = .
                0x0000000000000000                __tls_size = (__tbss_end - __tdata_start)
                0x0000000000000000                __tbss_size = (__tls_size - __tdata_size)
                [!provide]                        PROVIDE (__tbss_offset = (ADDR (.tbss) - ADDR (.tdata)))
                [!provide]                        PROVIDE (__tls_align = MAX (ALIGNOF (.tdata), ALIGNOF (.tbss)))
                [!provide]                        PROVIDE (__arm32_tls_tcb_offset = MAX (0x8, __tls_align))
                [!provide]                        PROVIDE (__arm64_tls_tcb_offset = MAX (0x10, __tls_align))
                [!provide]                        PROVIDE (__exidx_start = .)

.ARM.exidx
 *(.ARM.exidx* .gnu.linkonce.armexidx.*)
                [!provide]                        PROVIDE (__exidx_end = .)
                0x0000000008002b60                . = ALIGN (0x4)

.eh_frame
 *(.eh_frame)
                0x0000000008002b60                . = ALIGN (0x4)
                0x0000000008002b60                _etext = .

.stack          0x0000000020000000      0x200
 *(.puf)
                0x0000000020000000                . = ALIGN (0x8)
                0x0000000020000000                _sstack = .
 *(.isr_stack)
 .isr_stack     0x0000000020000000      0x200 /home/ntouda/RIOT/examples/hello-world/bin/wyres-base/cortexm_common/vectors_cortexm.o
                0x0000000020000000                isr_stack
                0x0000000020000200                . = ALIGN (0x8)
                0x0000000020000200                _estack = .

.relocate       0x0000000020000200       0x70 load address 0x0000000008002b60
                0x0000000020000200                . = ALIGN (0x4)
                0x0000000020000200                _srelocate = .
 *(.ramfunc .ramfunc.*)
 *(.data .data.*)
 .data.heap_top
                0x0000000020000200        0x4 /home/ntouda/RIOT/examples/hello-world/bin/wyres-base/newlib_syscalls_default/syscalls.o
 .data.pm_blocker
                0x0000000020000204        0x4 /home/ntouda/RIOT/examples/hello-world/bin/wyres-base/pm_layered/pm.o
 .data          0x0000000020000208       0x64 /usr/lib/gcc/arm-none-eabi/10.3.1/../../../arm-none-eabi/lib/thumb/v7-m/nofp/libc_nano.a(lib_a-impure.o)
                0x0000000020000208                _impure_ptr
 *(SORT_BY_NAME(.xfa.*))
 *(.openocd .openocd.*)
 .openocd       0x000000002000026c        0x2 /home/ntouda/RIOT/examples/hello-world/bin/wyres-base/core/sched.o
                0x000000002000026c                _tcb_name_offset
                0x000000002000026d                max_threads
                0x0000000020000270                . = ALIGN (0x4)
 *fill*         0x000000002000026e        0x2 
                0x0000000020000270                _erelocate = .

.bss            0x0000000020000270      0x6f0 load address 0x0000000008002bd0
                0x0000000020000270                . = ALIGN (0x4)
                0x0000000020000270                _sbss = .
                0x0000000020000270                _szero = .
 *(.bss .bss.*)
 .bss.main_stack
                0x0000000020000270      0x600 /home/ntouda/RIOT/examples/hello-world/bin/wyres-base/core_lib/init.o
 .bss.crashed   0x0000000020000870        0x4 /home/ntouda/RIOT/examples/hello-world/bin/wyres-base/core_lib/panic.o
 .bss.runqueue_bitcache
                0x0000000020000874        0x4 /home/ntouda/RIOT/examples/hello-world/bin/wyres-base/core/sched.o
 .bss.sched_active_pid
                0x0000000020000878        0x2 /home/ntouda/RIOT/examples/hello-world/bin/wyres-base/core/sched.o
                0x0000000020000878                sched_active_pid
 *fill*         0x000000002000087a        0x2 
 .bss.sched_active_thread
                0x000000002000087c        0x4 /home/ntouda/RIOT/examples/hello-world/bin/wyres-base/core/sched.o
                0x000000002000087c                sched_active_thread
 .bss.sched_context_switch_request
                0x0000000020000880        0x4 /home/ntouda/RIOT/examples/hello-world/bin/wyres-base/core/sched.o
                0x0000000020000880                sched_context_switch_request
 .bss.sched_num_threads
                0x0000000020000884        0x4 /home/ntouda/RIOT/examples/hello-world/bin/wyres-base/core/sched.o
                0x0000000020000884                sched_num_threads
 .bss.sched_runqueues
                0x0000000020000888       0x40 /home/ntouda/RIOT/examples/hello-world/bin/wyres-base/core/sched.o
                0x0000000020000888                sched_runqueues
 .bss.sched_threads
                0x00000000200008c8       0x84 /home/ntouda/RIOT/examples/hello-world/bin/wyres-base/core/sched.o
                0x00000000200008c8                sched_threads
 .bss.isr_ctx   0x000000002000094c        0xc /home/ntouda/RIOT/examples/hello-world/bin/wyres-base/periph/uart.o
 .bss           0x0000000020000958        0x8 /usr/lib/gcc/arm-none-eabi/10.3.1/../../../arm-none-eabi/lib/thumb/v7-m/nofp/libc_nano.a(lib_a-nano-mallocr.o)
                0x0000000020000958                __malloc_free_list
                0x000000002000095c                __malloc_sbrk_start
 *(COMMON)
                0x0000000020000960                . = ALIGN (0x4)
                0x0000000020000960                _ebss = .
                0x0000000020000960                _ezero = .

.noinit         0x0000000020000960        0x0 load address 0x0000000008002bd0
                0x0000000020000960                __noinit_start = .
 *(.noinit)
                0x0000000020000960                . = ALIGN (0x4)
                0x0000000020000960                __noinit_end = .
                0x0000000020000960                . = ALIGN (0x4)
                0x0000000020000960                _sheap = .
                0x0000000020008000                _eheap = (ORIGIN (ram) + LENGTH (ram))
                0x0000000020000000                _sram = ORIGIN (ram)
                0x0000000020008000                _eram = (ORIGIN (ram) + LENGTH (ram))
                0x0000000008000000                _srom = ORIGIN (rom)
                0x0000000008040000                _erom = (ORIGIN (rom) + LENGTH (rom))
                0x0000000008002bd0                _sbackup_data_load = LOADADDR (.backup.data)

.backup.data    0x0000000000000000        0x0 load address 0x0000000008002bd0
                0x0000000000000000                _sbackup_data = .
 *(.backup.data)
                0x0000000000000000                _ebackup_data = .
                0x0000000000000000                . = ALIGN (0x4)

.backup.bss     0x0000000000000000        0x0 load address 0x0000000008002bd0
                0x0000000000000000                _sbackup_bss = .
 *(.backup.bss)
                0x0000000000000000                _ebackup_bss = .
                0x0000000000000000                . = ALIGN (0x4)

.heap3          0x0000000000000000        0x0 load address 0x0000000008002bd0
                0x0000000000000000                _sheap1 = .
                0x0000000000000000                _eheap1 = (ORIGIN (bkup_ram) + LENGTH (bkup_ram))

.flash_writable
 *(SORT_BY_NAME(.flash_writable.*))

.end_fw         0x0000000008002bd0        0x0
                0x0000000008002bd0                _end_fw = .
OUTPUT(/home/ntouda/RIOT/examples/hello-world/bin/wyres-base/hello-world.elf elf32-littlearm)
LOAD linker stubs

.debug_info     0x0000000000000000    0x1c009
 .debug_info    0x0000000000000000      0x104 /home/ntouda/RIOT/examples/hello-world/bin/wyres-base/application_hello-world/main.o
 .debug_info    0x0000000000000104      0x183 /home/ntouda/RIOT/examples/hello-world/bin/wyres-base/auto_init/auto_init.o
 .debug_info    0x0000000000000287      0xa27 /home/ntouda/RIOT/examples/hello-world/bin/wyres-base/board/board.o
 .debug_info    0x0000000000000cae      0x2c0 /home/ntouda/RIOT/examples/hello-world/bin/wyres-base/core_lib/assert.o
 .debug_info    0x0000000000000f6e      0x382 /home/ntouda/RIOT/examples/hello-world/bin/wyres-base/core_lib/init.o
 .debug_info    0x00000000000012f0      0x367 /home/ntouda/RIOT/examples/hello-world/bin/wyres-base/core_lib/panic.o
 .debug_info    0x0000000000001657     0x11c4 /home/ntouda/RIOT/examples/hello-world/bin/wyres-base/core/sched.o
 .debug_info    0x000000000000281b     0x1512 /home/ntouda/RIOT/examples/hello-world/bin/wyres-base/core/thread.o
 .debug_info    0x0000000000003d2d      0x81c /home/ntouda/RIOT/examples/hello-world/bin/wyres-base/cortexm_common/cortexm_init.o
 .debug_info    0x0000000000004549      0x461 /home/ntouda/RIOT/examples/hello-world/bin/wyres-base/cortexm_common/mpu.o
 .debug_info    0x00000000000049aa      0x210 /home/ntouda/RIOT/examples/hello-world/bin/wyres-base/cortexm_common/panic.o
 .debug_info    0x0000000000004bba      0x9a3 /home/ntouda/RIOT/examples/hello-world/bin/wyres-base/cortexm_common/thread_arch.o
 .debug_info    0x000000000000555d      0xd9e /home/ntouda/RIOT/examples/hello-world/bin/wyres-base/cortexm_common/vectors_cortexm.o
 .debug_info    0x00000000000062fb      0xb61 /home/ntouda/RIOT/examples/hello-world/bin/wyres-base/cpu/cpu_common.o
 .debug_info    0x0000000000006e5c      0xcf3 /home/ntouda/RIOT/examples/hello-world/bin/wyres-base/cpu/cpu_init.o
 .debug_info    0x0000000000007b4f     0x13e6 /home/ntouda/RIOT/examples/hello-world/bin/wyres-base/newlib_syscalls_default/syscalls.o
 .debug_info    0x0000000000008f35      0x944 /home/ntouda/RIOT/examples/hello-world/bin/wyres-base/periph_common/init_leds.o
 .debug_info    0x0000000000009879      0x953 /home/ntouda/RIOT/examples/hello-world/bin/wyres-base/periph_common/init.o
 .debug_info    0x000000000000a1cc     0x11ae /home/ntouda/RIOT/examples/hello-world/bin/wyres-base/periph/gpio_all.o
 .debug_info    0x000000000000b37a      0x52d /home/ntouda/RIOT/examples/hello-world/bin/wyres-base/periph/pm.o
 .debug_info    0x000000000000b8a7     0x14e4 /home/ntouda/RIOT/examples/hello-world/bin/wyres-base/periph/uart.o
 .debug_info    0x000000000000cd8b      0x63e /home/ntouda/RIOT/examples/hello-world/bin/wyres-base/pm_layered/pm.o
 .debug_info    0x000000000000d3c9      0xc07 /home/ntouda/RIOT/examples/hello-world/bin/wyres-base/stdio_uart/stdio_uart.o
 .debug_info    0x000000000000dfd0      0xaf0 /home/ntouda/RIOT/examples/hello-world/bin/wyres-base/stm32_clk/stmclk_common.o
 .debug_info    0x000000000000eac0      0xcca /home/ntouda/RIOT/examples/hello-world/bin/wyres-base/stm32_clk/stmclk_l0l1.o
 .debug_info    0x000000000000f78a      0x258 /home/ntouda/RIOT/examples/hello-world/bin/wyres-base/stm32_vectors/STM32L151xC.o
 .debug_info    0x000000000000f9e2      0x863 /usr/lib/gcc/arm-none-eabi/10.3.1/../../../arm-none-eabi/lib/thumb/v7-m/nofp/libc_nano.a(lib_a-impure.o)
 .debug_info    0x0000000000010245      0x11a /usr/lib/gcc/arm-none-eabi/10.3.1/../../../arm-none-eabi/lib/thumb/v7-m/nofp/libc_nano.a(lib_a-init.o)
 .debug_info    0x000000000001035f       0x26 /usr/lib/gcc/arm-none-eabi/10.3.1/../../../arm-none-eabi/lib/thumb/v7-m/nofp/libc_nano.a(lib_a-memcpy.o)
 .debug_info    0x0000000000010385      0x137 /usr/lib/gcc/arm-none-eabi/10.3.1/../../../arm-none-eabi/lib/thumb/v7-m/nofp/libc_nano.a(lib_a-memset.o)
 .debug_info    0x00000000000104bc      0x940 /usr/lib/gcc/arm-none-eabi/10.3.1/../../../arm-none-eabi/lib/thumb/v7-m/nofp/libc_nano.a(lib_a-nano-freer.o)
 .debug_info    0x0000000000010dfc      0xa0c /usr/lib/gcc/arm-none-eabi/10.3.1/../../../arm-none-eabi/lib/thumb/v7-m/nofp/libc_nano.a(lib_a-nano-mallocr.o)
 .debug_info    0x0000000000011808      0x8fd /usr/lib/gcc/arm-none-eabi/10.3.1/../../../arm-none-eabi/lib/thumb/v7-m/nofp/libc_nano.a(lib_a-printf.o)
 .debug_info    0x0000000000012105      0xa4e /usr/lib/gcc/arm-none-eabi/10.3.1/../../../arm-none-eabi/lib/thumb/v7-m/nofp/libc_nano.a(lib_a-puts.o)
 .debug_info    0x0000000000012b53      0x998 /usr/lib/gcc/arm-none-eabi/10.3.1/../../../arm-none-eabi/lib/thumb/v7-m/nofp/libc_nano.a(lib_a-wbuf.o)
 .debug_info    0x00000000000134eb      0x902 /usr/lib/gcc/arm-none-eabi/10.3.1/../../../arm-none-eabi/lib/thumb/v7-m/nofp/libc_nano.a(lib_a-wsetup.o)
 .debug_info    0x0000000000013ded      0xb0a /usr/lib/gcc/arm-none-eabi/10.3.1/../../../arm-none-eabi/lib/thumb/v7-m/nofp/libc_nano.a(lib_a-fflush.o)
 .debug_info    0x00000000000148f7      0xfae /usr/lib/gcc/arm-none-eabi/10.3.1/../../../arm-none-eabi/lib/thumb/v7-m/nofp/libc_nano.a(lib_a-findfp.o)
 .debug_info    0x00000000000158a5      0x900 /usr/lib/gcc/arm-none-eabi/10.3.1/../../../arm-none-eabi/lib/thumb/v7-m/nofp/libc_nano.a(lib_a-fwalk.o)
 .debug_info    0x00000000000161a5      0xc8a /usr/lib/gcc/arm-none-eabi/10.3.1/../../../arm-none-eabi/lib/thumb/v7-m/nofp/libc_nano.a(lib_a-makebuf.o)
 .debug_info    0x0000000000016e2f      0x7dc /usr/lib/gcc/arm-none-eabi/10.3.1/../../../arm-none-eabi/lib/thumb/v7-m/nofp/libc_nano.a(lib_a-mlock.o)
 .debug_info    0x000000000001760b      0x911 /usr/lib/gcc/arm-none-eabi/10.3.1/../../../arm-none-eabi/lib/thumb/v7-m/nofp/libc_nano.a(lib_a-nano-reallocr.o)
 .debug_info    0x0000000000017f1c     0x115f /usr/lib/gcc/arm-none-eabi/10.3.1/../../../arm-none-eabi/lib/thumb/v7-m/nofp/libc_nano.a(lib_a-nano-vfprintf.o)
 .debug_info    0x000000000001907b      0xe9e /usr/lib/gcc/arm-none-eabi/10.3.1/../../../arm-none-eabi/lib/thumb/v7-m/nofp/libc_nano.a(lib_a-nano-vfprintf_i.o)
 .debug_info    0x0000000000019f19      0xabc /usr/lib/gcc/arm-none-eabi/10.3.1/../../../arm-none-eabi/lib/thumb/v7-m/nofp/libc_nano.a(lib_a-stdio.o)
 .debug_info    0x000000000001a9d5      0xb54 /usr/lib/gcc/arm-none-eabi/10.3.1/../../../arm-none-eabi/lib/thumb/v7-m/nofp/libc_nano.a(lib_a-fvwrite.o)
 .debug_info    0x000000000001b529      0x14e /usr/lib/gcc/arm-none-eabi/10.3.1/../../../arm-none-eabi/lib/thumb/v7-m/nofp/libc_nano.a(lib_a-memchr-stub.o)
 .debug_info    0x000000000001b677      0x152 /usr/lib/gcc/arm-none-eabi/10.3.1/../../../arm-none-eabi/lib/thumb/v7-m/nofp/libc_nano.a(lib_a-memmove.o)
 .debug_info    0x000000000001b7c9      0x840 /usr/lib/gcc/arm-none-eabi/10.3.1/../../../arm-none-eabi/lib/thumb/v7-m/nofp/libc_nano.a(lib_a-nano-msizer.o)

.debug_abbrev   0x0000000000000000     0x6fd0
 .debug_abbrev  0x0000000000000000       0x82 /home/ntouda/RIOT/examples/hello-world/bin/wyres-base/application_hello-world/main.o
 .debug_abbrev  0x0000000000000082      0x11a /home/ntouda/RIOT/examples/hello-world/bin/wyres-base/auto_init/auto_init.o
 .debug_abbrev  0x000000000000019c      0x210 /home/ntouda/RIOT/examples/hello-world/bin/wyres-base/board/board.o
 .debug_abbrev  0x00000000000003ac      0x1b2 /home/ntouda/RIOT/examples/hello-world/bin/wyres-base/core_lib/assert.o
 .debug_abbrev  0x000000000000055e      0x257 /home/ntouda/RIOT/examples/hello-world/bin/wyres-base/core_lib/init.o
 .debug_abbrev  0x00000000000007b5      0x205 /home/ntouda/RIOT/examples/hello-world/bin/wyres-base/core_lib/panic.o
 .debug_abbrev  0x00000000000009ba      0x495 /home/ntouda/RIOT/examples/hello-world/bin/wyres-base/core/sched.o
 .debug_abbrev  0x0000000000000e4f      0x4e1 /home/ntouda/RIOT/examples/hello-world/bin/wyres-base/core/thread.o
 .debug_abbrev  0x0000000000001330      0x2c9 /home/ntouda/RIOT/examples/hello-world/bin/wyres-base/cortexm_common/cortexm_init.o
 .debug_abbrev  0x00000000000015f9      0x189 /home/ntouda/RIOT/examples/hello-world/bin/wyres-base/cortexm_common/mpu.o
 .debug_abbrev  0x0000000000001782      0x190 /home/ntouda/RIOT/examples/hello-world/bin/wyres-base/cortexm_common/panic.o
 .debug_abbrev  0x0000000000001912      0x451 /home/ntouda/RIOT/examples/hello-world/bin/wyres-base/cortexm_common/thread_arch.o
 .debug_abbrev  0x0000000000001d63      0x41b /home/ntouda/RIOT/examples/hello-world/bin/wyres-base/cortexm_common/vectors_cortexm.o
 .debug_abbrev  0x000000000000217e      0x289 /home/ntouda/RIOT/examples/hello-world/bin/wyres-base/cpu/cpu_common.o
 .debug_abbrev  0x0000000000002407      0x2cd /home/ntouda/RIOT/examples/hello-world/bin/wyres-base/cpu/cpu_init.o
 .debug_abbrev  0x00000000000026d4      0x463 /home/ntouda/RIOT/examples/hello-world/bin/wyres-base/newlib_syscalls_default/syscalls.o
 .debug_abbrev  0x0000000000002b37      0x1d4 /home/ntouda/RIOT/examples/hello-world/bin/wyres-base/periph_common/init_leds.o
 .debug_abbrev  0x0000000000002d0b      0x1ee /home/ntouda/RIOT/examples/hello-world/bin/wyres-base/periph_common/init.o
 .debug_abbrev  0x0000000000002ef9      0x341 /home/ntouda/RIOT/examples/hello-world/bin/wyres-base/periph/gpio_all.o
 .debug_abbrev  0x000000000000323a      0x297 /home/ntouda/RIOT/examples/hello-world/bin/wyres-base/periph/pm.o
 .debug_abbrev  0x00000000000034d1      0x487 /home/ntouda/RIOT/examples/hello-world/bin/wyres-base/periph/uart.o
 .debug_abbrev  0x0000000000003958      0x278 /home/ntouda/RIOT/examples/hello-world/bin/wyres-base/pm_layered/pm.o
 .debug_abbrev  0x0000000000003bd0      0x2f5 /home/ntouda/RIOT/examples/hello-world/bin/wyres-base/stdio_uart/stdio_uart.o
 .debug_abbrev  0x0000000000003ec5      0x225 /home/ntouda/RIOT/examples/hello-world/bin/wyres-base/stm32_clk/stmclk_common.o
 .debug_abbrev  0x00000000000040ea      0x2b6 /home/ntouda/RIOT/examples/hello-world/bin/wyres-base/stm32_clk/stmclk_l0l1.o
 .debug_abbrev  0x00000000000043a0       0xda /home/ntouda/RIOT/examples/hello-world/bin/wyres-base/stm32_vectors/STM32L151xC.o
 .debug_abbrev  0x000000000000447a      0x151 /usr/lib/gcc/arm-none-eabi/10.3.1/../../../arm-none-eabi/lib/thumb/v7-m/nofp/libc_nano.a(lib_a-impure.o)
 .debug_abbrev  0x00000000000045cb       0xcc /usr/lib/gcc/arm-none-eabi/10.3.1/../../../arm-none-eabi/lib/thumb/v7-m/nofp/libc_nano.a(lib_a-init.o)
 .debug_abbrev  0x0000000000004697       0x14 /usr/lib/gcc/arm-none-eabi/10.3.1/../../../arm-none-eabi/lib/thumb/v7-m/nofp/libc_nano.a(lib_a-memcpy.o)
 .debug_abbrev  0x00000000000046ab       0xb4 /usr/lib/gcc/arm-none-eabi/10.3.1/../../../arm-none-eabi/lib/thumb/v7-m/nofp/libc_nano.a(lib_a-memset.o)
 .debug_abbrev  0x000000000000475f      0x245 /usr/lib/gcc/arm-none-eabi/10.3.1/../../../arm-none-eabi/lib/thumb/v7-m/nofp/libc_nano.a(lib_a-nano-freer.o)
 .debug_abbrev  0x00000000000049a4      0x290 /usr/lib/gcc/arm-none-eabi/10.3.1/../../../arm-none-eabi/lib/thumb/v7-m/nofp/libc_nano.a(lib_a-nano-mallocr.o)
 .debug_abbrev  0x0000000000004c34      0x23e /usr/lib/gcc/arm-none-eabi/10.3.1/../../../arm-none-eabi/lib/thumb/v7-m/nofp/libc_nano.a(lib_a-printf.o)
 .debug_abbrev  0x0000000000004e72      0x28e /usr/lib/gcc/arm-none-eabi/10.3.1/../../../arm-none-eabi/lib/thumb/v7-m/nofp/libc_nano.a(lib_a-puts.o)
 .debug_abbrev  0x0000000000005100      0x21f /usr/lib/gcc/arm-none-eabi/10.3.1/../../../arm-none-eabi/lib/thumb/v7-m/nofp/libc_nano.a(lib_a-wbuf.o)
 .debug_abbrev  0x000000000000531f      0x1d4 /usr/lib/gcc/arm-none-eabi/10.3.1/../../../arm-none-eabi/lib/thumb/v7-m/nofp/libc_nano.a(lib_a-wsetup.o)
 .debug_abbrev  0x00000000000054f3      0x2da /usr/lib/gcc/arm-none-eabi/10.3.1/../../../arm-none-eabi/lib/thumb/v7-m/nofp/libc_nano.a(lib_a-fflush.o)
 .debug_abbrev  0x00000000000057cd      0x3cd /usr/lib/gcc/arm-none-eabi/10.3.1/../../../arm-none-eabi/lib/thumb/v7-m/nofp/libc_nano.a(lib_a-findfp.o)
 .debug_abbrev  0x0000000000005b9a      0x197 /usr/lib/gcc/arm-none-eabi/10.3.1/../../../arm-none-eabi/lib/thumb/v7-m/nofp/libc_nano.a(lib_a-fwalk.o)
 .debug_abbrev  0x0000000000005d31      0x278 /usr/lib/gcc/arm-none-eabi/10.3.1/../../../arm-none-eabi/lib/thumb/v7-m/nofp/libc_nano.a(lib_a-makebuf.o)
 .debug_abbrev  0x0000000000005fa9      0x189 /usr/lib/gcc/arm-none-eabi/10.3.1/../../../arm-none-eabi/lib/thumb/v7-m/nofp/libc_nano.a(lib_a-mlock.o)
 .debug_abbrev  0x0000000000006132      0x1d6 /usr/lib/gcc/arm-none-eabi/10.3.1/../../../arm-none-eabi/lib/thumb/v7-m/nofp/libc_nano.a(lib_a-nano-reallocr.o)
 .debug_abbrev  0x0000000000006308      0x358 /usr/lib/gcc/arm-none-eabi/10.3.1/../../../arm-none-eabi/lib/thumb/v7-m/nofp/libc_nano.a(lib_a-nano-vfprintf.o)
 .debug_abbrev  0x0000000000006660      0x25c /usr/lib/gcc/arm-none-eabi/10.3.1/../../../arm-none-eabi/lib/thumb/v7-m/nofp/libc_nano.a(lib_a-nano-vfprintf_i.o)
 .debug_abbrev  0x00000000000068bc      0x1fb /usr/lib/gcc/arm-none-eabi/10.3.1/../../../arm-none-eabi/lib/thumb/v7-m/nofp/libc_nano.a(lib_a-stdio.o)
 .debug_abbrev  0x0000000000006ab7      0x1f4 /usr/lib/gcc/arm-none-eabi/10.3.1/../../../arm-none-eabi/lib/thumb/v7-m/nofp/libc_nano.a(lib_a-fvwrite.o)
 .debug_abbrev  0x0000000000006cab       0xd4 /usr/lib/gcc/arm-none-eabi/10.3.1/../../../arm-none-eabi/lib/thumb/v7-m/nofp/libc_nano.a(lib_a-memchr-stub.o)
 .debug_abbrev  0x0000000000006d7f       0xc0 /usr/lib/gcc/arm-none-eabi/10.3.1/../../../arm-none-eabi/lib/thumb/v7-m/nofp/libc_nano.a(lib_a-memmove.o)
 .debug_abbrev  0x0000000000006e3f      0x191 /usr/lib/gcc/arm-none-eabi/10.3.1/../../../arm-none-eabi/lib/thumb/v7-m/nofp/libc_nano.a(lib_a-nano-msizer.o)

.debug_aranges  0x0000000000000000      0x9c0
 .debug_aranges
                0x0000000000000000       0x20 /home/ntouda/RIOT/examples/hello-world/bin/wyres-base/application_hello-world/main.o
 .debug_aranges
                0x0000000000000020       0x20 /home/ntouda/RIOT/examples/hello-world/bin/wyres-base/auto_init/auto_init.o
 .debug_aranges
                0x0000000000000040       0x28 /home/ntouda/RIOT/examples/hello-world/bin/wyres-base/board/board.o
 .debug_aranges
                0x0000000000000068       0x30 /home/ntouda/RIOT/examples/hello-world/bin/wyres-base/core_lib/assert.o
 .debug_aranges
                0x0000000000000098       0x38 /home/ntouda/RIOT/examples/hello-world/bin/wyres-base/core_lib/init.o
 .debug_aranges
                0x00000000000000d0       0x38 /home/ntouda/RIOT/examples/hello-world/bin/wyres-base/core_lib/panic.o
 .debug_aranges
                0x0000000000000108       0x50 /home/ntouda/RIOT/examples/hello-world/bin/wyres-base/core/sched.o
 .debug_aranges
                0x0000000000000158       0x78 /home/ntouda/RIOT/examples/hello-world/bin/wyres-base/core/thread.o
 .debug_aranges
                0x00000000000001d0       0x30 /home/ntouda/RIOT/examples/hello-world/bin/wyres-base/cortexm_common/cortexm_init.o
 .debug_aranges
                0x0000000000000200       0x40 /home/ntouda/RIOT/examples/hello-world/bin/wyres-base/cortexm_common/mpu.o
 .debug_aranges
                0x0000000000000240       0x28 /home/ntouda/RIOT/examples/hello-world/bin/wyres-base/cortexm_common/panic.o
 .debug_aranges
                0x0000000000000268       0x68 /home/ntouda/RIOT/examples/hello-world/bin/wyres-base/cortexm_common/thread_arch.o
 .debug_aranges
                0x00000000000002d0       0x70 /home/ntouda/RIOT/examples/hello-world/bin/wyres-base/cortexm_common/vectors_cortexm.o
 .debug_aranges
                0x0000000000000340       0x40 /home/ntouda/RIOT/examples/hello-world/bin/wyres-base/cpu/cpu_common.o
 .debug_aranges
                0x0000000000000380       0x40 /home/ntouda/RIOT/examples/hello-world/bin/wyres-base/cpu/cpu_init.o
 .debug_aranges
                0x00000000000003c0       0xc0 /home/ntouda/RIOT/examples/hello-world/bin/wyres-base/newlib_syscalls_default/syscalls.o
 .debug_aranges
                0x0000000000000480       0x28 /home/ntouda/RIOT/examples/hello-world/bin/wyres-base/periph_common/init_leds.o
 .debug_aranges
                0x00000000000004a8       0x28 /home/ntouda/RIOT/examples/hello-world/bin/wyres-base/periph_common/init.o
 .debug_aranges
                0x00000000000004d0       0x70 /home/ntouda/RIOT/examples/hello-world/bin/wyres-base/periph/gpio_all.o
 .debug_aranges
                0x0000000000000540       0x38 /home/ntouda/RIOT/examples/hello-world/bin/wyres-base/periph/pm.o
 .debug_aranges
                0x0000000000000578       0x50 /home/ntouda/RIOT/examples/hello-world/bin/wyres-base/periph/uart.o
 .debug_aranges
                0x00000000000005c8       0x48 /home/ntouda/RIOT/examples/hello-world/bin/wyres-base/pm_layered/pm.o
 .debug_aranges
                0x0000000000000610       0x38 /home/ntouda/RIOT/examples/hello-world/bin/wyres-base/stdio_uart/stdio_uart.o
 .debug_aranges
                0x0000000000000648       0x58 /home/ntouda/RIOT/examples/hello-world/bin/wyres-base/stm32_clk/stmclk_common.o
 .debug_aranges
                0x00000000000006a0       0x28 /home/ntouda/RIOT/examples/hello-world/bin/wyres-base/stm32_clk/stmclk_l0l1.o
 .debug_aranges
                0x00000000000006c8       0x20 /home/ntouda/RIOT/examples/hello-world/bin/wyres-base/stm32_vectors/STM32L151xC.o
 .debug_aranges
                0x00000000000006e8       0x18 /usr/lib/gcc/arm-none-eabi/10.3.1/../../../arm-none-eabi/lib/thumb/v7-m/nofp/libc_nano.a(lib_a-impure.o)
 .debug_aranges
                0x0000000000000700       0x20 /usr/lib/gcc/arm-none-eabi/10.3.1/../../../arm-none-eabi/lib/thumb/v7-m/nofp/libc_nano.a(lib_a-init.o)
 .debug_aranges
                0x0000000000000720       0x20 /usr/lib/gcc/arm-none-eabi/10.3.1/../../../arm-none-eabi/lib/thumb/v7-m/nofp/libc_nano.a(lib_a-memcpy.o)
 .debug_aranges
                0x0000000000000740       0x20 /usr/lib/gcc/arm-none-eabi/10.3.1/../../../arm-none-eabi/lib/thumb/v7-m/nofp/libc_nano.a(lib_a-memset.o)
 .debug_aranges
                0x0000000000000760       0x20 /usr/lib/gcc/arm-none-eabi/10.3.1/../../../arm-none-eabi/lib/thumb/v7-m/nofp/libc_nano.a(lib_a-nano-freer.o)
 .debug_aranges
                0x0000000000000780       0x20 /usr/lib/gcc/arm-none-eabi/10.3.1/../../../arm-none-eabi/lib/thumb/v7-m/nofp/libc_nano.a(lib_a-nano-mallocr.o)
 .debug_aranges
                0x00000000000007a0       0x20 /usr/lib/gcc/arm-none-eabi/10.3.1/../../../arm-none-eabi/lib/thumb/v7-m/nofp/libc_nano.a(lib_a-printf.o)
 .debug_aranges
                0x00000000000007c0       0x20 /usr/lib/gcc/arm-none-eabi/10.3.1/../../../arm-none-eabi/lib/thumb/v7-m/nofp/libc_nano.a(lib_a-puts.o)
 .debug_aranges
                0x00000000000007e0       0x20 /usr/lib/gcc/arm-none-eabi/10.3.1/../../../arm-none-eabi/lib/thumb/v7-m/nofp/libc_nano.a(lib_a-wbuf.o)
 .debug_aranges
                0x0000000000000800       0x20 /usr/lib/gcc/arm-none-eabi/10.3.1/../../../arm-none-eabi/lib/thumb/v7-m/nofp/libc_nano.a(lib_a-wsetup.o)
 .debug_aranges
                0x0000000000000820       0x20 /usr/lib/gcc/arm-none-eabi/10.3.1/../../../arm-none-eabi/lib/thumb/v7-m/nofp/libc_nano.a(lib_a-fflush.o)
 .debug_aranges
                0x0000000000000840       0x20 /usr/lib/gcc/arm-none-eabi/10.3.1/../../../arm-none-eabi/lib/thumb/v7-m/nofp/libc_nano.a(lib_a-findfp.o)
 .debug_aranges
                0x0000000000000860       0x20 /usr/lib/gcc/arm-none-eabi/10.3.1/../../../arm-none-eabi/lib/thumb/v7-m/nofp/libc_nano.a(lib_a-fwalk.o)
 .debug_aranges
                0x0000000000000880       0x20 /usr/lib/gcc/arm-none-eabi/10.3.1/../../../arm-none-eabi/lib/thumb/v7-m/nofp/libc_nano.a(lib_a-makebuf.o)
 .debug_aranges
                0x00000000000008a0       0x20 /usr/lib/gcc/arm-none-eabi/10.3.1/../../../arm-none-eabi/lib/thumb/v7-m/nofp/libc_nano.a(lib_a-mlock.o)
 .debug_aranges
                0x00000000000008c0       0x20 /usr/lib/gcc/arm-none-eabi/10.3.1/../../../arm-none-eabi/lib/thumb/v7-m/nofp/libc_nano.a(lib_a-nano-reallocr.o)
 .debug_aranges
                0x00000000000008e0       0x20 /usr/lib/gcc/arm-none-eabi/10.3.1/../../../arm-none-eabi/lib/thumb/v7-m/nofp/libc_nano.a(lib_a-nano-vfprintf.o)
 .debug_aranges
                0x0000000000000900       0x20 /usr/lib/gcc/arm-none-eabi/10.3.1/../../../arm-none-eabi/lib/thumb/v7-m/nofp/libc_nano.a(lib_a-nano-vfprintf_i.o)
 .debug_aranges
                0x0000000000000920       0x20 /usr/lib/gcc/arm-none-eabi/10.3.1/../../../arm-none-eabi/lib/thumb/v7-m/nofp/libc_nano.a(lib_a-stdio.o)
 .debug_aranges
                0x0000000000000940       0x20 /usr/lib/gcc/arm-none-eabi/10.3.1/../../../arm-none-eabi/lib/thumb/v7-m/nofp/libc_nano.a(lib_a-fvwrite.o)
 .debug_aranges
                0x0000000000000960       0x20 /usr/lib/gcc/arm-none-eabi/10.3.1/../../../arm-none-eabi/lib/thumb/v7-m/nofp/libc_nano.a(lib_a-memchr-stub.o)
 .debug_aranges
                0x0000000000000980       0x20 /usr/lib/gcc/arm-none-eabi/10.3.1/../../../arm-none-eabi/lib/thumb/v7-m/nofp/libc_nano.a(lib_a-memmove.o)
 .debug_aranges
                0x00000000000009a0       0x20 /usr/lib/gcc/arm-none-eabi/10.3.1/../../../arm-none-eabi/lib/thumb/v7-m/nofp/libc_nano.a(lib_a-nano-msizer.o)

.debug_ranges   0x0000000000000000     0x1420
 .debug_ranges  0x0000000000000000       0x10 /home/ntouda/RIOT/examples/hello-world/bin/wyres-base/application_hello-world/main.o
 .debug_ranges  0x0000000000000010       0x30 /home/ntouda/RIOT/examples/hello-world/bin/wyres-base/auto_init/auto_init.o
 .debug_ranges  0x0000000000000040       0x18 /home/ntouda/RIOT/examples/hello-world/bin/wyres-base/board/board.o
 .debug_ranges  0x0000000000000058       0x38 /home/ntouda/RIOT/examples/hello-world/bin/wyres-base/core_lib/assert.o
 .debug_ranges  0x0000000000000090       0x70 /home/ntouda/RIOT/examples/hello-world/bin/wyres-base/core_lib/init.o
 .debug_ranges  0x0000000000000100       0x28 /home/ntouda/RIOT/examples/hello-world/bin/wyres-base/core_lib/panic.o
 .debug_ranges  0x0000000000000128      0x1c0 /home/ntouda/RIOT/examples/hello-world/bin/wyres-base/core/sched.o
 .debug_ranges  0x00000000000002e8      0x268 /home/ntouda/RIOT/examples/hello-world/bin/wyres-base/core/thread.o
 .debug_ranges  0x0000000000000550       0xb8 /home/ntouda/RIOT/examples/hello-world/bin/wyres-base/cortexm_common/cortexm_init.o
 .debug_ranges  0x0000000000000608       0x30 /home/ntouda/RIOT/examples/hello-world/bin/wyres-base/cortexm_common/mpu.o
 .debug_ranges  0x0000000000000638       0x48 /home/ntouda/RIOT/examples/hello-world/bin/wyres-base/cortexm_common/panic.o
 .debug_ranges  0x0000000000000680       0x90 /home/ntouda/RIOT/examples/hello-world/bin/wyres-base/cortexm_common/thread_arch.o
 .debug_ranges  0x0000000000000710       0x78 /home/ntouda/RIOT/examples/hello-world/bin/wyres-base/cortexm_common/vectors_cortexm.o
 .debug_ranges  0x0000000000000788       0x30 /home/ntouda/RIOT/examples/hello-world/bin/wyres-base/cpu/cpu_common.o
 .debug_ranges  0x00000000000007b8       0xc8 /home/ntouda/RIOT/examples/hello-world/bin/wyres-base/cpu/cpu_init.o
 .debug_ranges  0x0000000000000880      0x128 /home/ntouda/RIOT/examples/hello-world/bin/wyres-base/newlib_syscalls_default/syscalls.o
 .debug_ranges  0x00000000000009a8       0x18 /home/ntouda/RIOT/examples/hello-world/bin/wyres-base/periph_common/init_leds.o
 .debug_ranges  0x00000000000009c0       0x18 /home/ntouda/RIOT/examples/hello-world/bin/wyres-base/periph_common/init.o
 .debug_ranges  0x00000000000009d8      0x190 /home/ntouda/RIOT/examples/hello-world/bin/wyres-base/periph/gpio_all.o
 .debug_ranges  0x0000000000000b68       0x70 /home/ntouda/RIOT/examples/hello-world/bin/wyres-base/periph/pm.o
 .debug_ranges  0x0000000000000bd8      0x118 /home/ntouda/RIOT/examples/hello-world/bin/wyres-base/periph/uart.o
 .debug_ranges  0x0000000000000cf0      0x188 /home/ntouda/RIOT/examples/hello-world/bin/wyres-base/pm_layered/pm.o
 .debug_ranges  0x0000000000000e78       0x28 /home/ntouda/RIOT/examples/hello-world/bin/wyres-base/stdio_uart/stdio_uart.o
 .debug_ranges  0x0000000000000ea0       0x48 /home/ntouda/RIOT/examples/hello-world/bin/wyres-base/stm32_clk/stmclk_common.o
 .debug_ranges  0x0000000000000ee8       0x60 /home/ntouda/RIOT/examples/hello-world/bin/wyres-base/stm32_clk/stmclk_l0l1.o
 .debug_ranges  0x0000000000000f48       0x10 /home/ntouda/RIOT/examples/hello-world/bin/wyres-base/stm32_vectors/STM32L151xC.o
 .debug_ranges  0x0000000000000f58       0x18 /usr/lib/gcc/arm-none-eabi/10.3.1/../../../arm-none-eabi/lib/thumb/v7-m/nofp/libc_nano.a(lib_a-nano-freer.o)
 .debug_ranges  0x0000000000000f70       0x38 /usr/lib/gcc/arm-none-eabi/10.3.1/../../../arm-none-eabi/lib/thumb/v7-m/nofp/libc_nano.a(lib_a-nano-mallocr.o)
 .debug_ranges  0x0000000000000fa8       0x60 /usr/lib/gcc/arm-none-eabi/10.3.1/../../../arm-none-eabi/lib/thumb/v7-m/nofp/libc_nano.a(lib_a-puts.o)
 .debug_ranges  0x0000000000001008       0x28 /usr/lib/gcc/arm-none-eabi/10.3.1/../../../arm-none-eabi/lib/thumb/v7-m/nofp/libc_nano.a(lib_a-wbuf.o)
 .debug_ranges  0x0000000000001030       0x30 /usr/lib/gcc/arm-none-eabi/10.3.1/../../../arm-none-eabi/lib/thumb/v7-m/nofp/libc_nano.a(lib_a-wsetup.o)
 .debug_ranges  0x0000000000001060       0xb8 /usr/lib/gcc/arm-none-eabi/10.3.1/../../../arm-none-eabi/lib/thumb/v7-m/nofp/libc_nano.a(lib_a-fflush.o)
 .debug_ranges  0x0000000000001118      0x140 /usr/lib/gcc/arm-none-eabi/10.3.1/../../../arm-none-eabi/lib/thumb/v7-m/nofp/libc_nano.a(lib_a-findfp.o)
 .debug_ranges  0x0000000000001258       0xa8 /usr/lib/gcc/arm-none-eabi/10.3.1/../../../arm-none-eabi/lib/thumb/v7-m/nofp/libc_nano.a(lib_a-makebuf.o)
 .debug_ranges  0x0000000000001300       0x48 /usr/lib/gcc/arm-none-eabi/10.3.1/../../../arm-none-eabi/lib/thumb/v7-m/nofp/libc_nano.a(lib_a-nano-vfprintf.o)
 .debug_ranges  0x0000000000001348       0xa8 /usr/lib/gcc/arm-none-eabi/10.3.1/../../../arm-none-eabi/lib/thumb/v7-m/nofp/libc_nano.a(lib_a-nano-vfprintf_i.o)
 .debug_ranges  0x00000000000013f0       0x30 /usr/lib/gcc/arm-none-eabi/10.3.1/../../../arm-none-eabi/lib/thumb/v7-m/nofp/libc_nano.a(lib_a-fvwrite.o)

.debug_macro    0x0000000000000000    0x3826f
 .debug_macro   0x0000000000000000      0x150 /home/ntouda/RIOT/examples/hello-world/bin/wyres-base/application_hello-world/main.o
 .debug_macro   0x0000000000000150      0xaea /home/ntouda/RIOT/examples/hello-world/bin/wyres-base/application_hello-world/main.o
 .debug_macro   0x0000000000000c3a      0x19c /home/ntouda/RIOT/examples/hello-world/bin/wyres-base/application_hello-world/main.o
 .debug_macro   0x0000000000000dd6       0x22 /home/ntouda/RIOT/examples/hello-world/bin/wyres-base/application_hello-world/main.o
 .debug_macro   0x0000000000000df8       0x46 /home/ntouda/RIOT/examples/hello-world/bin/wyres-base/application_hello-world/main.o
 .debug_macro   0x0000000000000e3e       0x18 /home/ntouda/RIOT/examples/hello-world/bin/wyres-base/application_hello-world/main.o
 .debug_macro   0x0000000000000e56       0x5c /home/ntouda/RIOT/examples/hello-world/bin/wyres-base/application_hello-world/main.o
 .debug_macro   0x0000000000000eb2       0x3c /home/ntouda/RIOT/examples/hello-world/bin/wyres-base/application_hello-world/main.o
 .debug_macro   0x0000000000000eee       0x34 /home/ntouda/RIOT/examples/hello-world/bin/wyres-base/application_hello-world/main.o
 .debug_macro   0x0000000000000f22       0x16 /home/ntouda/RIOT/examples/hello-world/bin/wyres-base/application_hello-world/main.o
 .debug_macro   0x0000000000000f38       0x57 /home/ntouda/RIOT/examples/hello-world/bin/wyres-base/application_hello-world/main.o
 .debug_macro   0x0000000000000f8f       0x97 /home/ntouda/RIOT/examples/hello-world/bin/wyres-base/application_hello-world/main.o
 .debug_macro   0x0000000000001026      0x333 /home/ntouda/RIOT/examples/hello-world/bin/wyres-base/application_hello-world/main.o
 .debug_macro   0x0000000000001359       0xfd /home/ntouda/RIOT/examples/hello-world/bin/wyres-base/application_hello-world/main.o
 .debug_macro   0x0000000000001456       0x10 /home/ntouda/RIOT/examples/hello-world/bin/wyres-base/application_hello-world/main.o
 .debug_macro   0x0000000000001466       0x16 /home/ntouda/RIOT/examples/hello-world/bin/wyres-base/application_hello-world/main.o
 .debug_macro   0x000000000000147c       0x43 /home/ntouda/RIOT/examples/hello-world/bin/wyres-base/application_hello-world/main.o
 .debug_macro   0x00000000000014bf       0x34 /home/ntouda/RIOT/examples/hello-world/bin/wyres-base/application_hello-world/main.o
 .debug_macro   0x00000000000014f3       0x10 /home/ntouda/RIOT/examples/hello-world/bin/wyres-base/application_hello-world/main.o
 .debug_macro   0x0000000000001503       0x52 /home/ntouda/RIOT/examples/hello-world/bin/wyres-base/application_hello-world/main.o
 .debug_macro   0x0000000000001555       0x71 /home/ntouda/RIOT/examples/hello-world/bin/wyres-base/application_hello-world/main.o
 .debug_macro   0x00000000000015c6      0x34e /home/ntouda/RIOT/examples/hello-world/bin/wyres-base/application_hello-world/main.o
 .debug_macro   0x0000000000001914       0x1e /home/ntouda/RIOT/examples/hello-world/bin/wyres-base/application_hello-world/main.o
 .debug_macro   0x0000000000001932      0x12a /home/ntouda/RIOT/examples/hello-world/bin/wyres-base/application_hello-world/main.o
 .debug_macro   0x0000000000001a5c       0x10 /home/ntouda/RIOT/examples/hello-world/bin/wyres-base/application_hello-world/main.o
 .debug_macro   0x0000000000001a6c       0x6a /home/ntouda/RIOT/examples/hello-world/bin/wyres-base/application_hello-world/main.o
 .debug_macro   0x0000000000001ad6       0xb2 /home/ntouda/RIOT/examples/hello-world/bin/wyres-base/application_hello-world/main.o
 .debug_macro   0x0000000000001b88       0x16 /home/ntouda/RIOT/examples/hello-world/bin/wyres-base/application_hello-world/main.o
 .debug_macro   0x0000000000001b9e      0x114 /home/ntouda/RIOT/examples/hello-world/bin/wyres-base/application_hello-world/main.o
 .debug_macro   0x0000000000001cb2      0x33d /home/ntouda/RIOT/examples/hello-world/bin/wyres-base/auto_init/auto_init.o
 .debug_macro   0x0000000000001fef      0xaea /home/ntouda/RIOT/examples/hello-world/bin/wyres-base/auto_init/auto_init.o
 .debug_macro   0x0000000000002ad9       0x24 /home/ntouda/RIOT/examples/hello-world/bin/wyres-base/auto_init/auto_init.o
 .debug_macro   0x0000000000002afd      0x103 /home/ntouda/RIOT/examples/hello-world/bin/wyres-base/auto_init/auto_init.o
 .debug_macro   0x0000000000002c00       0x35 /home/ntouda/RIOT/examples/hello-world/bin/wyres-base/auto_init/auto_init.o
 .debug_macro   0x0000000000002c35      0x3c6 /home/ntouda/RIOT/examples/hello-world/bin/wyres-base/auto_init/auto_init.o
 .debug_macro   0x0000000000002ffb       0x2e /home/ntouda/RIOT/examples/hello-world/bin/wyres-base/auto_init/auto_init.o
 .debug_macro   0x0000000000003029       0x10 /home/ntouda/RIOT/examples/hello-world/bin/wyres-base/auto_init/auto_init.o
 .debug_macro   0x0000000000003039       0x50 /home/ntouda/RIOT/examples/hello-world/bin/wyres-base/auto_init/auto_init.o
 .debug_macro   0x0000000000003089       0x16 /home/ntouda/RIOT/examples/hello-world/bin/wyres-base/auto_init/auto_init.o
 .debug_macro   0x000000000000309f       0x22 /home/ntouda/RIOT/examples/hello-world/bin/wyres-base/auto_init/auto_init.o
 .debug_macro   0x00000000000030c1       0x3e /home/ntouda/RIOT/examples/hello-world/bin/wyres-base/auto_init/auto_init.o
 .debug_macro   0x00000000000030ff       0x4b /home/ntouda/RIOT/examples/hello-world/bin/wyres-base/auto_init/auto_init.o
 .debug_macro   0x000000000000314a       0x10 /home/ntouda/RIOT/examples/hello-world/bin/wyres-base/auto_init/auto_init.o
 .debug_macro   0x000000000000315a    0x11111 /home/ntouda/RIOT/examples/hello-world/bin/wyres-base/auto_init/auto_init.o
 .debug_macro   0x000000000001426b       0x16 /home/ntouda/RIOT/examples/hello-world/bin/wyres-base/auto_init/auto_init.o
 .debug_macro   0x0000000000014281      0x1ab /home/ntouda/RIOT/examples/hello-world/bin/wyres-base/auto_init/auto_init.o
 .debug_macro   0x000000000001442c       0x49 /home/ntouda/RIOT/examples/hello-world/bin/wyres-base/auto_init/auto_init.o
 .debug_macro   0x0000000000014475       0x2e /home/ntouda/RIOT/examples/hello-world/bin/wyres-base/auto_init/auto_init.o
 .debug_macro   0x00000000000144a3       0x22 /home/ntouda/RIOT/examples/hello-world/bin/wyres-base/auto_init/auto_init.o
 .debug_macro   0x00000000000144c5       0x1c /home/ntouda/RIOT/examples/hello-world/bin/wyres-base/auto_init/auto_init.o
 .debug_macro   0x00000000000144e1       0x22 /home/ntouda/RIOT/examples/hello-world/bin/wyres-base/auto_init/auto_init.o
 .debug_macro   0x0000000000014503       0xdf /home/ntouda/RIOT/examples/hello-world/bin/wyres-base/auto_init/auto_init.o
 .debug_macro   0x00000000000145e2      0xe3b /home/ntouda/RIOT/examples/hello-world/bin/wyres-base/auto_init/auto_init.o
 .debug_macro   0x000000000001541d      0x11f /home/ntouda/RIOT/examples/hello-world/bin/wyres-base/auto_init/auto_init.o
 .debug_macro   0x000000000001553c     0xaf43 /home/ntouda/RIOT/examples/hello-world/bin/wyres-base/auto_init/auto_init.o
 .debug_macro   0x000000000002047f       0x6d /home/ntouda/RIOT/examples/hello-world/bin/wyres-base/auto_init/auto_init.o
 .debug_macro   0x00000000000204ec       0x10 /home/ntouda/RIOT/examples/hello-world/bin/wyres-base/auto_init/auto_init.o
 .debug_macro   0x00000000000204fc       0x3a /home/ntouda/RIOT/examples/hello-world/bin/wyres-base/auto_init/auto_init.o
 .debug_macro   0x0000000000020536       0x3c /home/ntouda/RIOT/examples/hello-world/bin/wyres-base/auto_init/auto_init.o
 .debug_macro   0x0000000000020572       0x10 /home/ntouda/RIOT/examples/hello-world/bin/wyres-base/auto_init/auto_init.o
 .debug_macro   0x0000000000020582       0x2e /home/ntouda/RIOT/examples/hello-world/bin/wyres-base/auto_init/auto_init.o
 .debug_macro   0x00000000000205b0       0x16 /home/ntouda/RIOT/examples/hello-world/bin/wyres-base/auto_init/auto_init.o
 .debug_macro   0x00000000000205c6       0x40 /home/ntouda/RIOT/examples/hello-world/bin/wyres-base/auto_init/auto_init.o
 .debug_macro   0x0000000000020606       0x23 /home/ntouda/RIOT/examples/hello-world/bin/wyres-base/auto_init/auto_init.o
 .debug_macro   0x0000000000020629      0x449 /home/ntouda/RIOT/examples/hello-world/bin/wyres-base/board/board.o
 .debug_macro   0x0000000000020a72      0xaea /home/ntouda/RIOT/examples/hello-world/bin/wyres-base/board/board.o
 .debug_macro   0x000000000002155c       0x10 /home/ntouda/RIOT/examples/hello-world/bin/wyres-base/board/board.o
 .debug_macro   0x000000000002156c       0x42 /home/ntouda/RIOT/examples/hello-world/bin/wyres-base/board/board.o
 .debug_macro   0x00000000000215ae       0x16 /home/ntouda/RIOT/examples/hello-world/bin/wyres-base/board/board.o
 .debug_macro   0x00000000000215c4       0xac /home/ntouda/RIOT/examples/hello-world/bin/wyres-base/board/board.o
 .debug_macro   0x0000000000021670       0xe8 /home/ntouda/RIOT/examples/hello-world/bin/wyres-base/board/board.o
 .debug_macro   0x0000000000021758       0x2e /home/ntouda/RIOT/examples/hello-world/bin/wyres-base/board/board.o
 .debug_macro   0x0000000000021786       0x28 /home/ntouda/RIOT/examples/hello-world/bin/wyres-base/board/board.o
 .debug_macro   0x00000000000217ae       0x10 /home/ntouda/RIOT/examples/hello-world/bin/wyres-base/board/board.o
 .debug_macro   0x00000000000217be       0x1c /home/ntouda/RIOT/examples/hello-world/bin/wyres-base/board/board.o
 .debug_macro   0x00000000000217da       0x34 /home/ntouda/RIOT/examples/hello-world/bin/wyres-base/board/board.o
 .debug_macro   0x000000000002180e       0x31 /home/ntouda/RIOT/examples/hello-world/bin/wyres-base/board/board.o
 .debug_macro   0x000000000002183f       0x84 /home/ntouda/RIOT/examples/hello-world/bin/wyres-base/board/board.o
 .debug_macro   0x00000000000218c3       0x16 /home/ntouda/RIOT/examples/hello-world/bin/wyres-base/board/board.o
 .debug_macro   0x00000000000218d9       0x1c /home/ntouda/RIOT/examples/hello-world/bin/wyres-base/board/board.o
 .debug_macro   0x00000000000218f5       0x28 /home/ntouda/RIOT/examples/hello-world/bin/wyres-base/board/board.o
 .debug_macro   0x000000000002191d       0x28 /home/ntouda/RIOT/examples/hello-world/bin/wyres-base/board/board.o
 .debug_macro   0x0000000000021945       0x1c /home/ntouda/RIOT/examples/hello-world/bin/wyres-base/board/board.o
 .debug_macro   0x0000000000021961       0x10 /home/ntouda/RIOT/examples/hello-world/bin/wyres-base/board/board.o
 .debug_macro   0x0000000000021971       0x34 /home/ntouda/RIOT/examples/hello-world/bin/wyres-base/board/board.o
 .debug_macro   0x00000000000219a5       0x28 /home/ntouda/RIOT/examples/hello-world/bin/wyres-base/board/board.o
 .debug_macro   0x00000000000219cd       0x16 /home/ntouda/RIOT/examples/hello-world/bin/wyres-base/board/board.o
 .debug_macro   0x00000000000219e3       0x70 /home/ntouda/RIOT/examples/hello-world/bin/wyres-base/board/board.o
 .debug_macro   0x0000000000021a53       0x1c /home/ntouda/RIOT/examples/hello-world/bin/wyres-base/board/board.o
 .debug_macro   0x0000000000021a6f       0x24 /home/ntouda/RIOT/examples/hello-world/bin/wyres-base/board/board.o
 .debug_macro   0x0000000000021a93       0x22 /home/ntouda/RIOT/examples/hello-world/bin/wyres-base/board/board.o
 .debug_macro   0x0000000000021ab5       0x40 /home/ntouda/RIOT/examples/hello-world/bin/wyres-base/board/board.o
 .debug_macro   0x0000000000021af5       0x43 /home/ntouda/RIOT/examples/hello-world/bin/wyres-base/board/board.o
 .debug_macro   0x0000000000021b38      0x320 /home/ntouda/RIOT/examples/hello-world/bin/wyres-base/core_lib/assert.o
 .debug_macro   0x0000000000021e58      0xaea /home/ntouda/RIOT/examples/hello-world/bin/wyres-base/core_lib/assert.o
 .debug_macro   0x0000000000022942       0x35 /home/ntouda/RIOT/examples/hello-world/bin/wyres-base/core_lib/assert.o
 .debug_macro   0x0000000000022977      0x4bf /home/ntouda/RIOT/examples/hello-world/bin/wyres-base/core_lib/init.o
 .debug_macro   0x0000000000022e36      0xaea /home/ntouda/RIOT/examples/hello-world/bin/wyres-base/core_lib/init.o
 .debug_macro   0x0000000000023920       0x10 /home/ntouda/RIOT/examples/hello-world/bin/wyres-base/core_lib/init.o
 .debug_macro   0x0000000000023930      0x23b /home/ntouda/RIOT/examples/hello-world/bin/wyres-base/core_lib/init.o
 .debug_macro   0x0000000000023b6b       0x2e /home/ntouda/RIOT/examples/hello-world/bin/wyres-base/core_lib/init.o
 .debug_macro   0x0000000000023b99       0x16 /home/ntouda/RIOT/examples/hello-world/bin/wyres-base/core_lib/init.o
 .debug_macro   0x0000000000023baf      0x4fe /home/ntouda/RIOT/examples/hello-world/bin/wyres-base/core_lib/init.o
 .debug_macro   0x00000000000240ad       0x10 /home/ntouda/RIOT/examples/hello-world/bin/wyres-base/core_lib/init.o
 .debug_macro   0x00000000000240bd      0x44f /home/ntouda/RIOT/examples/hello-world/bin/wyres-base/core_lib/panic.o
 .debug_macro   0x000000000002450c      0xaea /home/ntouda/RIOT/examples/hello-world/bin/wyres-base/core_lib/panic.o
 .debug_macro   0x0000000000024ff6       0x34 /home/ntouda/RIOT/examples/hello-world/bin/wyres-base/core_lib/panic.o
 .debug_macro   0x000000000002502a      0x32a /home/ntouda/RIOT/examples/hello-world/bin/wyres-base/core/sched.o
 .debug_macro   0x0000000000025354      0xaea /home/ntouda/RIOT/examples/hello-world/bin/wyres-base/core/sched.o
 .debug_macro   0x0000000000025e3e       0x16 /home/ntouda/RIOT/examples/hello-world/bin/wyres-base/core/sched.o
 .debug_macro   0x0000000000025e54      0x33e /home/ntouda/RIOT/examples/hello-world/bin/wyres-base/core/thread.o
 .debug_macro   0x0000000000026192      0xaea /home/ntouda/RIOT/examples/hello-world/bin/wyres-base/core/thread.o
 .debug_macro   0x0000000000026c7c       0x22 /home/ntouda/RIOT/examples/hello-world/bin/wyres-base/core/thread.o
 .debug_macro   0x0000000000026c9e       0xdc /home/ntouda/RIOT/examples/hello-world/bin/wyres-base/core/thread.o
 .debug_macro   0x0000000000026d7a      0x2f7 /home/ntouda/RIOT/examples/hello-world/bin/wyres-base/cortexm_common/cortexm_init.o
 .debug_macro   0x0000000000027071      0xaea /home/ntouda/RIOT/examples/hello-world/bin/wyres-base/cortexm_common/cortexm_init.o
 .debug_macro   0x0000000000027b5b      0x2fa /home/ntouda/RIOT/examples/hello-world/bin/wyres-base/cortexm_common/mpu.o
 .debug_macro   0x0000000000027e55      0xaea /home/ntouda/RIOT/examples/hello-world/bin/wyres-base/cortexm_common/mpu.o
 .debug_macro   0x000000000002893f      0x2fa /home/ntouda/RIOT/examples/hello-world/bin/wyres-base/cortexm_common/panic.o
 .debug_macro   0x0000000000028c39      0xaea /home/ntouda/RIOT/examples/hello-world/bin/wyres-base/cortexm_common/panic.o
 .debug_macro   0x0000000000029723      0x330 /home/ntouda/RIOT/examples/hello-world/bin/wyres-base/cortexm_common/thread_arch.o
 .debug_macro   0x0000000000029a53      0xaea /home/ntouda/RIOT/examples/hello-world/bin/wyres-base/cortexm_common/thread_arch.o
 .debug_macro   0x000000000002a53d       0x1c /home/ntouda/RIOT/examples/hello-world/bin/wyres-base/cortexm_common/thread_arch.o
 .debug_macro   0x000000000002a559      0x446 /home/ntouda/RIOT/examples/hello-world/bin/wyres-base/cortexm_common/vectors_cortexm.o
 .debug_macro   0x000000000002a99f      0xaea /home/ntouda/RIOT/examples/hello-world/bin/wyres-base/cortexm_common/vectors_cortexm.o
 .debug_macro   0x000000000002b489       0xb2 /home/ntouda/RIOT/examples/hello-world/bin/wyres-base/cortexm_common/vectors_cortexm.o
 .debug_macro   0x000000000002b53b       0x1c /home/ntouda/RIOT/examples/hello-world/bin/wyres-base/cortexm_common/vectors_cortexm.o
 .debug_macro   0x000000000002b557      0x456 /home/ntouda/RIOT/examples/hello-world/bin/wyres-base/cpu/cpu_common.o
 .debug_macro   0x000000000002b9ad      0xaea /home/ntouda/RIOT/examples/hello-world/bin/wyres-base/cpu/cpu_common.o
 .debug_macro   0x000000000002c497      0x4f4 /home/ntouda/RIOT/examples/hello-world/bin/wyres-base/cpu/cpu_init.o
 .debug_macro   0x000000000002c98b      0xaea /home/ntouda/RIOT/examples/hello-world/bin/wyres-base/cpu/cpu_init.o
 .debug_macro   0x000000000002d475      0x569 /home/ntouda/RIOT/examples/hello-world/bin/wyres-base/newlib_syscalls_default/syscalls.o
 .debug_macro   0x000000000002d9de      0xaea /home/ntouda/RIOT/examples/hello-world/bin/wyres-base/newlib_syscalls_default/syscalls.o
 .debug_macro   0x000000000002e4c8       0x10 /home/ntouda/RIOT/examples/hello-world/bin/wyres-base/newlib_syscalls_default/syscalls.o
 .debug_macro   0x000000000002e4d8       0xcf /home/ntouda/RIOT/examples/hello-world/bin/wyres-base/newlib_syscalls_default/syscalls.o
 .debug_macro   0x000000000002e5a7       0x20 /home/ntouda/RIOT/examples/hello-world/bin/wyres-base/newlib_syscalls_default/syscalls.o
 .debug_macro   0x000000000002e5c7       0xbe /home/ntouda/RIOT/examples/hello-world/bin/wyres-base/newlib_syscalls_default/syscalls.o
 .debug_macro   0x000000000002e685       0x10 /home/ntouda/RIOT/examples/hello-world/bin/wyres-base/newlib_syscalls_default/syscalls.o
 .debug_macro   0x000000000002e695      0x241 /home/ntouda/RIOT/examples/hello-world/bin/wyres-base/newlib_syscalls_default/syscalls.o
 .debug_macro   0x000000000002e8d6       0x10 /home/ntouda/RIOT/examples/hello-world/bin/wyres-base/newlib_syscalls_default/syscalls.o
 .debug_macro   0x000000000002e8e6       0x3c /home/ntouda/RIOT/examples/hello-world/bin/wyres-base/newlib_syscalls_default/syscalls.o
 .debug_macro   0x000000000002e922       0xff /home/ntouda/RIOT/examples/hello-world/bin/wyres-base/newlib_syscalls_default/syscalls.o
 .debug_macro   0x000000000002ea21       0x16 /home/ntouda/RIOT/examples/hello-world/bin/wyres-base/newlib_syscalls_default/syscalls.o
 .debug_macro   0x000000000002ea37       0x10 /home/ntouda/RIOT/examples/hello-world/bin/wyres-base/newlib_syscalls_default/syscalls.o
 .debug_macro   0x000000000002ea47       0x10 /home/ntouda/RIOT/examples/hello-world/bin/wyres-base/newlib_syscalls_default/syscalls.o
 .debug_macro   0x000000000002ea57       0x2e /home/ntouda/RIOT/examples/hello-world/bin/wyres-base/newlib_syscalls_default/syscalls.o
 .debug_macro   0x000000000002ea85      0x102 /home/ntouda/RIOT/examples/hello-world/bin/wyres-base/newlib_syscalls_default/syscalls.o
 .debug_macro   0x000000000002eb87      0x44f /home/ntouda/RIOT/examples/hello-world/bin/wyres-base/periph_common/init_leds.o
 .debug_macro   0x000000000002efd6      0xaea /home/ntouda/RIOT/examples/hello-world/bin/wyres-base/periph_common/init_leds.o
 .debug_macro   0x000000000002fac0      0x437 /home/ntouda/RIOT/examples/hello-world/bin/wyres-base/periph_common/init.o
 .debug_macro   0x000000000002fef7      0xaea /home/ntouda/RIOT/examples/hello-world/bin/wyres-base/periph_common/init.o
 .debug_macro   0x00000000000309e1      0x45b /home/ntouda/RIOT/examples/hello-world/bin/wyres-base/periph/gpio_all.o
 .debug_macro   0x0000000000030e3c      0xaea /home/ntouda/RIOT/examples/hello-world/bin/wyres-base/periph/gpio_all.o
 .debug_macro   0x0000000000031926      0x46f /home/ntouda/RIOT/examples/hello-world/bin/wyres-base/periph/pm.o
 .debug_macro   0x0000000000031d95      0xaea /home/ntouda/RIOT/examples/hello-world/bin/wyres-base/periph/pm.o
 .debug_macro   0x000000000003287f      0x4b1 /home/ntouda/RIOT/examples/hello-world/bin/wyres-base/periph/uart.o
 .debug_macro   0x0000000000032d30      0xaea /home/ntouda/RIOT/examples/hello-world/bin/wyres-base/periph/uart.o
 .debug_macro   0x000000000003381a       0x10 /home/ntouda/RIOT/examples/hello-world/bin/wyres-base/periph/uart.o
 .debug_macro   0x000000000003382a      0x45e /home/ntouda/RIOT/examples/hello-world/bin/wyres-base/pm_layered/pm.o
 .debug_macro   0x0000000000033c88      0xaea /home/ntouda/RIOT/examples/hello-world/bin/wyres-base/pm_layered/pm.o
 .debug_macro   0x0000000000034772      0x52a /home/ntouda/RIOT/examples/hello-world/bin/wyres-base/stdio_uart/stdio_uart.o
 .debug_macro   0x0000000000034c9c      0xaea /home/ntouda/RIOT/examples/hello-world/bin/wyres-base/stdio_uart/stdio_uart.o
 .debug_macro   0x0000000000035786       0x16 /home/ntouda/RIOT/examples/hello-world/bin/wyres-base/stdio_uart/stdio_uart.o
 .debug_macro   0x000000000003579c      0x458 /home/ntouda/RIOT/examples/hello-world/bin/wyres-base/stm32_clk/stmclk_common.o
 .debug_macro   0x0000000000035bf4      0xaea /home/ntouda/RIOT/examples/hello-world/bin/wyres-base/stm32_clk/stmclk_common.o
 .debug_macro   0x00000000000366de      0x4f0 /home/ntouda/RIOT/examples/hello-world/bin/wyres-base/stm32_clk/stmclk_l0l1.o
 .debug_macro   0x0000000000036bce      0xaea /home/ntouda/RIOT/examples/hello-world/bin/wyres-base/stm32_clk/stmclk_l0l1.o
 .debug_macro   0x00000000000376b8       0xb7 /home/ntouda/RIOT/examples/hello-world/bin/wyres-base/stm32_vectors/STM32L151xC.o
 .debug_macro   0x000000000003776f      0xaea /home/ntouda/RIOT/examples/hello-world/bin/wyres-base/stm32_vectors/STM32L151xC.o
 .debug_macro   0x0000000000038259       0x16 /home/ntouda/RIOT/examples/hello-world/bin/wyres-base/stm32_vectors/STM32L151xC.o

.debug_line     0x0000000000000000    0x13650
 .debug_line    0x0000000000000000      0x288 /home/ntouda/RIOT/examples/hello-world/bin/wyres-base/application_hello-world/main.o
 .debug_line    0x0000000000000288      0x6db /home/ntouda/RIOT/examples/hello-world/bin/wyres-base/auto_init/auto_init.o
 .debug_line    0x0000000000000963      0x916 /home/ntouda/RIOT/examples/hello-world/bin/wyres-base/board/board.o
 .debug_line    0x0000000000001279      0x63b /home/ntouda/RIOT/examples/hello-world/bin/wyres-base/core_lib/assert.o
 .debug_line    0x00000000000018b4      0x95d /home/ntouda/RIOT/examples/hello-world/bin/wyres-base/core_lib/init.o
 .debug_line    0x0000000000002211      0x91b /home/ntouda/RIOT/examples/hello-world/bin/wyres-base/core_lib/panic.o
 .debug_line    0x0000000000002b2c      0xc88 /home/ntouda/RIOT/examples/hello-world/bin/wyres-base/core/sched.o
 .debug_line    0x00000000000037b4      0xf52 /home/ntouda/RIOT/examples/hello-world/bin/wyres-base/core/thread.o
 .debug_line    0x0000000000004706      0x705 /home/ntouda/RIOT/examples/hello-world/bin/wyres-base/cortexm_common/cortexm_init.o
 .debug_line    0x0000000000004e0b      0x665 /home/ntouda/RIOT/examples/hello-world/bin/wyres-base/cortexm_common/mpu.o
 .debug_line    0x0000000000005470      0x613 /home/ntouda/RIOT/examples/hello-world/bin/wyres-base/cortexm_common/panic.o
 .debug_line    0x0000000000005a83      0x91a /home/ntouda/RIOT/examples/hello-world/bin/wyres-base/cortexm_common/thread_arch.o
 .debug_line    0x000000000000639d      0xb12 /home/ntouda/RIOT/examples/hello-world/bin/wyres-base/cortexm_common/vectors_cortexm.o
 .debug_line    0x0000000000006eaf      0x9a3 /home/ntouda/RIOT/examples/hello-world/bin/wyres-base/cpu/cpu_common.o
 .debug_line    0x0000000000007852      0xb40 /home/ntouda/RIOT/examples/hello-world/bin/wyres-base/cpu/cpu_init.o
 .debug_line    0x0000000000008392      0xd19 /home/ntouda/RIOT/examples/hello-world/bin/wyres-base/newlib_syscalls_default/syscalls.o
 .debug_line    0x00000000000090ab      0x8f9 /home/ntouda/RIOT/examples/hello-world/bin/wyres-base/periph_common/init_leds.o
 .debug_line    0x00000000000099a4      0x8b8 /home/ntouda/RIOT/examples/hello-world/bin/wyres-base/periph_common/init.o
 .debug_line    0x000000000000a25c      0xcd9 /home/ntouda/RIOT/examples/hello-world/bin/wyres-base/periph/gpio_all.o
 .debug_line    0x000000000000af35      0x973 /home/ntouda/RIOT/examples/hello-world/bin/wyres-base/periph/pm.o
 .debug_line    0x000000000000b8a8      0xc90 /home/ntouda/RIOT/examples/hello-world/bin/wyres-base/periph/uart.o
 .debug_line    0x000000000000c538      0xb56 /home/ntouda/RIOT/examples/hello-world/bin/wyres-base/pm_layered/pm.o
 .debug_line    0x000000000000d08e      0x9fb /home/ntouda/RIOT/examples/hello-world/bin/wyres-base/stdio_uart/stdio_uart.o
 .debug_line    0x000000000000da89      0xa11 /home/ntouda/RIOT/examples/hello-world/bin/wyres-base/stm32_clk/stmclk_common.o
 .debug_line    0x000000000000e49a      0xa81 /home/ntouda/RIOT/examples/hello-world/bin/wyres-base/stm32_clk/stmclk_l0l1.o
 .debug_line    0x000000000000ef1b      0x297 /home/ntouda/RIOT/examples/hello-world/bin/wyres-base/stm32_vectors/STM32L151xC.o
 .debug_line    0x000000000000f1b2       0xe4 /usr/lib/gcc/arm-none-eabi/10.3.1/../../../arm-none-eabi/lib/thumb/v7-m/nofp/libc_nano.a(lib_a-impure.o)
 .debug_line    0x000000000000f296      0x13f /usr/lib/gcc/arm-none-eabi/10.3.1/../../../arm-none-eabi/lib/thumb/v7-m/nofp/libc_nano.a(lib_a-init.o)
 .debug_line    0x000000000000f3d5       0xc1 /usr/lib/gcc/arm-none-eabi/10.3.1/../../../arm-none-eabi/lib/thumb/v7-m/nofp/libc_nano.a(lib_a-memcpy.o)