Archive member included to satisfy reference by file (symbol)

/usr/lib/gcc/arm-none-eabi/10.3.1/../../../arm-none-eabi/lib/thumb/v7e-m+fp/hard/libc_nano.a(lib_a-errno.o)
                              /home/ntouda/RIOT/mon_projet_stm32/bin/nucleo-f401re/newlib_syscalls_default/syscalls.o (__errno)
/usr/lib/gcc/arm-none-eabi/10.3.1/../../../arm-none-eabi/lib/thumb/v7e-m+fp/hard/libc_nano.a(lib_a-impure.o)
                              /usr/lib/gcc/arm-none-eabi/10.3.1/../../../arm-none-eabi/lib/thumb/v7e-m+fp/hard/libc_nano.a(lib_a-errno.o) (_impure_ptr)
/usr/lib/gcc/arm-none-eabi/10.3.1/../../../arm-none-eabi/lib/thumb/v7e-m+fp/hard/libc_nano.a(lib_a-init.o)
                              /home/ntouda/RIOT/mon_projet_stm32/bin/nucleo-f401re/cortexm_common/vectors_cortexm.o (__libc_init_array)
/usr/lib/gcc/arm-none-eabi/10.3.1/../../../arm-none-eabi/lib/thumb/v7e-m+fp/hard/libc_nano.a(lib_a-malloc.o)
                              /home/ntouda/RIOT/mon_projet_stm32/bin/nucleo-f401re/malloc_thread_safe/malloc_wrappers.o (malloc)
/usr/lib/gcc/arm-none-eabi/10.3.1/../../../arm-none-eabi/lib/thumb/v7e-m+fp/hard/libc_nano.a(lib_a-memcmp.o)
                              /home/ntouda/RIOT/mon_projet_stm32/bin/nucleo-f401re/core_lib/atomic_c11.o (memcmp)
/usr/lib/gcc/arm-none-eabi/10.3.1/../../../arm-none-eabi/lib/thumb/v7e-m+fp/hard/libc_nano.a(lib_a-memcpy.o)
                              /home/ntouda/RIOT/mon_projet_stm32/bin/nucleo-f401re/core_lib/atomic_c11.o (memcpy)
/usr/lib/gcc/arm-none-eabi/10.3.1/../../../arm-none-eabi/lib/thumb/v7e-m+fp/hard/libc_nano.a(lib_a-memset.o)
                              /home/ntouda/RIOT/mon_projet_stm32/bin/nucleo-f401re/cortexm_common/vectors_cortexm.o (memset)
/usr/lib/gcc/arm-none-eabi/10.3.1/../../../arm-none-eabi/lib/thumb/v7e-m+fp/hard/libc_nano.a(lib_a-mstats.o)
                              /home/ntouda/RIOT/mon_projet_stm32/bin/nucleo-f401re/newlib_syscalls_default/syscalls.o (mallinfo)
/usr/lib/gcc/arm-none-eabi/10.3.1/../../../arm-none-eabi/lib/thumb/v7e-m+fp/hard/libc_nano.a(lib_a-nano-freer.o)
                              /usr/lib/gcc/arm-none-eabi/10.3.1/../../../arm-none-eabi/lib/thumb/v7e-m+fp/hard/libc_nano.a(lib_a-malloc.o) (_free_r)
/usr/lib/gcc/arm-none-eabi/10.3.1/../../../arm-none-eabi/lib/thumb/v7e-m+fp/hard/libc_nano.a(lib_a-nano-mallinfor.o)
                              /usr/lib/gcc/arm-none-eabi/10.3.1/../../../arm-none-eabi/lib/thumb/v7e-m+fp/hard/libc_nano.a(lib_a-mstats.o) (_mallinfo_r)
/usr/lib/gcc/arm-none-eabi/10.3.1/../../../arm-none-eabi/lib/thumb/v7e-m+fp/hard/libc_nano.a(lib_a-nano-mallocr.o)
                              /usr/lib/gcc/arm-none-eabi/10.3.1/../../../arm-none-eabi/lib/thumb/v7e-m+fp/hard/libc_nano.a(lib_a-malloc.o) (_malloc_r)
/usr/lib/gcc/arm-none-eabi/10.3.1/../../../arm-none-eabi/lib/thumb/v7e-m+fp/hard/libc_nano.a(lib_a-nano-malloptr.o)
                              /usr/lib/gcc/arm-none-eabi/10.3.1/../../../arm-none-eabi/lib/thumb/v7e-m+fp/hard/libc_nano.a(lib_a-mstats.o) (_mallopt_r)
/usr/lib/gcc/arm-none-eabi/10.3.1/../../../arm-none-eabi/lib/thumb/v7e-m+fp/hard/libc_nano.a(lib_a-nano-mallstatsr.o)
                              /usr/lib/gcc/arm-none-eabi/10.3.1/../../../arm-none-eabi/lib/thumb/v7e-m+fp/hard/libc_nano.a(lib_a-mstats.o) (_malloc_stats_r)
/usr/lib/gcc/arm-none-eabi/10.3.1/../../../arm-none-eabi/lib/thumb/v7e-m+fp/hard/libc_nano.a(lib_a-printf.o)
                              /home/ntouda/RIOT/mon_projet_stm32/bin/nucleo-f401re/core_lib/assert.o (printf)
/usr/lib/gcc/arm-none-eabi/10.3.1/../../../arm-none-eabi/lib/thumb/v7e-m+fp/hard/libc_nano.a(lib_a-puts.o)
                              /home/ntouda/RIOT/mon_projet_stm32/bin/nucleo-f401re/core_lib/init.o (puts)
/usr/lib/gcc/arm-none-eabi/10.3.1/../../../arm-none-eabi/lib/thumb/v7e-m+fp/hard/libc_nano.a(lib_a-realloc.o)
                              /home/ntouda/RIOT/mon_projet_stm32/bin/nucleo-f401re/malloc_thread_safe/malloc_wrappers.o (realloc)
/usr/lib/gcc/arm-none-eabi/10.3.1/../../../arm-none-eabi/lib/thumb/v7e-m+fp/hard/libc_nano.a(lib_a-wbuf.o)
                              /usr/lib/gcc/arm-none-eabi/10.3.1/../../../arm-none-eabi/lib/thumb/v7e-m+fp/hard/libc_nano.a(lib_a-puts.o) (__swbuf_r)
/usr/lib/gcc/arm-none-eabi/10.3.1/../../../arm-none-eabi/lib/thumb/v7e-m+fp/hard/libc_nano.a(lib_a-wsetup.o)
                              /usr/lib/gcc/arm-none-eabi/10.3.1/../../../arm-none-eabi/lib/thumb/v7e-m+fp/hard/libc_nano.a(lib_a-puts.o) (__swsetup_r)
/usr/lib/gcc/arm-none-eabi/10.3.1/../../../arm-none-eabi/lib/thumb/v7e-m+fp/hard/libc_nano.a(lib_a-fflush.o)
                              /usr/lib/gcc/arm-none-eabi/10.3.1/../../../arm-none-eabi/lib/thumb/v7e-m+fp/hard/libc_nano.a(lib_a-wbuf.o) (_fflush_r)
/usr/lib/gcc/arm-none-eabi/10.3.1/../../../arm-none-eabi/lib/thumb/v7e-m+fp/hard/libc_nano.a(lib_a-findfp.o)
[...]
Memory Configuration

Name             Origin             Length             Attributes
ccmram           0x0000000010000000 0x0000000000000000
sram4            0x0000000000000000 0x0000000000000000
fmcram           0x0000000000000000 0x0000000000000000
rom              0x0000000008000000 0x0000000000080000 xr
ram              0x0000000020000000 0x0000000000018000 w !xr
bkup_ram         0x0000000000000000 0x0000000000000000 w !xr
*default*        0x0000000000000000 0xffffffffffffffff

Linker script and memory map

LOAD /home/ntouda/RIOT/mon_projet_stm32/bin/nucleo-f401re/application_projetstm32/main.o
LOAD /home/ntouda/RIOT/mon_projet_stm32/bin/nucleo-f401re/auto_init/auto_init.o
LOAD /home/ntouda/RIOT/mon_projet_stm32/bin/nucleo-f401re/board_common_init/board_common.o
LOAD /home/ntouda/RIOT/mon_projet_stm32/bin/nucleo-f401re/core/cond.o
LOAD /home/ntouda/RIOT/mon_projet_stm32/bin/nucleo-f401re/core_lib/assert.o
LOAD /home/ntouda/RIOT/mon_projet_stm32/bin/nucleo-f401re/core_lib/atomic_c11.o
LOAD /home/ntouda/RIOT/mon_projet_stm32/bin/nucleo-f401re/core_lib/atomic_sync.o
LOAD /home/ntouda/RIOT/mon_projet_stm32/bin/nucleo-f401re/core_lib/bitarithm.o
LOAD /home/ntouda/RIOT/mon_projet_stm32/bin/nucleo-f401re/core_lib/clist.o
LOAD /home/ntouda/RIOT/mon_projet_stm32/bin/nucleo-f401re/core_lib/init.o
LOAD /home/ntouda/RIOT/mon_projet_stm32/bin/nucleo-f401re/core_lib/panic.o
LOAD /home/ntouda/RIOT/mon_projet_stm32/bin/nucleo-f401re/core_lib/priority_queue.o
LOAD /home/ntouda/RIOT/mon_projet_stm32/bin/nucleo-f401re/core_lib/ringbuffer.o
LOAD /home/ntouda/RIOT/mon_projet_stm32/bin/nucleo-f401re/core_lib/rmutex.o
LOAD /home/ntouda/RIOT/mon_projet_stm32/bin/nucleo-f401re/core/msg.o
LOAD /home/ntouda/RIOT/mon_projet_stm32/bin/nucleo-f401re/core/mutex.o
LOAD /home/ntouda/RIOT/mon_projet_stm32/bin/nucleo-f401re/core/sched.o
LOAD /home/ntouda/RIOT/mon_projet_stm32/bin/nucleo-f401re/core/thread.o
LOAD /home/ntouda/RIOT/mon_projet_stm32/bin/nucleo-f401re/cortexm_common/cortexm_init.o
LOAD /home/ntouda/RIOT/mon_projet_stm32/bin/nucleo-f401re/cortexm_common/mpu.o
LOAD /home/ntouda/RIOT/mon_projet_stm32/bin/nucleo-f401re/cortexm_common/panic.o
LOAD /home/ntouda/RIOT/mon_projet_stm32/bin/nucleo-f401re/cortexm_common_periph/pm.o
LOAD /home/ntouda/RIOT/mon_projet_stm32/bin/nucleo-f401re/cortexm_common/thread_arch.o
LOAD /home/ntouda/RIOT/mon_projet_stm32/bin/nucleo-f401re/cortexm_common/vectors_cortexm.o
LOAD /home/ntouda/RIOT/mon_projet_stm32/bin/nucleo-f401re/cpu/cpu_common.o
LOAD /home/ntouda/RIOT/mon_projet_stm32/bin/nucleo-f401re/cpu/cpu_init.o
LOAD /home/ntouda/RIOT/mon_projet_stm32/bin/nucleo-f401re/div/div.o
LOAD /home/ntouda/RIOT/mon_projet_stm32/bin/nucleo-f401re/libc/string.o
LOAD /home/ntouda/RIOT/mon_projet_stm32/bin/nucleo-f401re/malloc_thread_safe/malloc_wrappers.o
LOAD /home/ntouda/RIOT/mon_projet_stm32/bin/nucleo-f401re/newlib_syscalls_default/syscalls.o
LOAD /home/ntouda/RIOT/mon_projet_stm32/bin/nucleo-f401re/periph_common/gpio.o
LOAD /home/ntouda/RIOT/mon_projet_stm32/bin/nucleo-f401re/periph_common/init_leds.o
LOAD /home/ntouda/RIOT/mon_projet_stm32/bin/nucleo-f401re/periph_common/init.o
LOAD /home/ntouda/RIOT/mon_projet_stm32/bin/nucleo-f401re/periph_common/pm.o
LOAD /home/ntouda/RIOT/mon_projet_stm32/bin/nucleo-f401re/periph/gpio_all.o
LOAD /home/ntouda/RIOT/mon_projet_stm32/bin/nucleo-f401re/periph/pm.o
LOAD /home/ntouda/RIOT/mon_projet_stm32/bin/nucleo-f401re/periph/uart.o
LOAD /home/ntouda/RIOT/mon_projet_stm32/bin/nucleo-f401re/pm_layered/pm.o
LOAD /home/ntouda/RIOT/mon_projet_stm32/bin/nucleo-f401re/stdio_uart/stdio_uart.o
LOAD /home/ntouda/RIOT/mon_projet_stm32/bin/nucleo-f401re/stm32_clk/stmclk_common.o
LOAD /home/ntouda/RIOT/mon_projet_stm32/bin/nucleo-f401re/stm32_clk/stmclk_f2f4f7.o
LOAD /home/ntouda/RIOT/mon_projet_stm32/bin/nucleo-f401re/stm32_vectors/STM32F401xE.o
LOAD /usr/lib/gcc/arm-none-eabi/10.3.1/../../../arm-none-eabi/lib/thumb/v7e-m+fp/hard/libm.a
LOAD /usr/lib/gcc/arm-none-eabi/10.3.1/thumb/v7e-m+fp/hard/libgcc.a
                0x0000000008000000                _rom_start_addr = 0x8000000
                0x0000000020000000                _ram_start_addr = 0x20000000
                0x0000000000080000                _rom_length = 0x80000
                0x0000000000018000                _ram_length = 0x18000
LOAD /usr/lib/gcc/arm-none-eabi/10.3.1/../../../arm-none-eabi/lib/thumb/v7e-m+fp/hard/libc_nano.a
START GROUP
LOAD /usr/lib/gcc/arm-none-eabi/10.3.1/thumb/v7e-m+fp/hard/libgcc.a
LOAD /usr/lib/gcc/arm-none-eabi/10.3.1/../../../arm-none-eabi/lib/thumb/v7e-m+fp/hard/libg_nano.a
LOAD /usr/lib/gcc/arm-none-eabi/10.3.1/../../../arm-none-eabi/lib/thumb/v7e-m+fp/hard/libc_nano.a
END GROUP
START GROUP
LOAD /usr/lib/gcc/arm-none-eabi/10.3.1/thumb/v7e-m+fp/hard/libgcc.a
LOAD /usr/lib/gcc/arm-none-eabi/10.3.1/../../../arm-none-eabi/lib/thumb/v7e-m+fp/hard/libc_nano.a
END GROUP
                0x0000000000000000                ccmram_length = DEFINED (_ccmram_len)?_ccmram_len:0x0
                0x0000000000000000                sram4_addr = DEFINED (_sram4_length)?0x28000000:0x0
                0x0000000000000000                sram4_length = DEFINED (_sram4_length)?_sram4_length:0x0
                0x0000000000000000                fmc_ram_addr = DEFINED (_fmc_ram_addr)?_fmc_ram_addr:0x0
                0x0000000000000000                fmc_ram_len = DEFINED (_fmc_ram_len)?_fmc_ram_len:0x0

.heap2          0x0000000000000000        0x0
                0x0000000000000000                _sheap2 = ORIGIN (sram4)
                0x0000000000000000                _eheap2 = (ORIGIN (sram4) + LENGTH (sram4))

.heap4          0x0000000000000000        0x0
                0x0000000000000000                _sheap3 = ORIGIN (fmcram)
                0x0000000000000000                _eheap3 = (ORIGIN (fmcram) + LENGTH (fmcram))
                0x0000000000000000                _rom_offset = DEFINED (_rom_offset)?_rom_offset:0x0
                0x0000000000080000                _fw_rom_length = DEFINED (_fw_rom_length)?_fw_rom_length:(_rom_length - _rom_offset)
                0x0000000000000001                ASSERT ((_fw_rom_length <= (_rom_length - _rom_offset)), Specified firmware size does not fit in ROM)
                0x0000000000000000                _backup_ram_start_addr = DEFINED (_backup_ram_start_addr)?_backup_ram_start_addr:0x0
                0x0000000000000000                _backup_ram_len = DEFINED (_backup_ram_len)?_backup_ram_len:0x0

.text           0x0000000008000000     0x2710
                0x0000000008000000                . = ALIGN (0x4)
                0x0000000008000000                _sfixed = .
                0x0000000008000000                _isr_vectors = DEFINED (_isr_vectors)?_isr_vectors:.
 *(SORT_BY_NAME(.vectors*))
 .vectors.0     0x0000000008000000       0x40 /home/ntouda/RIOT/mon_projet_stm32/bin/nucleo-f401re/cortexm_common/vectors_cortexm.o
                0x0000000008000000                cortex_vector_base
 .vectors.1     0x0000000008000040      0x154 /home/ntouda/RIOT/mon_projet_stm32/bin/nucleo-f401re/stm32_vectors/STM32F401xE.o
                0x0000000008000040                vector_cpu
 *(.text .text.* .gnu.linkonce.t.*)
 .text.auto_init
                0x0000000008000194       0x24 /home/ntouda/RIOT/mon_projet_stm32/bin/nucleo-f401re/auto_init/auto_init.o
                0x0000000008000194                auto_init
 .text.board_init
                0x00000000080001b8        0x2 /home/ntouda/RIOT/mon_projet_stm32/bin/nucleo-f401re/board_common_init/board_common.o
                0x00000000080001b8                board_init
 *fill*         0x00000000080001ba        0x2 
 .text.main_trampoline
                0x00000000080001bc       0x18 /home/ntouda/RIOT/mon_projet_stm32/bin/nucleo-f401re/core_lib/init.o
 .text.kernel_init
                0x00000000080001d4       0x34 /home/ntouda/RIOT/mon_projet_stm32/bin/nucleo-f401re/core_lib/init.o
                0x00000000080001d4                kernel_init
 .text.early_init
                0x0000000008000208        0xe /home/ntouda/RIOT/mon_projet_stm32/bin/nucleo-f401re/core_lib/init.o
                0x0000000008000208                early_init
 .text.panic_app
                0x0000000008000216        0x2 /home/ntouda/RIOT/mon_projet_stm32/bin/nucleo-f401re/core_lib/panic.o
                0x0000000008000216                panic_app
 .text.core_panic
                0x0000000008000218       0x3c /home/ntouda/RIOT/mon_projet_stm32/bin/nucleo-f401re/core_lib/panic.o
                0x0000000008000218                core_panic
 .text.sched_run
                0x0000000008000254       0x74 /home/ntouda/RIOT/mon_projet_stm32/bin/nucleo-f401re/core/sched.o
                0x0000000008000254                sched_run
 .text.sched_set_status
                0x00000000080002c8       0x80 /home/ntouda/RIOT/mon_projet_stm32/bin/nucleo-f401re/core/sched.o
                0x00000000080002c8                sched_set_status
 .text.sched_switch
                0x0000000008000348       0x3c /home/ntouda/RIOT/mon_projet_stm32/bin/nucleo-f401re/core/sched.o
                0x0000000008000348                sched_switch
 .text.sched_task_exit
                0x0000000008000384       0x3c /home/ntouda/RIOT/mon_projet_stm32/bin/nucleo-f401re/core/sched.o
                0x0000000008000384                sched_task_exit
 .text.thread_create
                0x00000000080003c0       0xbc /home/ntouda/RIOT/mon_projet_stm32/bin/nucleo-f401re/core/thread.o
                0x00000000080003c0                thread_create
 .text.cortexm_init
                0x000000000800047c       0x40 /home/ntouda/RIOT/mon_projet_stm32/bin/nucleo-f401re/cortexm_common/cortexm_init.o
                0x000000000800047c                cortexm_init
 .text.panic_arch
                0x00000000080004bc        0x2 /home/ntouda/RIOT/mon_projet_stm32/bin/nucleo-f401re/cortexm_common/panic.o
                0x00000000080004bc                panic_arch
 *fill*         0x00000000080004be        0x2 
 .text.pm_reboot
                0x00000000080004c0       0x24 /home/ntouda/RIOT/mon_projet_stm32/bin/nucleo-f401re/cortexm_common_periph/pm.o
                0x00000000080004c0                pm_reboot
 .text.thread_stack_init
                0x00000000080004e4       0x68 /home/ntouda/RIOT/mon_projet_stm32/bin/nucleo-f401re/cortexm_common/thread_arch.o
                0x00000000080004e4                thread_stack_init
 .text.cpu_switch_context_exit
                0x000000000800054c       0x2c /home/ntouda/RIOT/mon_projet_stm32/bin/nucleo-f401re/cortexm_common/thread_arch.o
                0x000000000800054c                cpu_switch_context_exit
 .text.isr_pendsv
                0x0000000008000578       0x4c /home/ntouda/RIOT/mon_projet_stm32/bin/nucleo-f401re/cortexm_common/thread_arch.o
                0x0000000008000578                isr_pendsv
 .text.isr_svc  0x00000000080005c4       0x10 /home/ntouda/RIOT/mon_projet_stm32/bin/nucleo-f401re/cortexm_common/thread_arch.o
                0x00000000080005c4                isr_svc
 .text.sched_arch_idle
                0x00000000080005d4       0x10 /home/ntouda/RIOT/mon_projet_stm32/bin/nucleo-f401re/cortexm_common/thread_arch.o
                0x00000000080005d4                sched_arch_idle
 .text.nmi_handler
                0x00000000080005e4       0x10 /home/ntouda/RIOT/mon_projet_stm32/bin/nucleo-f401re/cortexm_common/vectors_cortexm.o
                0x00000000080005e4                nmi_handler
 .text.hard_fault_default
                0x00000000080005f4       0x10 /home/ntouda/RIOT/mon_projet_stm32/bin/nucleo-f401re/cortexm_common/vectors_cortexm.o
                0x00000000080005f4                hard_fault_default
 .text.mem_manage_default
                0x0000000008000604       0x10 /home/ntouda/RIOT/mon_projet_stm32/bin/nucleo-f401re/cortexm_common/vectors_cortexm.o
                0x0000000008000604                mem_manage_default
 .text.bus_fault_default
                0x0000000008000614       0x10 /home/ntouda/RIOT/mon_projet_stm32/bin/nucleo-f401re/cortexm_common/vectors_cortexm.o
                0x0000000008000614                bus_fault_default
 .text.usage_fault_default
                0x0000000008000624       0x10 /home/ntouda/RIOT/mon_projet_stm32/bin/nucleo-f401re/cortexm_common/vectors_cortexm.o
                0x0000000008000624                usage_fault_default
 .text.debug_mon_default
                0x0000000008000634       0x10 /home/ntouda/RIOT/mon_projet_stm32/bin/nucleo-f401re/cortexm_common/vectors_cortexm.o
                0x0000000008000634                debug_mon_default
 .text.dummy_handler_default
                0x0000000008000644       0x10 /home/ntouda/RIOT/mon_projet_stm32/bin/nucleo-f401re/cortexm_common/vectors_cortexm.o
                0x0000000008000644                dummy_handler_default
                0x0000000008000644                isr_systick
 .text.pre_startup
                0x0000000008000654        0x2 /home/ntouda/RIOT/mon_projet_stm32/bin/nucleo-f401re/cortexm_common/vectors_cortexm.o
                0x0000000008000654                pre_startup
 .text.post_startup
                0x0000000008000656        0x2 /home/ntouda/RIOT/mon_projet_stm32/bin/nucleo-f401re/cortexm_common/vectors_cortexm.o
                0x0000000008000656                post_startup
 .text.reset_handler_default
                0x0000000008000658       0x78 /home/ntouda/RIOT/mon_projet_stm32/bin/nucleo-f401re/cortexm_common/vectors_cortexm.o
                0x0000000008000658                reset_handler_default
 .text.periph_apb_clk
                0x00000000080006d0       0x18 /home/ntouda/RIOT/mon_projet_stm32/bin/nucleo-f401re/cpu/cpu_common.o
                0x00000000080006d0                periph_apb_clk
 .text.periph_clk_en
                0x00000000080006e8       0x48 /home/ntouda/RIOT/mon_projet_stm32/bin/nucleo-f401re/cpu/cpu_common.o
                0x00000000080006e8                periph_clk_en
 .text.cpu_init
                0x0000000008000730       0x6c /home/ntouda/RIOT/mon_projet_stm32/bin/nucleo-f401re/cpu/cpu_init.o
                0x0000000008000730                cpu_init
 .text._init    0x000000000800079c        0x2 /home/ntouda/RIOT/mon_projet_stm32/bin/nucleo-f401re/newlib_syscalls_default/syscalls.o
                0x000000000800079c                _init
 .text._fini    0x000000000800079e        0x2 /home/ntouda/RIOT/mon_projet_stm32/bin/nucleo-f401re/newlib_syscalls_default/syscalls.o
                0x000000000800079e                _fini
 .text._sbrk_r  0x00000000080007a0       0x40 /home/ntouda/RIOT/mon_projet_stm32/bin/nucleo-f401re/newlib_syscalls_default/syscalls.o
                0x00000000080007a0                _sbrk_r
 .text._read_r  0x00000000080007e0        0x8 /home/ntouda/RIOT/mon_projet_stm32/bin/nucleo-f401re/newlib_syscalls_default/syscalls.o
                0x00000000080007e0                _read_r
 .text._write_r
                0x00000000080007e8        0x8 /home/ntouda/RIOT/mon_projet_stm32/bin/nucleo-f401re/newlib_syscalls_default/syscalls.o
                0x00000000080007e8                _write_r
 .text._close_r
                0x00000000080007f0        0xa /home/ntouda/RIOT/mon_projet_stm32/bin/nucleo-f401re/newlib_syscalls_default/syscalls.o
                0x00000000080007f0                _close_r
 .text._lseek_r
                0x00000000080007fa        0xa /home/ntouda/RIOT/mon_projet_stm32/bin/nucleo-f401re/newlib_syscalls_default/syscalls.o
                0x00000000080007fa                _lseek_r
 .text._fstat_r
                0x0000000008000804        0xa /home/ntouda/RIOT/mon_projet_stm32/bin/nucleo-f401re/newlib_syscalls_default/syscalls.o
                0x0000000008000804                _fstat_r
 .text._isatty_r
                0x000000000800080e       0x10 /home/ntouda/RIOT/mon_projet_stm32/bin/nucleo-f401re/newlib_syscalls_default/syscalls.o
                0x000000000800080e                _isatty_r
 *fill*         0x000000000800081e        0x2 
 .text.led_init
                0x0000000008000820       0x1c /home/ntouda/RIOT/mon_projet_stm32/bin/nucleo-f401re/periph_common/init_leds.o
                0x0000000008000820                led_init
 .text.periph_init
                0x000000000800083c        0x2 /home/ntouda/RIOT/mon_projet_stm32/bin/nucleo-f401re/periph_common/init.o
                0x000000000800083c                periph_init
 .text.gpio_init
                0x000000000800083e       0x68 /home/ntouda/RIOT/mon_projet_stm32/bin/nucleo-f401re/periph/gpio_all.o
                0x000000000800083e                gpio_init
 .text.gpio_init_af
                0x00000000080008a6       0x58 /home/ntouda/RIOT/mon_projet_stm32/bin/nucleo-f401re/periph/gpio_all.o
                0x00000000080008a6                gpio_init_af
 *fill*         0x00000000080008fe        0x2 
 .text.pm_backup_regulator_on
                0x0000000008000900       0x30 /home/ntouda/RIOT/mon_projet_stm32/bin/nucleo-f401re/periph/pm.o
                0x0000000008000900                pm_backup_regulator_on
 .text.pm_set   0x0000000008000930       0x80 /home/ntouda/RIOT/mon_projet_stm32/bin/nucleo-f401re/periph/pm.o
                0x0000000008000930                pm_set
 .text.irq_handler
                0x00000000080009b0       0x50 /home/ntouda/RIOT/mon_projet_stm32/bin/nucleo-f401re/periph/uart.o
 .text.uart_enable_clock
                0x0000000008000a00       0x30 /home/ntouda/RIOT/mon_projet_stm32/bin/nucleo-f401re/periph/uart.o
 .text.uart_init
                0x0000000008000a30       0x90 /home/ntouda/RIOT/mon_projet_stm32/bin/nucleo-f401re/periph/uart.o
                0x0000000008000a30                uart_init
 .text.uart_write
                0x0000000008000ac0       0x2c /home/ntouda/RIOT/mon_projet_stm32/bin/nucleo-f401re/periph/uart.o
                0x0000000008000ac0                uart_write
 .text.isr_usart2
                0x0000000008000aec        0x6 /home/ntouda/RIOT/mon_projet_stm32/bin/nucleo-f401re/periph/uart.o
                0x0000000008000aec                isr_usart2
 .text.isr_usart1
                0x0000000008000af2        0x6 /home/ntouda/RIOT/mon_projet_stm32/bin/nucleo-f401re/periph/uart.o
                0x0000000008000af2                isr_usart1
 .text.isr_usart6
                0x0000000008000af8        0x6 /home/ntouda/RIOT/mon_projet_stm32/bin/nucleo-f401re/periph/uart.o
                0x0000000008000af8                isr_usart6
 *fill*         0x0000000008000afe        0x2 
 .text.pm_set_lowest
                0x0000000008000b00       0x2c /home/ntouda/RIOT/mon_projet_stm32/bin/nucleo-f401re/pm_layered/pm.o
                0x0000000008000b00                pm_set_lowest
 .text.pm_block
                0x0000000008000b2c       0x18 /home/ntouda/RIOT/mon_projet_stm32/bin/nucleo-f401re/pm_layered/pm.o
                0x0000000008000b2c                pm_block
 .text.stdio_init
                0x0000000008000b44        0xe /home/ntouda/RIOT/mon_projet_stm32/bin/nucleo-f401re/stdio_uart/stdio_uart.o
                0x0000000008000b44                stdio_init
 .text.stdio_read
                0x0000000008000b52        0x6 /home/ntouda/RIOT/mon_projet_stm32/bin/nucleo-f401re/stdio_uart/stdio_uart.o
                0x0000000008000b52                stdio_read
 .text.stdio_write
                0x0000000008000b58       0x12 /home/ntouda/RIOT/mon_projet_stm32/bin/nucleo-f401re/stdio_uart/stdio_uart.o
                0x0000000008000b58                stdio_write
 *fill*         0x0000000008000b6a        0x2 
 .text.stmclk_enable_hsi
                0x0000000008000b6c       0x18 /home/ntouda/RIOT/mon_projet_stm32/bin/nucleo-f401re/stm32_clk/stmclk_common.o
                0x0000000008000b6c                stmclk_enable_hsi
 .text.stmclk_disable_hsi
                0x0000000008000b84       0x10 /home/ntouda/RIOT/mon_projet_stm32/bin/nucleo-f401re/stm32_clk/stmclk_common.o
                0x0000000008000b84                stmclk_disable_hsi
 .text.stmclk_dbp_unlock
                0x0000000008000b94       0x10 /home/ntouda/RIOT/mon_projet_stm32/bin/nucleo-f401re/stm32_clk/stmclk_common.o
                0x0000000008000b94                stmclk_dbp_unlock
 .text.stmclk_dbp_lock
                0x0000000008000ba4       0x10 /home/ntouda/RIOT/mon_projet_stm32/bin/nucleo-f401re/stm32_clk/stmclk_common.o
                0x0000000008000ba4                stmclk_dbp_lock
 .text.stmclk_dbp_is_locked
                0x0000000008000bb4       0x14 /home/ntouda/RIOT/mon_projet_stm32/bin/nucleo-f401re/stm32_clk/stmclk_common.o
                0x0000000008000bb4                stmclk_dbp_is_locked
 .text.stmclk_init_sysclk
                0x0000000008000bc8       0x78 /home/ntouda/RIOT/mon_projet_stm32/bin/nucleo-f401re/stm32_clk/stmclk_f2f4f7.o
                0x0000000008000bc8                stmclk_init_sysclk
 .text.dummy_handler
                0x0000000008000c40        0x4 /home/ntouda/RIOT/mon_projet_stm32/bin/nucleo-f401re/stm32_vectors/STM32F401xE.o
                0x0000000008000c40                isr_dma2_stream4
                0x0000000008000c40                isr_pvd
                0x0000000008000c40                isr_rtc_wkup
                0x0000000008000c40                isr_exti
                0x0000000008000c40                isr_tim5
                0x0000000008000c40                isr_i2c1_ev
                0x0000000008000c40                isr_dma2_stream0
                0x0000000008000c40                isr_tim4
                0x0000000008000c40                isr_dma2_stream6
                0x0000000008000c40                isr_dma1_stream1
                0x0000000008000c40                isr_i2c3_ev
                0x0000000008000c40                isr_dma2_stream5
                0x0000000008000c40                isr_tim2
                0x0000000008000c40                isr_sdio
                0x0000000008000c40                isr_spi2
                0x0000000008000c40                isr_tamp_stamp
                0x0000000008000c40                dummy_handler
                0x0000000008000c40                isr_otg_fs
                0x0000000008000c40                isr_dma1_stream7
                0x0000000008000c40                isr_dma1_stream6
                0x0000000008000c40                isr_adc
                0x0000000008000c40                isr_dma2_stream3
                0x0000000008000c40                isr_spi1
                0x0000000008000c40                isr_rcc
                0x0000000008000c40                isr_flash
                0x0000000008000c40                isr_dma2_stream7
                0x0000000008000c40                isr_i2c3_er
                0x0000000008000c40                isr_tim1_cc
                0x0000000008000c40                isr_dma1_stream4
                0x0000000008000c40                isr_spi4
                0x0000000008000c40                isr_i2c2_er
                0x0000000008000c40                isr_otg_fs_wkup
                0x0000000008000c40                isr_dma1_stream0
                0x0000000008000c40                isr_dma1_stream5
                0x0000000008000c40                isr_spi3
                0x0000000008000c40                isr_dma2_stream1
                0x0000000008000c40                isr_tim3
                0x0000000008000c40                isr_dma2_stream2
                0x0000000008000c40                isr_fpu
                0x0000000008000c40                isr_tim1_brk_tim9
                0x0000000008000c40                isr_tim1_up_tim10
                0x0000000008000c40                isr_i2c2_ev
                0x0000000008000c40                isr_rtc_alarm
                0x0000000008000c40                isr_dma1_stream3
                0x0000000008000c40                isr_dma1_stream2
                0x0000000008000c40                isr_tim1_trg_com_tim11
                0x0000000008000c40                isr_i2c1_er
                0x0000000008000c40                isr_wwdg
 .text          0x0000000008000c44       0x48 /usr/lib/gcc/arm-none-eabi/10.3.1/../../../arm-none-eabi/lib/thumb/v7e-m+fp/hard/libc_nano.a(lib_a-init.o)
                0x0000000008000c44                __libc_init_array
 .text          0x0000000008000c8c      0x134 /usr/lib/gcc/arm-none-eabi/10.3.1/../../../arm-none-eabi/lib/thumb/v7e-m+fp/hard/libc_nano.a(lib_a-memcpy.o)
                0x0000000008000c8c                memcpy
 .text          0x0000000008000dc0       0xa4 /usr/lib/gcc/arm-none-eabi/10.3.1/../../../arm-none-eabi/lib/thumb/v7e-m+fp/hard/libc_nano.a(lib_a-memset.o)
                0x0000000008000dc0                memset
 .text          0x0000000008000e64       0xc4 /usr/lib/gcc/arm-none-eabi/10.3.1/../../../arm-none-eabi/lib/thumb/v7e-m+fp/hard/libc_nano.a(lib_a-nano-freer.o)
                0x0000000008000e64                _free_r
 .text          0x0000000008000f28       0xb4 /usr/lib/gcc/arm-none-eabi/10.3.1/../../../arm-none-eabi/lib/thumb/v7e-m+fp/hard/libc_nano.a(lib_a-nano-mallocr.o)
                0x0000000008000f28                _malloc_r
 .text          0x0000000008000fdc       0x60 /usr/lib/gcc/arm-none-eabi/10.3.1/../../../arm-none-eabi/lib/thumb/v7e-m+fp/hard/libc_nano.a(lib_a-printf.o)
                0x0000000008000fdc                _printf_r
                0x0000000008000fdc                _iprintf_r
                0x0000000008001008                printf
                0x0000000008001008                iprintf
 .text          0x000000000800103c       0xec /usr/lib/gcc/arm-none-eabi/10.3.1/../../../arm-none-eabi/lib/thumb/v7e-m+fp/hard/libc_nano.a(lib_a-puts.o)
                0x000000000800103c                _puts_r
                0x0000000008001118                puts
 .text          0x0000000008001128       0xc8 /usr/lib/gcc/arm-none-eabi/10.3.1/../../../arm-none-eabi/lib/thumb/v7e-m+fp/hard/libc_nano.a(lib_a-wbuf.o)
                0x0000000008001128                __swbuf_r
                0x00000000080011d8                __swbuf
 .text          0x00000000080011f0      0x104 /usr/lib/gcc/arm-none-eabi/10.3.1/../../../arm-none-eabi/lib/thumb/v7e-m+fp/hard/libc_nano.a(lib_a-wsetup.o)
                0x00000000080011f0                __swsetup_r
 .text          0x00000000080012f4      0x1e8 /usr/lib/gcc/arm-none-eabi/10.3.1/../../../arm-none-eabi/lib/thumb/v7e-m+fp/hard/libc_nano.a(lib_a-fflush.o)
                0x00000000080012f4                __sflush_r
                0x0000000008001408                _fflush_r
                0x000000000800145c                fflush
 .text          0x00000000080014dc      0x238 /usr/lib/gcc/arm-none-eabi/10.3.1/../../../arm-none-eabi/lib/thumb/v7e-m+fp/hard/libc_nano.a(lib_a-findfp.o)
                0x00000000080014e0                _cleanup_r
                0x00000000080014f0                __sfmoreglue
                0x0000000008001520                __sfp
                0x00000000080016c0                _cleanup
                0x00000000080016d4                __sinit
                0x00000000080016dc                __sfp_lock_acquire
                0x00000000080016e0                __sfp_lock_release
                0x00000000080016e4                __sinit_lock_acquire
                0x00000000080016e8                __sinit_lock_release
                0x00000000080016ec                __fp_lock_all
                0x0000000008001700                __fp_unlock_all
 .text          0x0000000008001714       0x88 /usr/lib/gcc/arm-none-eabi/10.3.1/../../../arm-none-eabi/lib/thumb/v7e-m+fp/hard/libc_nano.a(lib_a-fwalk.o)
                0x0000000008001714                _fwalk
                0x0000000008001754                _fwalk_reent
 .text          0x000000000800179c      0x11c /usr/lib/gcc/arm-none-eabi/10.3.1/../../../arm-none-eabi/lib/thumb/v7e-m+fp/hard/libc_nano.a(lib_a-makebuf.o)
                0x000000000800179c                __smakebuf_r
                0x000000000800185c                __swhatbuf_r
 .text          0x00000000080018b8        0x8 /usr/lib/gcc/arm-none-eabi/10.3.1/../../../arm-none-eabi/lib/thumb/v7e-m+fp/hard/libc_nano.a(lib_a-mlock.o)
                0x00000000080018b8                __malloc_lock
                0x00000000080018bc                __malloc_unlock
 .text          0x00000000080018c0       0x50 /usr/lib/gcc/arm-none-eabi/10.3.1/../../../arm-none-eabi/lib/thumb/v7e-m+fp/hard/libc_nano.a(lib_a-nano-reallocr.o)
                0x00000000080018c0                _realloc_r
 .text          0x0000000008001910      0x328 /usr/lib/gcc/arm-none-eabi/10.3.1/../../../arm-none-eabi/lib/thumb/v7e-m+fp/hard/libc_nano.a(lib_a-nano-vfprintf.o)
                0x000000000800194c                __sfputs_r
                0x000000000800197c                __sprint_r
                0x0000000008001998                _vfiprintf_r
                0x0000000008001998                _vfprintf_r
                0x0000000008001c1c                vfiprintf
                0x0000000008001c1c                vfprintf
 .text          0x0000000008001c38      0x3dc /usr/lib/gcc/arm-none-eabi/10.3.1/../../../arm-none-eabi/lib/thumb/v7e-m+fp/hard/libc_nano.a(lib_a-nano-vfprintf_i.o)
                0x0000000008001c38                _printf_common
                0x0000000008001d64                _printf_i
 .text          0x0000000008002014       0x90 /usr/lib/gcc/arm-none-eabi/10.3.1/../../../arm-none-eabi/lib/thumb/v7e-m+fp/hard/libc_nano.a(lib_a-stdio.o)
                0x0000000008002014                __sread
                0x0000000008002038                __seofread
                0x000000000800203c                __swrite
                0x000000000800207c                __sseek
                0x000000000800209c                __sclose
 .text          0x00000000080020a4      0x2f0 /usr/lib/gcc/arm-none-eabi/10.3.1/../../../arm-none-eabi/lib/thumb/v7e-m+fp/hard/libc_nano.a(lib_a-fvwrite.o)
                0x00000000080020a4                __sfvwrite_r
 *fill*         0x0000000008002394        0xc 
 .text          0x00000000080023a0       0xa0 /usr/lib/gcc/arm-none-eabi/10.3.1/../../../arm-none-eabi/lib/thumb/v7e-m+fp/hard/libc_nano.a(lib_a-memchr.o)
                0x00000000080023a0                memchr
 .text          0x0000000008002440       0xf8 /usr/lib/gcc/arm-none-eabi/10.3.1/../../../arm-none-eabi/lib/thumb/v7e-m+fp/hard/libc_nano.a(lib_a-memmove.o)
                0x0000000008002440                memmove
 .text          0x0000000008002538       0x14 /usr/lib/gcc/arm-none-eabi/10.3.1/../../../arm-none-eabi/lib/thumb/v7e-m+fp/hard/libc_nano.a(lib_a-nano-msizer.o)
                0x0000000008002538                _malloc_usable_size_r
 *(.glue_7t)
 .glue_7t       0x000000000800254c        0x0 linker stubs
 *(.glue_7)
 .glue_7        0x000000000800254c        0x0 linker stubs
 *(.rodata .rodata* .gnu.linkonce.r.*)
 .rodata.main_trampoline.str1.1
                0x000000000800254c       0x3a /home/ntouda/RIOT/mon_projet_stm32/bin/nucleo-f401re/core_lib/init.o
 .rodata.kernel_init.str1.1
                0x0000000008002586        0x5 /home/ntouda/RIOT/mon_projet_stm32/bin/nucleo-f401re/core_lib/init.o
 .rodata.core_panic.str1.1
                0x000000000800258b       0x2e /home/ntouda/RIOT/mon_projet_stm32/bin/nucleo-f401re/core_lib/panic.o
 .rodata.nmi_handler.str1.1
                0x00000000080025b9        0xc /home/ntouda/RIOT/mon_projet_stm32/bin/nucleo-f401re/cortexm_common/vectors_cortexm.o
 .rodata.hard_fault_default.str1.1
                0x00000000080025c5       0x13 /home/ntouda/RIOT/mon_projet_stm32/bin/nucleo-f401re/cortexm_common/vectors_cortexm.o
 .rodata.mem_manage_default.str1.1
                0x00000000080025d8       0x13 /home/ntouda/RIOT/mon_projet_stm32/bin/nucleo-f401re/cortexm_common/vectors_cortexm.o
 .rodata.bus_fault_default.str1.1
                0x00000000080025eb       0x12 /home/ntouda/RIOT/mon_projet_stm32/bin/nucleo-f401re/cortexm_common/vectors_cortexm.o
 .rodata.usage_fault_default.str1.1
                0x00000000080025fd       0x14 /home/ntouda/RIOT/mon_projet_stm32/bin/nucleo-f401re/cortexm_common/vectors_cortexm.o
 .rodata.debug_mon_default.str1.1
                0x0000000008002611       0x12 /home/ntouda/RIOT/mon_projet_stm32/bin/nucleo-f401re/cortexm_common/vectors_cortexm.o
 .rodata.dummy_handler_default.str1.1
                0x0000000008002623        0xe /home/ntouda/RIOT/mon_projet_stm32/bin/nucleo-f401re/cortexm_common/vectors_cortexm.o
 *fill*         0x0000000008002631        0x3 
 .rodata.uart_config
                0x0000000008002634       0x3c /home/ntouda/RIOT/mon_projet_stm32/bin/nucleo-f401re/periph/uart.o
 .rodata        0x0000000008002670        0x4 /usr/lib/gcc/arm-none-eabi/10.3.1/../../../arm-none-eabi/lib/thumb/v7e-m+fp/hard/libc_nano.a(lib_a-impure.o)
                0x0000000008002670                _global_impure_ptr
 .rodata        0x0000000008002674       0x60 /usr/lib/gcc/arm-none-eabi/10.3.1/../../../arm-none-eabi/lib/thumb/v7e-m+fp/hard/libc_nano.a(lib_a-findfp.o)
                0x0000000008002674                __sf_fake_stderr
                0x0000000008002694                __sf_fake_stdout
                0x00000000080026b4                __sf_fake_stdin
 .rodata.str1.4
                0x00000000080026d4       0x13 /usr/lib/gcc/arm-none-eabi/10.3.1/../../../arm-none-eabi/lib/thumb/v7e-m+fp/hard/libc_nano.a(lib_a-nano-vfprintf.o)
 *fill*         0x00000000080026e7        0x1 
 .rodata.str1.4
                0x00000000080026e8       0x25 /usr/lib/gcc/arm-none-eabi/10.3.1/../../../arm-none-eabi/lib/thumb/v7e-m+fp/hard/libc_nano.a(lib_a-nano-vfprintf_i.o)
 *(SORT_BY_NAME(.roxfa.*))
 *fill*         0x000000000800270d        0x3 
 .roxfa.auto_init_xfa.0_
                0x0000000008002710        0x0 /home/ntouda/RIOT/mon_projet_stm32/bin/nucleo-f401re/auto_init/auto_init.o
                0x0000000008002710                auto_init_xfa
 .roxfa.auto_init_xfa.9_
                0x0000000008002710        0x0 /home/ntouda/RIOT/mon_projet_stm32/bin/nucleo-f401re/auto_init/auto_init.o
                0x0000000008002710                auto_init_xfa_end
 *(.ARM.extab* .gnu.linkonce.armextab.*)
                0x0000000008002710                . = ALIGN (0x4)
 *(.init)
                0x0000000008002710                . = ALIGN (0x4)
                0x0000000008002710                __preinit_array_start = .
 *(.preinit_array)
                0x0000000008002710                __preinit_array_end = .
                0x0000000008002710                . = ALIGN (0x4)
                0x0000000008002710                __init_array_start = .
 *(SORT_BY_NAME(.init_array.*))
 *(.init_array)
                0x0000000008002710                __init_array_end = .
                0x0000000008002710                . = ALIGN (0x4)
 *crtbegin.o(.ctors)
 *(EXCLUDE_FILE(*crtend.o) .ctors)
 *(SORT_BY_NAME(.ctors.*))
 *crtend.o(.ctors)
                0x0000000008002710                . = ALIGN (0x4)
 *(.fini)
                0x0000000008002710                . = ALIGN (0x4)
                0x0000000008002710                __fini_array_start = .
 *(.fini_array)
 *(SORT_BY_NAME(.fini_array.*))
                0x0000000008002710                __fini_array_end = .
 *crtbegin.o(.dtors)
 *(EXCLUDE_FILE(*crtend.o) .dtors)
 *(SORT_BY_NAME(.dtors.*))
 *crtend.o(.dtors)
                0x0000000008002710                . = ALIGN (0x4)
                0x0000000008002710                _efixed = .

.vfp11_veneer   0x0000000008002710        0x0
 .vfp11_veneer  0x0000000008002710        0x0 linker stubs

.v4_bx          0x0000000008002710        0x0
 .v4_bx         0x0000000008002710        0x0 linker stubs

.iplt           0x0000000008002710        0x0
 .iplt          0x0000000008002710        0x0 /home/ntouda/RIOT/mon_projet_stm32/bin/nucleo-f401re/auto_init/auto_init.o

.igot.plt       0x0000000008002710        0x0
 .igot.plt      0x0000000008002710        0x0 /home/ntouda/RIOT/mon_projet_stm32/bin/nucleo-f401re/auto_init/auto_init.o

.rel.dyn        0x0000000008002710        0x0
 .rel.iplt      0x0000000008002710        0x0 /home/ntouda/RIOT/mon_projet_stm32/bin/nucleo-f401re/auto_init/auto_init.o

.tdata          0x0000000008002710        0x0
                0x0000000008002710                __tdata_start = .
 *(.tdata .tdata.* .gnu.linkonce.td.*)
                0x0000000008002710                __tdata_end = .
                0x0000000008002710                __tdata_source = LOADADDR (.tdata)
                0x0000000000000000                __tdata_size = SIZEOF (.tdata)

.tbss           0x0000000008002710        0x0
 *(.tbss .tbss.* .gnu.linkonce.tb.*)
 *(.tcommon)
                0x0000000008002710                __tbss_end = .
                0x0000000000000000                __tls_size = (__tbss_end - __tdata_start)
                0x0000000000000000                __tbss_size = (__tls_size - __tdata_size)
                [!provide]                        PROVIDE (__tbss_offset = (ADDR (.tbss) - ADDR (.tdata)))
                [!provide]                        PROVIDE (__tls_align = MAX (ALIGNOF (.tdata), ALIGNOF (.tbss)))
                [!provide]                        PROVIDE (__arm32_tls_tcb_offset = MAX (0x8, __tls_align))
                [!provide]                        PROVIDE (__arm64_tls_tcb_offset = MAX (0x10, __tls_align))
                [!provide]                        PROVIDE (__exidx_start = .)

.ARM.exidx
 *(.ARM.exidx* .gnu.linkonce.armexidx.*)
                [!provide]                        PROVIDE (__exidx_end = .)
                0x0000000008002710                . = ALIGN (0x4)

.eh_frame
 *(.eh_frame)
                0x0000000008002710                . = ALIGN (0x4)
                0x0000000008002710                _etext = .

.stack          0x0000000020000000      0x200
 *(.puf)
                0x0000000020000000                . = ALIGN (0x8)
                0x0000000020000000                _sstack = .
 *(.isr_stack)
 .isr_stack     0x0000000020000000      0x200 /home/ntouda/RIOT/mon_projet_stm32/bin/nucleo-f401re/cortexm_common/vectors_cortexm.o
                0x0000000020000000                isr_stack
                0x0000000020000200                . = ALIGN (0x8)
                0x0000000020000200                _estack = .

.relocate       0x0000000020000200       0x70 load address 0x0000000008002710
                0x0000000020000200                . = ALIGN (0x4)
                0x0000000020000200                _srelocate = .
 *(.ramfunc .ramfunc.*)
 *(.data .data.*)
 .data.heap_top
                0x0000000020000200        0x4 /home/ntouda/RIOT/mon_projet_stm32/bin/nucleo-f401re/newlib_syscalls_default/syscalls.o
 .data.pm_blocker
                0x0000000020000204        0x4 /home/ntouda/RIOT/mon_projet_stm32/bin/nucleo-f401re/pm_layered/pm.o
 .data          0x0000000020000208       0x64 /usr/lib/gcc/arm-none-eabi/10.3.1/../../../arm-none-eabi/lib/thumb/v7e-m+fp/hard/libc_nano.a(lib_a-impure.o)
                0x0000000020000208                _impure_ptr
 *(SORT_BY_NAME(.xfa.*))
 *(.openocd .openocd.*)
 .openocd       0x000000002000026c        0x1 /home/ntouda/RIOT/mon_projet_stm32/bin/nucleo-f401re/core/sched.o
                0x000000002000026c                max_threads
                0x0000000020000270                . = ALIGN (0x4)
 *fill*         0x000000002000026d        0x3 
                0x0000000020000270                _erelocate = .

.bss            0x0000000020000270      0x708 load address 0x0000000008002780
                0x0000000020000270                . = ALIGN (0x4)
                0x0000000020000270                _sbss = .
                0x0000000020000270                _szero = .
 *(.bss .bss.*)
 .bss.main_stack
                0x0000000020000270      0x600 /home/ntouda/RIOT/mon_projet_stm32/bin/nucleo-f401re/core_lib/init.o
 .bss.crashed   0x0000000020000870        0x4 /home/ntouda/RIOT/mon_projet_stm32/bin/nucleo-f401re/core_lib/panic.o
 .bss.runqueue_bitcache
                0x0000000020000874        0x4 /home/ntouda/RIOT/mon_projet_stm32/bin/nucleo-f401re/core/sched.o
 .bss.sched_active_pid
                0x0000000020000878        0x2 /home/ntouda/RIOT/mon_projet_stm32/bin/nucleo-f401re/core/sched.o
                0x0000000020000878                sched_active_pid
 *fill*         0x000000002000087a        0x2 
 .bss.sched_active_thread
                0x000000002000087c        0x4 /home/ntouda/RIOT/mon_projet_stm32/bin/nucleo-f401re/core/sched.o
                0x000000002000087c                sched_active_thread
 .bss.sched_context_switch_request
                0x0000000020000880        0x4 /home/ntouda/RIOT/mon_projet_stm32/bin/nucleo-f401re/core/sched.o
                0x0000000020000880                sched_context_switch_request
 .bss.sched_num_threads
                0x0000000020000884        0x4 /home/ntouda/RIOT/mon_projet_stm32/bin/nucleo-f401re/core/sched.o
                0x0000000020000884                sched_num_threads
 .bss.sched_runqueues
                0x0000000020000888       0x40 /home/ntouda/RIOT/mon_projet_stm32/bin/nucleo-f401re/core/sched.o
                0x0000000020000888                sched_runqueues
 .bss.sched_threads
                0x00000000200008c8       0x84 /home/ntouda/RIOT/mon_projet_stm32/bin/nucleo-f401re/core/sched.o
                0x00000000200008c8                sched_threads
 .bss.isr_ctx   0x000000002000094c       0x24 /home/ntouda/RIOT/mon_projet_stm32/bin/nucleo-f401re/periph/uart.o
 .bss           0x0000000020000970        0x8 /usr/lib/gcc/arm-none-eabi/10.3.1/../../../arm-none-eabi/lib/thumb/v7e-m+fp/hard/libc_nano.a(lib_a-nano-mallocr.o)
                0x0000000020000970                __malloc_free_list
                0x0000000020000974                __malloc_sbrk_start
 *(COMMON)
                0x0000000020000978                . = ALIGN (0x4)
                0x0000000020000978                _ebss = .
                0x0000000020000978                _ezero = .

.noinit         0x0000000020000978        0x0 load address 0x0000000008002780
                0x0000000020000978                __noinit_start = .
 *(.noinit)
                0x0000000020000978                . = ALIGN (0x4)
                0x0000000020000978                __noinit_end = .
                0x0000000020000978                . = ALIGN (0x4)
                0x0000000020000978                _sheap = .
                0x0000000020018000                _eheap = (ORIGIN (ram) + LENGTH (ram))
                0x0000000020000000                _sram = ORIGIN (ram)
                0x0000000020018000                _eram = (ORIGIN (ram) + LENGTH (ram))
                0x0000000008000000                _srom = ORIGIN (rom)
                0x0000000008080000                _erom = (ORIGIN (rom) + LENGTH (rom))
                0x0000000008002780                _sbackup_data_load = LOADADDR (.backup.data)

.backup.data    0x0000000000000000        0x0 load address 0x0000000008002780
                0x0000000000000000                _sbackup_data = .
 *(.backup.data)
                0x0000000000000000                _ebackup_data = .
                0x0000000000000000                . = ALIGN (0x4)

.backup.bss     0x0000000000000000        0x0 load address 0x0000000008002780
                0x0000000000000000                _sbackup_bss = .
 *(.backup.bss)
                0x0000000000000000                _ebackup_bss = .
                0x0000000000000000                . = ALIGN (0x4)

.heap3          0x0000000000000000        0x0 load address 0x0000000008002780
                0x0000000000000000                _sheap1 = .
                0x0000000000000000                _eheap1 = (ORIGIN (bkup_ram) + LENGTH (bkup_ram))

.flash_writable
 *(SORT_BY_NAME(.flash_writable.*))

.end_fw         0x0000000008002780        0x0
                0x0000000008002780                _end_fw = .
OUTPUT(/home/ntouda/RIOT/mon_projet_stm32/bin/nucleo-f401re/projetstm32.elf elf32-littlearm)
LOAD linker stubs

.debug_info     0x0000000000000000    0x1fbc0
 .debug_info    0x0000000000000000      0x183 /home/ntouda/RIOT/mon_projet_stm32/bin/nucleo-f401re/auto_init/auto_init.o
 .debug_info    0x0000000000000183      0xde6 /home/ntouda/RIOT/mon_projet_stm32/bin/nucleo-f401re/board_common_init/board_common.o
 .debug_info    0x0000000000000f69      0x382 /home/ntouda/RIOT/mon_projet_stm32/bin/nucleo-f401re/core_lib/init.o
 .debug_info    0x00000000000012eb      0x367 /home/ntouda/RIOT/mon_projet_stm32/bin/nucleo-f401re/core_lib/panic.o
 .debug_info    0x0000000000001652      0xefc /home/ntouda/RIOT/mon_projet_stm32/bin/nucleo-f401re/core/sched.o
 .debug_info    0x000000000000254e     0x1428 /home/ntouda/RIOT/mon_projet_stm32/bin/nucleo-f401re/core/thread.o
 .debug_info    0x0000000000003976      0x82e /home/ntouda/RIOT/mon_projet_stm32/bin/nucleo-f401re/cortexm_common/cortexm_init.o
 .debug_info    0x00000000000041a4      0x131 /home/ntouda/RIOT/mon_projet_stm32/bin/nucleo-f401re/cortexm_common/panic.o
 .debug_info    0x00000000000042d5      0x35f /home/ntouda/RIOT/mon_projet_stm32/bin/nucleo-f401re/cortexm_common_periph/pm.o
 .debug_info    0x0000000000004634      0xa53 /home/ntouda/RIOT/mon_projet_stm32/bin/nucleo-f401re/cortexm_common/thread_arch.o
 .debug_info    0x0000000000005087     0x134d /home/ntouda/RIOT/mon_projet_stm32/bin/nucleo-f401re/cortexm_common/vectors_cortexm.o
 .debug_info    0x00000000000063d4      0xf77 /home/ntouda/RIOT/mon_projet_stm32/bin/nucleo-f401re/cpu/cpu_common.o
 .debug_info    0x000000000000734b     0x12bd /home/ntouda/RIOT/mon_projet_stm32/bin/nucleo-f401re/cpu/cpu_init.o
 .debug_info    0x0000000000008608     0x20ac /home/ntouda/RIOT/mon_projet_stm32/bin/nucleo-f401re/newlib_syscalls_default/syscalls.o
 .debug_info    0x000000000000a6b4      0xf20 /home/ntouda/RIOT/mon_projet_stm32/bin/nucleo-f401re/periph_common/init_leds.o
 .debug_info    0x000000000000b5d4      0xba6 /home/ntouda/RIOT/mon_projet_stm32/bin/nucleo-f401re/periph_common/init.o
 .debug_info    0x000000000000c17a     0x13ef /home/ntouda/RIOT/mon_projet_stm32/bin/nucleo-f401re/periph/gpio_all.o
 .debug_info    0x000000000000d569      0x5c6 /home/ntouda/RIOT/mon_projet_stm32/bin/nucleo-f401re/periph/pm.o
 .debug_info    0x000000000000db2f     0x180c /home/ntouda/RIOT/mon_projet_stm32/bin/nucleo-f401re/periph/uart.o
 .debug_info    0x000000000000f33b     0x129a /home/ntouda/RIOT/mon_projet_stm32/bin/nucleo-f401re/pm_layered/pm.o
 .debug_info    0x00000000000105d5     0x10a9 /home/ntouda/RIOT/mon_projet_stm32/bin/nucleo-f401re/stdio_uart/stdio_uart.o
 .debug_info    0x000000000001167e      0xe5f /home/ntouda/RIOT/mon_projet_stm32/bin/nucleo-f401re/stm32_clk/stmclk_common.o
 .debug_info    0x00000000000124dd      0xfb7 /home/ntouda/RIOT/mon_projet_stm32/bin/nucleo-f401re/stm32_clk/stmclk_f2f4f7.o
 .debug_info    0x0000000000013494      0x26a /home/ntouda/RIOT/mon_projet_stm32/bin/nucleo-f401re/stm32_vectors/STM32F401xE.o
 .debug_info    0x00000000000136fe      0x863 /usr/lib/gcc/arm-none-eabi/10.3.1/../../../arm-none-eabi/lib/thumb/v7e-m+fp/hard/libc_nano.a(lib_a-impure.o)
 .debug_info    0x0000000000013f61      0x11a /usr/lib/gcc/arm-none-eabi/10.3.1/../../../arm-none-eabi/lib/thumb/v7e-m+fp/hard/libc_nano.a(lib_a-init.o)
 .debug_info    0x000000000001407b       0x26 /usr/lib/gcc/arm-none-eabi/10.3.1/../../../arm-none-eabi/lib/thumb/v7e-m+fp/hard/libc_nano.a(lib_a-memcpy.o)
 .debug_info    0x00000000000140a1      0x137 /usr/lib/gcc/arm-none-eabi/10.3.1/../../../arm-none-eabi/lib/thumb/v7e-m+fp/hard/libc_nano.a(lib_a-memset.o)
 .debug_info    0x00000000000141d8      0x903 /usr/lib/gcc/arm-none-eabi/10.3.1/../../../arm-none-eabi/lib/thumb/v7e-m+fp/hard/libc_nano.a(lib_a-nano-freer.o)
 .debug_info    0x0000000000014adb      0xa0c /usr/lib/gcc/arm-none-eabi/10.3.1/../../../arm-none-eabi/lib/thumb/v7e-m+fp/hard/libc_nano.a(lib_a-nano-mallocr.o)
 .debug_info    0x00000000000154e7      0x8fd /usr/lib/gcc/arm-none-eabi/10.3.1/../../../arm-none-eabi/lib/thumb/v7e-m+fp/hard/libc_nano.a(lib_a-printf.o)
 .debug_info    0x0000000000015de4      0xa41 /usr/lib/gcc/arm-none-eabi/10.3.1/../../../arm-none-eabi/lib/thumb/v7e-m+fp/hard/libc_nano.a(lib_a-puts.o)
 .debug_info    0x0000000000016825      0x998 /usr/lib/gcc/arm-none-eabi/10.3.1/../../../arm-none-eabi/lib/thumb/v7e-m+fp/hard/libc_nano.a(lib_a-wbuf.o)
 .debug_info    0x00000000000171bd      0x902 /usr/lib/gcc/arm-none-eabi/10.3.1/../../../arm-none-eabi/lib/thumb/v7e-m+fp/hard/libc_nano.a(lib_a-wsetup.o)
 .debug_info    0x0000000000017abf      0xb0d /usr/lib/gcc/arm-none-eabi/10.3.1/../../../arm-none-eabi/lib/thumb/v7e-m+fp/hard/libc_nano.a(lib_a-fflush.o)
 .debug_info    0x00000000000185cc      0xfae /usr/lib/gcc/arm-none-eabi/10.3.1/../../../arm-none-eabi/lib/thumb/v7e-m+fp/hard/libc_nano.a(lib_a-findfp.o)
 .debug_info    0x000000000001957a      0x900 /usr/lib/gcc/arm-none-eabi/10.3.1/../../../arm-none-eabi/lib/thumb/v7e-m+fp/hard/libc_nano.a(lib_a-fwalk.o)
 .debug_info    0x0000000000019e7a      0xc8a /usr/lib/gcc/arm-none-eabi/10.3.1/../../../arm-none-eabi/lib/thumb/v7e-m+fp/hard/libc_nano.a(lib_a-makebuf.o)
 .debug_info    0x000000000001ab04      0x7dc /usr/lib/gcc/arm-none-eabi/10.3.1/../../../arm-none-eabi/lib/thumb/v7e-m+fp/hard/libc_nano.a(lib_a-mlock.o)
 .debug_info    0x000000000001b2e0      0x911 /usr/lib/gcc/arm-none-eabi/10.3.1/../../../arm-none-eabi/lib/thumb/v7e-m+fp/hard/libc_nano.a(lib_a-nano-reallocr.o)
 .debug_info    0x000000000001bbf1     0x115f /usr/lib/gcc/arm-none-eabi/10.3.1/../../../arm-none-eabi/lib/thumb/v7e-m+fp/hard/libc_nano.a(lib_a-nano-vfprintf.o)
 .debug_info    0x000000000001cd50      0xe9e /usr/lib/gcc/arm-none-eabi/10.3.1/../../../arm-none-eabi/lib/thumb/v7e-m+fp/hard/libc_nano.a(lib_a-nano-vfprintf_i.o)
 .debug_info    0x000000000001dbee      0xabc /usr/lib/gcc/arm-none-eabi/10.3.1/../../../arm-none-eabi/lib/thumb/v7e-m+fp/hard/libc_nano.a(lib_a-stdio.o)
 .debug_info    0x000000000001e6aa      0xb5e /usr/lib/gcc/arm-none-eabi/10.3.1/../../../arm-none-eabi/lib/thumb/v7e-m+fp/hard/libc_nano.a(lib_a-fvwrite.o)
 .debug_info    0x000000000001f208       0x26 /usr/lib/gcc/arm-none-eabi/10.3.1/../../../arm-none-eabi/lib/thumb/v7e-m+fp/hard/libc_nano.a(lib_a-memchr.o)
 .debug_info    0x000000000001f22e      0x152 /usr/lib/gcc/arm-none-eabi/10.3.1/../../../arm-none-eabi/lib/thumb/v7e-m+fp/hard/libc_nano.a(lib_a-memmove.o)
 .debug_info    0x000000000001f380      0x840 /usr/lib/gcc/arm-none-eabi/10.3.1/../../../arm-none-eabi/lib/thumb/v7e-m+fp/hard/libc_nano.a(lib_a-nano-msizer.o)

.debug_abbrev   0x0000000000000000     0x6ba7
 .debug_abbrev  0x0000000000000000      0x11a /home/ntouda/RIOT/mon_projet_stm32/bin/nucleo-f401re/auto_init/auto_init.o
 .debug_abbrev  0x000000000000011a      0x1cc /home/ntouda/RIOT/mon_projet_stm32/bin/nucleo-f401re/board_common_init/board_common.o
 .debug_abbrev  0x00000000000002e6      0x257 /home/ntouda/RIOT/mon_projet_stm32/bin/nucleo-f401re/core_lib/init.o
 .debug_abbrev  0x000000000000053d      0x205 /home/ntouda/RIOT/mon_projet_stm32/bin/nucleo-f401re/core_lib/panic.o
 .debug_abbrev  0x0000000000000742      0x45d /home/ntouda/RIOT/mon_projet_stm32/bin/nucleo-f401re/core/sched.o
 .debug_abbrev  0x0000000000000b9f      0x4f0 /home/ntouda/RIOT/mon_projet_stm32/bin/nucleo-f401re/core/thread.o
 .debug_abbrev  0x000000000000108f      0x2c9 /home/ntouda/RIOT/mon_projet_stm32/bin/nucleo-f401re/cortexm_common/cortexm_init.o
 .debug_abbrev  0x0000000000001358       0xf5 /home/ntouda/RIOT/mon_projet_stm32/bin/nucleo-f401re/cortexm_common/panic.o
 .debug_abbrev  0x000000000000144d      0x197 /home/ntouda/RIOT/mon_projet_stm32/bin/nucleo-f401re/cortexm_common_periph/pm.o
 .debug_abbrev  0x00000000000015e4      0x495 /home/ntouda/RIOT/mon_projet_stm32/bin/nucleo-f401re/cortexm_common/thread_arch.o
 .debug_abbrev  0x0000000000001a79      0x316 /home/ntouda/RIOT/mon_projet_stm32/bin/nucleo-f401re/cortexm_common/vectors_cortexm.o
 .debug_abbrev  0x0000000000001d8f      0x2bf /home/ntouda/RIOT/mon_projet_stm32/bin/nucleo-f401re/cpu/cpu_common.o
 .debug_abbrev  0x000000000000204e      0x2cb /home/ntouda/RIOT/mon_projet_stm32/bin/nucleo-f401re/cpu/cpu_init.o
 .debug_abbrev  0x0000000000002319      0x483 /home/ntouda/RIOT/mon_projet_stm32/bin/nucleo-f401re/newlib_syscalls_default/syscalls.o
 .debug_abbrev  0x000000000000279c      0x1f8 /home/ntouda/RIOT/mon_projet_stm32/bin/nucleo-f401re/periph_common/init_leds.o
 .debug_abbrev  0x0000000000002994      0x1d6 /home/ntouda/RIOT/mon_projet_stm32/bin/nucleo-f401re/periph_common/init.o
 .debug_abbrev  0x0000000000002b6a      0x320 /home/ntouda/RIOT/mon_projet_stm32/bin/nucleo-f401re/periph/gpio_all.o
 .debug_abbrev  0x0000000000002e8a      0x26e /home/ntouda/RIOT/mon_projet_stm32/bin/nucleo-f401re/periph/pm.o
 .debug_abbrev  0x00000000000030f8      0x47a /home/ntouda/RIOT/mon_projet_stm32/bin/nucleo-f401re/periph/uart.o
 .debug_abbrev  0x0000000000003572      0x329 /home/ntouda/RIOT/mon_projet_stm32/bin/nucleo-f401re/pm_layered/pm.o
 .debug_abbrev  0x000000000000389b      0x2ec /home/ntouda/RIOT/mon_projet_stm32/bin/nucleo-f401re/stdio_uart/stdio_uart.o
 .debug_abbrev  0x0000000000003b87      0x20d /home/ntouda/RIOT/mon_projet_stm32/bin/nucleo-f401re/stm32_clk/stmclk_common.o
 .debug_abbrev  0x0000000000003d94      0x2ad /home/ntouda/RIOT/mon_projet_stm32/bin/nucleo-f401re/stm32_clk/stmclk_f2f4f7.o
 .debug_abbrev  0x0000000000004041       0xda /home/ntouda/RIOT/mon_projet_stm32/bin/nucleo-f401re/stm32_vectors/STM32F401xE.o
 .debug_abbrev  0x000000000000411b      0x151 /usr/lib/gcc/arm-none-eabi/10.3.1/../../../arm-none-eabi/lib/thumb/v7e-m+fp/hard/libc_nano.a(lib_a-impure.o)
 .debug_abbrev  0x000000000000426c       0xcc /usr/lib/gcc/arm-none-eabi/10.3.1/../../../arm-none-eabi/lib/thumb/v7e-m+fp/hard/libc_nano.a(lib_a-init.o)
 .debug_abbrev  0x0000000000004338       0x14 /usr/lib/gcc/arm-none-eabi/10.3.1/../../../arm-none-eabi/lib/thumb/v7e-m+fp/hard/libc_nano.a(lib_a-memcpy.o)
 .debug_abbrev  0x000000000000434c       0xb4 /usr/lib/gcc/arm-none-eabi/10.3.1/../../../arm-none-eabi/lib/thumb/v7e-m+fp/hard/libc_nano.a(lib_a-memset.o)
 .debug_abbrev  0x0000000000004400      0x235 /usr/lib/gcc/arm-none-eabi/10.3.1/../../../arm-none-eabi/lib/thumb/v7e-m+fp/hard/libc_nano.a(lib_a-nano-freer.o)
 .debug_abbrev  0x0000000000004635      0x290 /usr/lib/gcc/arm-none-eabi/10.3.1/../../../arm-none-eabi/lib/thumb/v7e-m+fp/hard/libc_nano.a(lib_a-nano-mallocr.o)
 .debug_abbrev  0x00000000000048c5      0x23e /usr/lib/gcc/arm-none-eabi/10.3.1/../../../arm-none-eabi/lib/thumb/v7e-m+fp/hard/libc_nano.a(lib_a-printf.o)
 .debug_abbrev  0x0000000000004b03      0x28e /usr/lib/gcc/arm-none-eabi/10.3.1/../../../arm-none-eabi/lib/thumb/v7e-m+fp/hard/libc_nano.a(lib_a-puts.o)
 .debug_abbrev  0x0000000000004d91      0x21f /usr/lib/gcc/arm-none-eabi/10.3.1/../../../arm-none-eabi/lib/thumb/v7e-m+fp/hard/libc_nano.a(lib_a-wbuf.o)
 .debug_abbrev  0x0000000000004fb0      0x1d4 /usr/lib/gcc/arm-none-eabi/10.3.1/../../../arm-none-eabi/lib/thumb/v7e-m+fp/hard/libc_nano.a(lib_a-wsetup.o)
 .debug_abbrev  0x0000000000005184      0x2dd /usr/lib/gcc/arm-none-eabi/10.3.1/../../../arm-none-eabi/lib/thumb/v7e-m+fp/hard/libc_nano.a(lib_a-fflush.o)
 .debug_abbrev  0x0000000000005461      0x3cd /usr/lib/gcc/arm-none-eabi/10.3.1/../../../arm-none-eabi/lib/thumb/v7e-m+fp/hard/libc_nano.a(lib_a-findfp.o)
 .debug_abbrev  0x000000000000582e      0x197 /usr/lib/gcc/arm-none-eabi/10.3.1/../../../arm-none-eabi/lib/thumb/v7e-m+fp/hard/libc_nano.a(lib_a-fwalk.o)
 .debug_abbrev  0x00000000000059c5      0x278 /usr/lib/gcc/arm-none-eabi/10.3.1/../../../arm-none-eabi/lib/thumb/v7e-m+fp/hard/libc_nano.a(lib_a-makebuf.o)
 .debug_abbrev  0x0000000000005c3d      0x189 /usr/lib/gcc/arm-none-eabi/10.3.1/../../../arm-none-eabi/lib/thumb/v7e-m+fp/hard/libc_nano.a(lib_a-mlock.o)
 .debug_abbrev  0x0000000000005dc6      0x1d6 /usr/lib/gcc/arm-none-eabi/10.3.1/../../../arm-none-eabi/lib/thumb/v7e-m+fp/hard/libc_nano.a(lib_a-nano-reallocr.o)
 .debug_abbrev  0x0000000000005f9c      0x358 /usr/lib/gcc/arm-none-eabi/10.3.1/../../../arm-none-eabi/lib/thumb/v7e-m+fp/hard/libc_nano.a(lib_a-nano-vfprintf.o)
 .debug_abbrev  0x00000000000062f4      0x25c /usr/lib/gcc/arm-none-eabi/10.3.1/../../../arm-none-eabi/lib/thumb/v7e-m+fp/hard/libc_nano.a(lib_a-nano-vfprintf_i.o)
 .debug_abbrev  0x0000000000006550      0x1fb /usr/lib/gcc/arm-none-eabi/10.3.1/../../../arm-none-eabi/lib/thumb/v7e-m+fp/hard/libc_nano.a(lib_a-stdio.o)
 .debug_abbrev  0x000000000000674b      0x1f7 /usr/lib/gcc/arm-none-eabi/10.3.1/../../../arm-none-eabi/lib/thumb/v7e-m+fp/hard/libc_nano.a(lib_a-fvwrite.o)
 .debug_abbrev  0x0000000000006942       0x14 /usr/lib/gcc/arm-none-eabi/10.3.1/../../../arm-none-eabi/lib/thumb/v7e-m+fp/hard/libc_nano.a(lib_a-memchr.o)
 .debug_abbrev  0x0000000000006956       0xc0 /usr/lib/gcc/arm-none-eabi/10.3.1/../../../arm-none-eabi/lib/thumb/v7e-m+fp/hard/libc_nano.a(lib_a-memmove.o)
 .debug_abbrev  0x0000000000006a16      0x191 /usr/lib/gcc/arm-none-eabi/10.3.1/../../../arm-none-eabi/lib/thumb/v7e-m+fp/hard/libc_nano.a(lib_a-nano-msizer.o)

.debug_loc      0x0000000000000000     0x6747
 .debug_loc     0x0000000000000000       0x42 /home/ntouda/RIOT/mon_projet_stm32/bin/nucleo-f401re/auto_init/auto_init.o
 .debug_loc     0x0000000000000042       0x2a /home/ntouda/RIOT/mon_projet_stm32/bin/nucleo-f401re/board_common_init/board_common.o
 .debug_loc     0x000000000000006c       0x4f /home/ntouda/RIOT/mon_projet_stm32/bin/nucleo-f401re/core_lib/init.o
 .debug_loc     0x00000000000000bb       0x71 /home/ntouda/RIOT/mon_projet_stm32/bin/nucleo-f401re/core_lib/panic.o
 .debug_loc     0x000000000000012c      0x4ef /home/ntouda/RIOT/mon_projet_stm32/bin/nucleo-f401re/core/sched.o
 .debug_loc     0x000000000000061b      0xa17 /home/ntouda/RIOT/mon_projet_stm32/bin/nucleo-f401re/core/thread.o
 .debug_loc     0x0000000000001032      0x194 /home/ntouda/RIOT/mon_projet_stm32/bin/nucleo-f401re/cortexm_common/cortexm_init.o
 .debug_loc     0x00000000000011c6       0x2a /home/ntouda/RIOT/mon_projet_stm32/bin/nucleo-f401re/cortexm_common/panic.o
 .debug_loc     0x00000000000011f0       0x2a /home/ntouda/RIOT/mon_projet_stm32/bin/nucleo-f401re/cortexm_common_periph/pm.o
 .debug_loc     0x000000000000121a      0x2c8 /home/ntouda/RIOT/mon_projet_stm32/bin/nucleo-f401re/cortexm_common/thread_arch.o
 .debug_loc     0x00000000000014e2       0x2a /home/ntouda/RIOT/mon_projet_stm32/bin/nucleo-f401re/cortexm_common/vectors_cortexm.o
 .debug_loc     0x000000000000150c      0x2ed /home/ntouda/RIOT/mon_projet_stm32/bin/nucleo-f401re/cpu/cpu_common.o
 .debug_loc     0x00000000000017f9      0x1e3 /home/ntouda/RIOT/mon_projet_stm32/bin/nucleo-f401re/cpu/cpu_init.o
 .debug_loc     0x00000000000019dc      0x52c /home/ntouda/RIOT/mon_projet_stm32/bin/nucleo-f401re/newlib_syscalls_default/syscalls.o
 .debug_loc     0x0000000000001f08       0x2a /home/ntouda/RIOT/mon_projet_stm32/bin/nucleo-f401re/periph_common/init_leds.o
 .debug_loc     0x0000000000001f32       0x2a /home/ntouda/RIOT/mon_projet_stm32/bin/nucleo-f401re/periph_common/init.o
 .debug_loc     0x0000000000001f5c      0x4f4 /home/ntouda/RIOT/mon_projet_stm32/bin/nucleo-f401re/periph/gpio_all.o
 .debug_loc     0x0000000000002450      0x19a /home/ntouda/RIOT/mon_projet_stm32/bin/nucleo-f401re/periph/pm.o
 .debug_loc     0x00000000000025ea      0x443 /home/ntouda/RIOT/mon_projet_stm32/bin/nucleo-f401re/periph/uart.o
 .debug_loc     0x0000000000002a2d      0x20e /home/ntouda/RIOT/mon_projet_stm32/bin/nucleo-f401re/pm_layered/pm.o
 .debug_loc     0x0000000000002c3b       0xdf /home/ntouda/RIOT/mon_projet_stm32/bin/nucleo-f401re/stdio_uart/stdio_uart.o
 .debug_loc     0x0000000000002d1a       0x2a /home/ntouda/RIOT/mon_projet_stm32/bin/nucleo-f401re/stm32_clk/stmclk_common.o
 .debug_loc     0x0000000000002d44       0x93 /home/ntouda/RIOT/mon_projet_stm32/bin/nucleo-f401re/stm32_clk/stmclk_f2f4f7.o
 .debug_loc     0x0000000000002dd7       0xba /usr/lib/gcc/arm-none-eabi/10.3.1/../../../arm-none-eabi/lib/thumb/v7e-m+fp/hard/libc_nano.a(lib_a-init.o)
 .debug_loc     0x0000000000002e91      0x22c /usr/lib/gcc/arm-none-eabi/10.3.1/../../../arm-none-eabi/lib/thumb/v7e-m+fp/hard/libc_nano.a(lib_a-memset.o)
 .debug_loc     0x00000000000030bd      0x203 /usr/lib/gcc/arm-none-eabi/10.3.1/../../../arm-none-eabi/lib/thumb/v7e-m+fp/hard/libc_nano.a(lib_a-nano-freer.o)
 .debug_loc     0x00000000000032c0      0x3cd /usr/lib/gcc/arm-none-eabi/10.3.1/../../../arm-none-eabi/lib/thumb/v7e-m+fp/hard/libc_nano.a(lib_a-nano-mallocr.o)
 .debug_loc     0x000000000000368d       0x98 /usr/lib/gcc/arm-none-eabi/10.3.1/../../../arm-none-eabi/lib/thumb/v7e-m+fp/hard/libc_nano.a(lib_a-printf.o)
 .debug_loc     0x0000000000003725      0x28c /usr/lib/gcc/arm-none-eabi/10.3.1/../../../arm-none-eabi/lib/thumb/v7e-m+fp/hard/libc_nano.a(lib_a-puts.o)
 .debug_loc     0x00000000000039b1      0x193 /usr/lib/gcc/arm-none-eabi/10.3.1/../../../arm-none-eabi/lib/thumb/v7e-m+fp/hard/libc_nano.a(lib_a-wbuf.o)
 .debug_loc     0x0000000000003b44       0xb7 /usr/lib/gcc/arm-none-eabi/10.3.1/../../../arm-none-eabi/lib/thumb/v7e-m+fp/hard/libc_nano.a(lib_a-wsetup.o)
 .debug_loc     0x0000000000003bfb      0x4ee /usr/lib/gcc/arm-none-eabi/10.3.1/../../../arm-none-eabi/lib/thumb/v7e-m+fp/hard/libc_nano.a(lib_a-fflush.o)
 .debug_loc     0x00000000000040e9      0x3d9 /usr/lib/gcc/arm-none-eabi/10.3.1/../../../arm-none-eabi/lib/thumb/v7e-m+fp/hard/libc_nano.a(lib_a-findfp.o)
 .debug_loc     0x00000000000044c2      0x1bf /usr/lib/gcc/arm-none-eabi/10.3.1/../../../arm-none-eabi/lib/thumb/v7e-m+fp/hard/libc_nano.a(lib_a-fwalk.o)
 .debug_loc     0x0000000000004681      0x327 /usr/lib/gcc/arm-none-eabi/10.3.1/../../../arm-none-eabi/lib/thumb/v7e-m+fp/hard/libc_nano.a(lib_a-makebuf.o)
 .debug_loc     0x00000000000049a8      0x133 /usr/lib/gcc/arm-none-eabi/10.3.1/../../../arm-none-eabi/lib/thumb/v7e-m+fp/hard/libc_nano.a(lib_a-nano-reallocr.o)
 .debug_loc     0x0000000000004adb      0x7ae /usr/lib/gcc/arm-none-eabi/10.3.1/../../../arm-none-eabi/lib/thumb/v7e-m+fp/hard/libc_nano.a(lib_a-nano-vfprintf.o)
 .debug_loc     0x0000000000005289      0x5dd /usr/lib/gcc/arm-none-eabi/10.3.1/../../../arm-none-eabi/lib/thumb/v7e-m+fp/hard/libc_nano.a(lib_a-nano-vfprintf_i.o)
 .debug_loc     0x0000000000005866      0x3a0 /usr/lib/gcc/arm-none-eabi/10.3.1/../../../arm-none-eabi/lib/thumb/v7e-m+fp/hard/libc_nano.a(lib_a-stdio.o)
 .debug_loc     0x0000000000005c06      0x76c /usr/lib/gcc/arm-none-eabi/10.3.1/../../../arm-none-eabi/lib/thumb/v7e-m+fp/hard/libc_nano.a(lib_a-fvwrite.o)
 .debug_loc     0x0000000000006372      0x34f /usr/lib/gcc/arm-none-eabi/10.3.1/../../../arm-none-eabi/lib/thumb/v7e-m+fp/hard/libc_nano.a(lib_a-memmove.o)
 .debug_loc     0x00000000000066c1       0x86 /usr/lib/gcc/arm-none-eabi/10.3.1/../../../arm-none-eabi/lib/thumb/v7e-m+fp/hard/libc_nano.a(lib_a-nano-msizer.o)

.debug_aranges  0x0000000000000000      0x978
 .debug_aranges
                0x0000000000000000       0x20 /home/ntouda/RIOT/mon_projet_stm32/bin/nucleo-f401re/auto_init/auto_init.o
 .debug_aranges
                0x0000000000000020       0x28 /home/ntouda/RIOT/mon_projet_stm32/bin/nucleo-f401re/board_common_init/board_common.o
 .debug_aranges
                0x0000000000000048       0x38 /home/ntouda/RIOT/mon_projet_stm32/bin/nucleo-f401re/core_lib/init.o
 .debug_aranges
                0x0000000000000080       0x38 /home/ntouda/RIOT/mon_projet_stm32/bin/nucleo-f401re/core_lib/panic.o
 .debug_aranges
                0x00000000000000b8       0x48 /home/ntouda/RIOT/mon_projet_stm32/bin/nucleo-f401re/core/sched.o
 .debug_aranges
                0x0000000000000100       0x78 /home/ntouda/RIOT/mon_projet_stm32/bin/nucleo-f401re/core/thread.o
 .debug_aranges
                0x0000000000000178       0x30 /home/ntouda/RIOT/mon_projet_stm32/bin/nucleo-f401re/cortexm_common/cortexm_init.o
 .debug_aranges
                0x00000000000001a8       0x28 /home/ntouda/RIOT/mon_projet_stm32/bin/nucleo-f401re/cortexm_common/panic.o
 .debug_aranges
                0x00000000000001d0       0x28 /home/ntouda/RIOT/mon_projet_stm32/bin/nucleo-f401re/cortexm_common_periph/pm.o
 .debug_aranges
                0x00000000000001f8       0x68 /home/ntouda/RIOT/mon_projet_stm32/bin/nucleo-f401re/cortexm_common/thread_arch.o
 .debug_aranges
                0x0000000000000260       0x68 /home/ntouda/RIOT/mon_projet_stm32/bin/nucleo-f401re/cortexm_common/vectors_cortexm.o
 .debug_aranges
                0x00000000000002c8       0x50 /home/ntouda/RIOT/mon_projet_stm32/bin/nucleo-f401re/cpu/cpu_common.o
 .debug_aranges
                0x0000000000000318       0x40 /home/ntouda/RIOT/mon_projet_stm32/bin/nucleo-f401re/cpu/cpu_init.o
 .debug_aranges
                0x0000000000000358       0xc0 /home/ntouda/RIOT/mon_projet_stm32/bin/nucleo-f401re/newlib_syscalls_default/syscalls.o
 .debug_aranges
                0x0000000000000418       0x28 /home/ntouda/RIOT/mon_projet_stm32/bin/nucleo-f401re/periph_common/init_leds.o
 .debug_aranges
                0x0000000000000440       0x28 /home/ntouda/RIOT/mon_projet_stm32/bin/nucleo-f401re/periph_common/init.o
 .debug_aranges
                0x0000000000000468       0x70 /home/ntouda/RIOT/mon_projet_stm32/bin/nucleo-f401re/periph/gpio_all.o
 .debug_aranges
                0x00000000000004d8       0x40 /home/ntouda/RIOT/mon_projet_stm32/bin/nucleo-f401re/periph/pm.o
 .debug_aranges
                0x0000000000000518       0x68 /home/ntouda/RIOT/mon_projet_stm32/bin/nucleo-f401re/periph/uart.o
 .debug_aranges
                0x0000000000000580       0x48 /home/ntouda/RIOT/mon_projet_stm32/bin/nucleo-f401re/pm_layered/pm.o
 .debug_aranges
                0x00000000000005c8       0x38 /home/ntouda/RIOT/mon_projet_stm32/bin/nucleo-f401re/stdio_uart/stdio_uart.o
 .debug_aranges
                0x0000000000000600       0x58 /home/ntouda/RIOT/mon_projet_stm32/bin/nucleo-f401re/stm32_clk/stmclk_common.o
 .debug_aranges
                0x0000000000000658       0x28 /home/ntouda/RIOT/mon_projet_stm32/bin/nucleo-f401re/stm32_clk/stmclk_f2f4f7.o
 .debug_aranges
                0x0000000000000680       0x20 /home/ntouda/RIOT/mon_projet_stm32/bin/nucleo-f401re/stm32_vectors/STM32F401xE.o
 .debug_aranges
                0x00000000000006a0       0x18 /usr/lib/gcc/arm-none-eabi/10.3.1/../../../arm-none-eabi/lib/thumb/v7e-m+fp/hard/libc_nano.a(lib_a-impure.o)
 .debug_aranges
                0x00000000000006b8       0x20 /usr/lib/gcc/arm-none-eabi/10.3.1/../../../arm-none-eabi/lib/thumb/v7e-m+fp/hard/libc_nano.a(lib_a-init.o)
 .debug_aranges
                0x00000000000006d8       0x20 /usr/lib/gcc/arm-none-eabi/10.3.1/../../../arm-none-eabi/lib/thumb/v7e-m+fp/hard/libc_nano.a(lib_a-memcpy.o)
 .debug_aranges
                0x00000000000006f8       0x20 /usr/lib/gcc/arm-none-eabi/10.3.1/../../../arm-none-eabi/lib/thumb/v7e-m+fp/hard/libc_nano.a(lib_a-memset.o)
 .debug_aranges
                0x0000000000000718       0x20 /usr/lib/gcc/arm-none-eabi/10.3.1/../../../arm-none-eabi/lib/thumb/v7e-m+fp/hard/libc_nano.a(lib_a-nano-freer.o)
 .debug_aranges
                0x0000000000000738       0x20 /usr/lib/gcc/arm-none-eabi/10.3.1/../../../arm-none-eabi/lib/thumb/v7e-m+fp/hard/libc_nano.a(lib_a-nano-mallocr.o)
 .debug_aranges
                0x0000000000000758       0x20 /usr/lib/gcc/arm-none-eabi/10.3.1/../../../arm-none-eabi/lib/thumb/v7e-m+fp/hard/libc_nano.a(lib_a-printf.o)
 .debug_aranges
                0x0000000000000778       0x20 /usr/lib/gcc/arm-none-eabi/10.3.1/../../../arm-none-eabi/lib/thumb/v7e-m+fp/hard/libc_nano.a(lib_a-puts.o)
 .debug_aranges
                0x0000000000000798       0x20 /usr/lib/gcc/arm-none-eabi/10.3.1/../../../arm-none-eabi/lib/thumb/v7e-m+fp/hard/libc_nano.a(lib_a-wbuf.o)
 .debug_aranges
                0x00000000000007b8       0x20 /usr/lib/gcc/arm-none-eabi/10.3.1/../../../arm-none-eabi/lib/thumb/v7e-m+fp/hard/libc_nano.a(lib_a-wsetup.o)
 .debug_aranges
                0x00000000000007d8       0x20 /usr/lib/gcc/arm-none-eabi/10.3.1/../../../arm-none-eabi/lib/thumb/v7e-m+fp/hard/libc_nano.a(lib_a-fflush.o)
 .debug_aranges
                0x00000000000007f8       0x20 /usr/lib/gcc/arm-none-eabi/10.3.1/../../../arm-none-eabi/lib/thumb/v7e-m+fp/hard/libc_nano.a(lib_a-findfp.o)
 .debug_aranges
                0x0000000000000818       0x20 /usr/lib/gcc/arm-none-eabi/10.3.1/../../../arm-none-eabi/lib/thumb/v7e-m+fp/hard/libc_nano.a(lib_a-fwalk.o)
 .debug_aranges
                0x0000000000000838       0x20 /usr/lib/gcc/arm-none-eabi/10.3.1/../../../arm-none-eabi/lib/thumb/v7e-m+fp/hard/libc_nano.a(lib_a-makebuf.o)
 .debug_aranges
                0x0000000000000858       0x20 /usr/lib/gcc/arm-none-eabi/10.3.1/../../../arm-none-eabi/lib/thumb/v7e-m+fp/hard/libc_nano.a(lib_a-mlock.o)
 .debug_aranges
                0x0000000000000878       0x20 /usr/lib/gcc/arm-none-eabi/10.3.1/../../../arm-none-eabi/lib/thumb/v7e-m+fp/hard/libc_nano.a(lib_a-nano-reallocr.o)
 .debug_aranges
                0x0000000000000898       0x20 /usr/lib/gcc/arm-none-eabi/10.3.1/../../../arm-none-eabi/lib/thumb/v7e-m+fp/hard/libc_nano.a(lib_a-nano-vfprintf.o)
 .debug_aranges
                0x00000000000008b8       0x20 /usr/lib/gcc/arm-none-eabi/10.3.1/../../../arm-none-eabi/lib/thumb/v7e-m+fp/hard/libc_nano.a(lib_a-nano-vfprintf_i.o)
 .debug_aranges
                0x00000000000008d8       0x20 /usr/lib/gcc/arm-none-eabi/10.3.1/../../../arm-none-eabi/lib/thumb/v7e-m+fp/hard/libc_nano.a(lib_a-stdio.o)
 .debug_aranges
                0x00000000000008f8       0x20 /usr/lib/gcc/arm-none-eabi/10.3.1/../../../arm-none-eabi/lib/thumb/v7e-m+fp/hard/libc_nano.a(lib_a-fvwrite.o)
 .debug_aranges
                0x0000000000000918       0x20 /usr/lib/gcc/arm-none-eabi/10.3.1/../../../arm-none-eabi/lib/thumb/v7e-m+fp/hard/libc_nano.a(lib_a-memchr.o)
 .debug_aranges
                0x0000000000000938       0x20 /usr/lib/gcc/arm-none-eabi/10.3.1/../../../arm-none-eabi/lib/thumb/v7e-m+fp/hard/libc_nano.a(lib_a-memmove.o)
 .debug_aranges
                0x0000000000000958       0x20 /usr/lib/gcc/arm-none-eabi/10.3.1/../../../arm-none-eabi/lib/thumb/v7e-m+fp/hard/libc_nano.a(lib_a-nano-msizer.o)

.debug_ranges   0x0000000000000000     0x12c0
 .debug_ranges  0x0000000000000000       0x30 /home/ntouda/RIOT/mon_projet_stm32/bin/nucleo-f401re/auto_init/auto_init.o
 .debug_ranges  0x0000000000000030       0x18 /home/ntouda/RIOT/mon_projet_stm32/bin/nucleo-f401re/board_common_init/board_common.o
 .debug_ranges  0x0000000000000048       0x70 /home/ntouda/RIOT/mon_projet_stm32/bin/nucleo-f401re/core_lib/init.o
 .debug_ranges  0x00000000000000b8       0x28 /home/ntouda/RIOT/mon_projet_stm32/bin/nucleo-f401re/core_lib/panic.o
 .debug_ranges  0x00000000000000e0      0x1b0 /home/ntouda/RIOT/mon_projet_stm32/bin/nucleo-f401re/core/sched.o
 .debug_ranges  0x0000000000000290      0x250 /home/ntouda/RIOT/mon_projet_stm32/bin/nucleo-f401re/core/thread.o
 .debug_ranges  0x00000000000004e0       0xb8 /home/ntouda/RIOT/mon_projet_stm32/bin/nucleo-f401re/cortexm_common/cortexm_init.o
 .debug_ranges  0x0000000000000598       0x18 /home/ntouda/RIOT/mon_projet_stm32/bin/nucleo-f401re/cortexm_common/panic.o
 .debug_ranges  0x00000000000005b0       0x18 /home/ntouda/RIOT/mon_projet_stm32/bin/nucleo-f401re/cortexm_common_periph/pm.o
 .debug_ranges  0x00000000000005c8       0xa8 /home/ntouda/RIOT/mon_projet_stm32/bin/nucleo-f401re/cortexm_common/thread_arch.o
 .debug_ranges  0x0000000000000670       0x70 /home/ntouda/RIOT/mon_projet_stm32/bin/nucleo-f401re/cortexm_common/vectors_cortexm.o
 .debug_ranges  0x00000000000006e0       0x40 /home/ntouda/RIOT/mon_projet_stm32/bin/nucleo-f401re/cpu/cpu_common.o
 .debug_ranges  0x0000000000000720       0xb8 /home/ntouda/RIOT/mon_projet_stm32/bin/nucleo-f401re/cpu/cpu_init.o
 .debug_ranges  0x00000000000007d8      0x130 /home/ntouda/RIOT/mon_projet_stm32/bin/nucleo-f401re/newlib_syscalls_default/syscalls.o
 .debug_ranges  0x0000000000000908       0x18 /home/ntouda/RIOT/mon_projet_stm32/bin/nucleo-f401re/periph_common/init_leds.o
 .debug_ranges  0x0000000000000920       0x18 /home/ntouda/RIOT/mon_projet_stm32/bin/nucleo-f401re/periph_common/init.o
 .debug_ranges  0x0000000000000938      0x1c0 /home/ntouda/RIOT/mon_projet_stm32/bin/nucleo-f401re/periph/gpio_all.o
 .debug_ranges  0x0000000000000af8       0x78 /home/ntouda/RIOT/mon_projet_stm32/bin/nucleo-f401re/periph/pm.o
 .debug_ranges  0x0000000000000b70      0x148 /home/ntouda/RIOT/mon_projet_stm32/bin/nucleo-f401re/periph/uart.o
 .debug_ranges  0x0000000000000cb8      0x128 /home/ntouda/RIOT/mon_projet_stm32/bin/nucleo-f401re/pm_layered/pm.o
 .debug_ranges  0x0000000000000de0       0x28 /home/ntouda/RIOT/mon_projet_stm32/bin/nucleo-f401re/stdio_uart/stdio_uart.o
 .debug_ranges  0x0000000000000e08       0x48 /home/ntouda/RIOT/mon_projet_stm32/bin/nucleo-f401re/stm32_clk/stmclk_common.o
 .debug_ranges  0x0000000000000e50       0x60 /home/ntouda/RIOT/mon_projet_stm32/bin/nucleo-f401re/stm32_clk/stmclk_f2f4f7.o
 .debug_ranges  0x0000000000000eb0       0x10 /home/ntouda/RIOT/mon_projet_stm32/bin/nucleo-f401re/stm32_vectors/STM32F401xE.o
 .debug_ranges  0x0000000000000ec0       0x20 /usr/lib/gcc/arm-none-eabi/10.3.1/../../../arm-none-eabi/lib/thumb/v7e-m+fp/hard/libc_nano.a(lib_a-nano-freer.o)
 .debug_ranges  0x0000000000000ee0       0x38 /usr/lib/gcc/arm-none-eabi/10.3.1/../../../arm-none-eabi/lib/thumb/v7e-m+fp/hard/libc_nano.a(lib_a-nano-mallocr.o)
 .debug_ranges  0x0000000000000f18       0x58 /usr/lib/gcc/arm-none-eabi/10.3.1/../../../arm-none-eabi/lib/thumb/v7e-m+fp/hard/libc_nano.a(lib_a-puts.o)
 .debug_ranges  0x0000000000000f70       0x20 /usr/lib/gcc/arm-none-eabi/10.3.1/../../../arm-none-eabi/lib/thumb/v7e-m+fp/hard/libc_nano.a(lib_a-wbuf.o)
 .debug_ranges  0x0000000000000f90       0x30 /usr/lib/gcc/arm-none-eabi/10.3.1/../../../arm-none-eabi/lib/thumb/v7e-m+fp/hard/libc_nano.a(lib_a-wsetup.o)
 .debug_ranges  0x0000000000000fc0       0xb8 /usr/lib/gcc/arm-none-eabi/10.3.1/../../../arm-none-eabi/lib/thumb/v7e-m+fp/hard/libc_nano.a(lib_a-fflush.o)
 .debug_ranges  0x0000000000001078       0xc8 /usr/lib/gcc/arm-none-eabi/10.3.1/../../../arm-none-eabi/lib/thumb/v7e-m+fp/hard/libc_nano.a(lib_a-findfp.o)
 .debug_ranges  0x0000000000001140       0x78 /usr/lib/gcc/arm-none-eabi/10.3.1/../../../arm-none-eabi/lib/thumb/v7e-m+fp/hard/libc_nano.a(lib_a-makebuf.o)
 .debug_ranges  0x00000000000011b8       0x40 /usr/lib/gcc/arm-none-eabi/10.3.1/../../../arm-none-eabi/lib/thumb/v7e-m+fp/hard/libc_nano.a(lib_a-nano-vfprintf.o)
 .debug_ranges  0x00000000000011f8       0xa0 /usr/lib/gcc/arm-none-eabi/10.3.1/../../../arm-none-eabi/lib/thumb/v7e-m+fp/hard/libc_nano.a(lib_a-nano-vfprintf_i.o)
 .debug_ranges  0x0000000000001298       0x28 /usr/lib/gcc/arm-none-eabi/10.3.1/../../../arm-none-eabi/lib/thumb/v7e-m+fp/hard/libc_nano.a(lib_a-fvwrite.o)

.debug_macro    0x0000000000000000    0x29060
 .debug_macro   0x0000000000000000      0x320 /home/ntouda/RIOT/mon_projet_stm32/bin/nucleo-f401re/auto_init/auto_init.o
 .debug_macro   0x0000000000000320      0xae4 /home/ntouda/RIOT/mon_projet_stm32/bin/nucleo-f401re/auto_init/auto_init.o
 .debug_macro   0x0000000000000e04       0x23 /home/ntouda/RIOT/mon_projet_stm32/bin/nucleo-f401re/auto_init/auto_init.o
 .debug_macro   0x0000000000000e27       0x4b /home/ntouda/RIOT/mon_projet_stm32/bin/nucleo-f401re/auto_init/auto_init.o
 .debug_macro   0x0000000000000e72       0x10 /home/ntouda/RIOT/mon_projet_stm32/bin/nucleo-f401re/auto_init/auto_init.o
 .debug_macro   0x0000000000000e82    0x11111 /home/ntouda/RIOT/mon_projet_stm32/bin/nucleo-f401re/auto_init/auto_init.o
 .debug_macro   0x0000000000011f93       0x16 /home/ntouda/RIOT/mon_projet_stm32/bin/nucleo-f401re/auto_init/auto_init.o
 .debug_macro   0x0000000000011fa9      0x1ab /home/ntouda/RIOT/mon_projet_stm32/bin/nucleo-f401re/auto_init/auto_init.o
 .debug_macro   0x0000000000012154       0x3c /home/ntouda/RIOT/mon_projet_stm32/bin/nucleo-f401re/auto_init/auto_init.o
 .debug_macro   0x0000000000012190       0x29 /home/ntouda/RIOT/mon_projet_stm32/bin/nucleo-f401re/auto_init/auto_init.o
 .debug_macro   0x00000000000121b9      0x500 /home/ntouda/RIOT/mon_projet_stm32/bin/nucleo-f401re/board_common_init/board_common.o
 .debug_macro   0x00000000000126b9      0xae4 /home/ntouda/RIOT/mon_projet_stm32/bin/nucleo-f401re/board_common_init/board_common.o
 .debug_macro   0x000000000001319d      0x4b7 /home/ntouda/RIOT/mon_projet_stm32/bin/nucleo-f401re/core_lib/init.o
 .debug_macro   0x0000000000013654      0xae4 /home/ntouda/RIOT/mon_projet_stm32/bin/nucleo-f401re/core_lib/init.o
 .debug_macro   0x0000000000014138       0x10 /home/ntouda/RIOT/mon_projet_stm32/bin/nucleo-f401re/core_lib/init.o
 .debug_macro   0x0000000000014148      0x23b /home/ntouda/RIOT/mon_projet_stm32/bin/nucleo-f401re/core_lib/init.o
 .debug_macro   0x0000000000014383       0x2e /home/ntouda/RIOT/mon_projet_stm32/bin/nucleo-f401re/core_lib/init.o
 .debug_macro   0x00000000000143b1       0x16 /home/ntouda/RIOT/mon_projet_stm32/bin/nucleo-f401re/core_lib/init.o
 .debug_macro   0x00000000000143c7      0x4fe /home/ntouda/RIOT/mon_projet_stm32/bin/nucleo-f401re/core_lib/init.o
 .debug_macro   0x00000000000148c5       0x2f /home/ntouda/RIOT/mon_projet_stm32/bin/nucleo-f401re/core_lib/init.o
 .debug_macro   0x00000000000148f4      0x450 /home/ntouda/RIOT/mon_projet_stm32/bin/nucleo-f401re/core_lib/panic.o
 .debug_macro   0x0000000000014d44      0xae4 /home/ntouda/RIOT/mon_projet_stm32/bin/nucleo-f401re/core_lib/panic.o
 .debug_macro   0x0000000000015828       0x34 /home/ntouda/RIOT/mon_projet_stm32/bin/nucleo-f401re/core_lib/panic.o
 .debug_macro   0x000000000001585c      0x305 /home/ntouda/RIOT/mon_projet_stm32/bin/nucleo-f401re/core/sched.o
 .debug_macro   0x0000000000015b61      0xae4 /home/ntouda/RIOT/mon_projet_stm32/bin/nucleo-f401re/core/sched.o
 .debug_macro   0x0000000000016645      0x322 /home/ntouda/RIOT/mon_projet_stm32/bin/nucleo-f401re/core/thread.o
 .debug_macro   0x0000000000016967      0xae4 /home/ntouda/RIOT/mon_projet_stm32/bin/nucleo-f401re/core/thread.o
 .debug_macro   0x000000000001744b       0x22 /home/ntouda/RIOT/mon_projet_stm32/bin/nucleo-f401re/core/thread.o
 .debug_macro   0x000000000001746d       0xdc /home/ntouda/RIOT/mon_projet_stm32/bin/nucleo-f401re/core/thread.o
 .debug_macro   0x0000000000017549      0x2f8 /home/ntouda/RIOT/mon_projet_stm32/bin/nucleo-f401re/cortexm_common/cortexm_init.o
 .debug_macro   0x0000000000017841      0xae4 /home/ntouda/RIOT/mon_projet_stm32/bin/nucleo-f401re/cortexm_common/cortexm_init.o
 .debug_macro   0x0000000000018325      0x2fb /home/ntouda/RIOT/mon_projet_stm32/bin/nucleo-f401re/cortexm_common/panic.o
 .debug_macro   0x0000000000018620      0xae4 /home/ntouda/RIOT/mon_projet_stm32/bin/nucleo-f401re/cortexm_common/panic.o
 .debug_macro   0x0000000000019104      0x438 /home/ntouda/RIOT/mon_projet_stm32/bin/nucleo-f401re/cortexm_common_periph/pm.o
 .debug_macro   0x000000000001953c      0xae4 /home/ntouda/RIOT/mon_projet_stm32/bin/nucleo-f401re/cortexm_common_periph/pm.o
 .debug_macro   0x000000000001a020      0x314 /home/ntouda/RIOT/mon_projet_stm32/bin/nucleo-f401re/cortexm_common/thread_arch.o
 .debug_macro   0x000000000001a334      0xae4 /home/ntouda/RIOT/mon_projet_stm32/bin/nucleo-f401re/cortexm_common/thread_arch.o
 .debug_macro   0x000000000001ae18       0x1c /home/ntouda/RIOT/mon_projet_stm32/bin/nucleo-f401re/cortexm_common/thread_arch.o
 .debug_macro   0x000000000001ae34      0x52a /home/ntouda/RIOT/mon_projet_stm32/bin/nucleo-f401re/cortexm_common/vectors_cortexm.o
 .debug_macro   0x000000000001b35e      0xae4 /home/ntouda/RIOT/mon_projet_stm32/bin/nucleo-f401re/cortexm_common/vectors_cortexm.o
 .debug_macro   0x000000000001be42       0x1c /home/ntouda/RIOT/mon_projet_stm32/bin/nucleo-f401re/cortexm_common/vectors_cortexm.o
 .debug_macro   0x000000000001be5e      0x460 /home/ntouda/RIOT/mon_projet_stm32/bin/nucleo-f401re/cpu/cpu_common.o
 .debug_macro   0x000000000001c2be      0xae4 /home/ntouda/RIOT/mon_projet_stm32/bin/nucleo-f401re/cpu/cpu_common.o
 .debug_macro   0x000000000001cda2      0x596 /home/ntouda/RIOT/mon_projet_stm32/bin/nucleo-f401re/cpu/cpu_init.o
 .debug_macro   0x000000000001d338      0xae4 /home/ntouda/RIOT/mon_projet_stm32/bin/nucleo-f401re/cpu/cpu_init.o
 .debug_macro   0x000000000001de1c      0x647 /home/ntouda/RIOT/mon_projet_stm32/bin/nucleo-f401re/newlib_syscalls_default/syscalls.o
 .debug_macro   0x000000000001e463      0xae4 /home/ntouda/RIOT/mon_projet_stm32/bin/nucleo-f401re/newlib_syscalls_default/syscalls.o
 .debug_macro   0x000000000001ef47       0x10 /home/ntouda/RIOT/mon_projet_stm32/bin/nucleo-f401re/newlib_syscalls_default/syscalls.o
 .debug_macro   0x000000000001ef57       0xcf /home/ntouda/RIOT/mon_projet_stm32/bin/nucleo-f401re/newlib_syscalls_default/syscalls.o
 .debug_macro   0x000000000001f026       0x20 /home/ntouda/RIOT/mon_projet_stm32/bin/nucleo-f401re/newlib_syscalls_default/syscalls.o
 .debug_macro   0x000000000001f046       0xbe /home/ntouda/RIOT/mon_projet_stm32/bin/nucleo-f401re/newlib_syscalls_default/syscalls.o
 .debug_macro   0x000000000001f104       0x10 /home/ntouda/RIOT/mon_projet_stm32/bin/nucleo-f401re/newlib_syscalls_default/syscalls.o
 .debug_macro   0x000000000001f114      0x241 /home/ntouda/RIOT/mon_projet_stm32/bin/nucleo-f401re/newlib_syscalls_default/syscalls.o
 .debug_macro   0x000000000001f355       0x10 /home/ntouda/RIOT/mon_projet_stm32/bin/nucleo-f401re/newlib_syscalls_default/syscalls.o
 .debug_macro   0x000000000001f365       0x3c /home/ntouda/RIOT/mon_projet_stm32/bin/nucleo-f401re/newlib_syscalls_default/syscalls.o
 .debug_macro   0x000000000001f3a1       0xff /home/ntouda/RIOT/mon_projet_stm32/bin/nucleo-f401re/newlib_syscalls_default/syscalls.o
 .debug_macro   0x000000000001f4a0       0x16 /home/ntouda/RIOT/mon_projet_stm32/bin/nucleo-f401re/newlib_syscalls_default/syscalls.o
 .debug_macro   0x000000000001f4b6       0x10 /home/ntouda/RIOT/mon_projet_stm32/bin/nucleo-f401re/newlib_syscalls_default/syscalls.o
 .debug_macro   0x000000000001f4c6       0x10 /home/ntouda/RIOT/mon_projet_stm32/bin/nucleo-f401re/newlib_syscalls_default/syscalls.o
 .debug_macro   0x000000000001f4d6       0x2e /home/ntouda/RIOT/mon_projet_stm32/bin/nucleo-f401re/newlib_syscalls_default/syscalls.o
 .debug_macro   0x000000000001f504      0x102 /home/ntouda/RIOT/mon_projet_stm32/bin/nucleo-f401re/newlib_syscalls_default/syscalls.o
 .debug_macro   0x000000000001f606      0x506 /home/ntouda/RIOT/mon_projet_stm32/bin/nucleo-f401re/periph_common/init_leds.o
 .debug_macro   0x000000000001fb0c      0xae4 /home/ntouda/RIOT/mon_projet_stm32/bin/nucleo-f401re/periph_common/init_leds.o
 .debug_macro   0x00000000000205f0      0x458 /home/ntouda/RIOT/mon_projet_stm32/bin/nucleo-f401re/periph_common/init.o
 .debug_macro   0x0000000000020a48      0xae4 /home/ntouda/RIOT/mon_projet_stm32/bin/nucleo-f401re/periph_common/init.o
 .debug_macro   0x000000000002152c      0x47c /home/ntouda/RIOT/mon_projet_stm32/bin/nucleo-f401re/periph/gpio_all.o
 .debug_macro   0x00000000000219a8      0xae4 /home/ntouda/RIOT/mon_projet_stm32/bin/nucleo-f401re/periph/gpio_all.o
 .debug_macro   0x000000000002248c      0x47c /home/ntouda/RIOT/mon_projet_stm32/bin/nucleo-f401re/periph/pm.o
 .debug_macro   0x0000000000022908      0xae4 /home/ntouda/RIOT/mon_projet_stm32/bin/nucleo-f401re/periph/pm.o
 .debug_macro   0x00000000000233ec      0x4d2 /home/ntouda/RIOT/mon_projet_stm32/bin/nucleo-f401re/periph/uart.o
 .debug_macro   0x00000000000238be      0xae4 /home/ntouda/RIOT/mon_projet_stm32/bin/nucleo-f401re/periph/uart.o
 .debug_macro   0x00000000000243a2       0x10 /home/ntouda/RIOT/mon_projet_stm32/bin/nucleo-f401re/periph/uart.o
 .debug_macro   0x00000000000243b2      0x52d /home/ntouda/RIOT/mon_projet_stm32/bin/nucleo-f401re/pm_layered/pm.o
 .debug_macro   0x00000000000248df      0xae4 /home/ntouda/RIOT/mon_projet_stm32/bin/nucleo-f401re/pm_layered/pm.o
 .debug_macro   0x00000000000253c3      0x5d2 /home/ntouda/RIOT/mon_projet_stm32/bin/nucleo-f401re/stdio_uart/stdio_uart.o
 .debug_macro   0x0000000000025995      0xae4 /home/ntouda/RIOT/mon_projet_stm32/bin/nucleo-f401re/stdio_uart/stdio_uart.o
 .debug_macro   0x0000000000026479       0x16 /home/ntouda/RIOT/mon_projet_stm32/bin/nucleo-f401re/stdio_uart/stdio_uart.o
 .debug_macro   0x000000000002648f      0x479 /home/ntouda/RIOT/mon_projet_stm32/bin/nucleo-f401re/stm32_clk/stmclk_common.o
 .debug_macro   0x0000000000026908      0xae4 /home/ntouda/RIOT/mon_projet_stm32/bin/nucleo-f401re/stm32_clk/stmclk_common.o
 .debug_macro   0x00000000000273ec      0x5de /home/ntouda/RIOT/mon_projet_stm32/bin/nucleo-f401re/stm32_clk/stmclk_f2f4f7.o
 .debug_macro   0x00000000000279ca      0xae4 /home/ntouda/RIOT/mon_projet_stm32/bin/nucleo-f401re/stm32_clk/stmclk_f2f4f7.o
 .debug_macro   0x00000000000284ae       0xb8 /home/ntouda/RIOT/mon_projet_stm32/bin/nucleo-f401re/stm32_vectors/STM32F401xE.o
 .debug_macro   0x0000000000028566      0xae4 /home/ntouda/RIOT/mon_projet_stm32/bin/nucleo-f401re/stm32_vectors/STM32F401xE.o
 .debug_macro   0x000000000002904a       0x16 /home/ntouda/RIOT/mon_projet_stm32/bin/nucleo-f401re/stm32_vectors/STM32F401xE.o

.debug_line     0x0000000000000000    0x13a92
 .debug_line    0x0000000000000000      0x6b0 /home/ntouda/RIOT/mon_projet_stm32/bin/nucleo-f401re/auto_init/auto_init.o
 .debug_line    0x00000000000006b0      0xa8a /home/ntouda/RIOT/mon_projet_stm32/bin/nucleo-f401re/board_common_init/board_common.o
 .debug_line    0x000000000000113a      0x95c /home/ntouda/RIOT/mon_projet_stm32/bin/nucleo-f401re/core_lib/init.o
 .debug_line    0x0000000000001a96      0x920 /home/ntouda/RIOT/mon_projet_stm32/bin/nucleo-f401re/core_lib/panic.o
 .debug_line    0x00000000000023b6      0xbca /home/ntouda/RIOT/mon_projet_stm32/bin/nucleo-f401re/core/sched.o
 .debug_line    0x0000000000002f80      0xe6d /home/ntouda/RIOT/mon_projet_stm32/bin/nucleo-f401re/core/thread.o
 .debug_line    0x0000000000003ded      0x709 /home/ntouda/RIOT/mon_projet_stm32/bin/nucleo-f401re/cortexm_common/cortexm_init.o
 .debug_line    0x00000000000044f6      0x5c1 /home/ntouda/RIOT/mon_projet_stm32/bin/nucleo-f401re/cortexm_common/panic.o
 .debug_line    0x0000000000004ab7      0x878 /home/ntouda/RIOT/mon_projet_stm32/bin/nucleo-f401re/cortexm_common_periph/pm.o
 .debug_line    0x000000000000532f      0x94b /home/ntouda/RIOT/mon_projet_stm32/bin/nucleo-f401re/cortexm_common/thread_arch.o
 .debug_line    0x0000000000005c7a      0xbea /home/ntouda/RIOT/mon_projet_stm32/bin/nucleo-f401re/cortexm_common/vectors_cortexm.o
 .debug_line    0x0000000000006864      0xaa8 /home/ntouda/RIOT/mon_projet_stm32/bin/nucleo-f401re/cpu/cpu_common.o
 .debug_line    0x000000000000730c      0xca1 /home/ntouda/RIOT/mon_projet_stm32/bin/nucleo-f401re/cpu/cpu_init.o
 .debug_line    0x0000000000007fad      0xf3c /home/ntouda/RIOT/mon_projet_stm32/bin/nucleo-f401re/newlib_syscalls_default/syscalls.o
 .debug_line    0x0000000000008ee9      0xa9f /home/ntouda/RIOT/mon_projet_stm32/bin/nucleo-f401re/periph_common/init_leds.o
 .debug_line    0x0000000000009988      0x918 /home/ntouda/RIOT/mon_projet_stm32/bin/nucleo-f401re/periph_common/init.o
 .debug_line    0x000000000000a2a0      0xd30 /home/ntouda/RIOT/mon_projet_stm32/bin/nucleo-f401re/periph/gpio_all.o
 .debug_line    0x000000000000afd0      0xa18 /home/ntouda/RIOT/mon_projet_stm32/bin/nucleo-f401re/periph/pm.o
 .debug_line    0x000000000000b9e8      0xd5f /home/ntouda/RIOT/mon_projet_stm32/bin/nucleo-f401re/periph/uart.o
 .debug_line    0x000000000000c747      0xd44 /home/ntouda/RIOT/mon_projet_stm32/bin/nucleo-f401re/pm_layered/pm.o
 .debug_line    0x000000000000d48b      0xb7c /home/ntouda/RIOT/mon_projet_stm32/bin/nucleo-f401re/stdio_uart/stdio_uart.o
 .debug_line    0x000000000000e007      0xa71 /home/ntouda/RIOT/mon_projet_stm32/bin/nucleo-f401re/stm32_clk/stmclk_common.o
 .debug_line    0x000000000000ea78      0xab8 /home/ntouda/RIOT/mon_projet_stm32/bin/nucleo-f401re/stm32_clk/stmclk_f2f4f7.o
 .debug_line    0x000000000000f530      0x296 /home/ntouda/RIOT/mon_projet_stm32/bin/nucleo-f401re/stm32_vectors/STM32F401xE.o
 .debug_line    0x000000000000f7c6       0xe4 /usr/lib/gcc/arm-none-eabi/10.3.1/../../../arm-none-eabi/lib/thumb/v7e-m+fp/hard/libc_nano.a(lib_a-impure.o)
 .debug_line    0x000000000000f8aa      0x138 /usr/lib/gcc/arm-none-eabi/10.3.1/../../../arm-none-eabi/lib/thumb/v7e-m+fp/hard/libc_nano.a(lib_a-init.o)
 .debug_line    0x000000000000f9e2       0xbe /usr/lib/gcc/arm-none-eabi/10.3.1/../../../arm-none-eabi/lib/thumb/v7e-m+fp/hard/libc_nano.a(lib_a-memcpy.o)
 .debug_line    0x000000000000faa0      0x1bf /usr/lib/gcc/arm-none-eabi/10.3.1/../../../arm-none-eabi/lib/thumb/v7e-m+fp/hard/libc_nano.a(lib_a-memset.o)
 .debug_line    0x000000000000fc5f      0x2ca /usr/lib/gcc/arm-none-eabi/10.3.1/../../../arm-none-eabi/lib/thumb/v7e-m+fp/hard/libc_nano.a(lib_a-nano-freer.o)
 .debug_line    0x000000000000ff29      0x2d0 /usr/lib/gcc/arm-none-eabi/10.3.1/../../../arm-none-eabi/lib/thumb/v7e-m+fp/hard/libc_nano.a(lib_a-nano-mallocr.o)
 .debug_line    0x00000000000101f9      0x22c /usr/lib/gcc/arm-none-eabi/10.3.1/../../../arm-none-eabi/lib/thumb/v7e-m+fp/hard/libc_nano.a(lib_a-printf.o)
 .debug_line    0x0000000000010425      0x320 /usr/lib/gcc/arm-none-eabi/10.3.1/../../../arm-none-eabi/lib/thumb/v7e-m+fp/hard/libc_nano.a(lib_a-puts.o)
 .debug_line    0x0000000000010745      0x279 /usr/lib/gcc/arm-none-eabi/10.3.1/../../../arm-none-eabi/lib/thumb/v7e-m+fp/hard/libc_nano.a(lib_a-wbuf.o)
 .debug_line    0x00000000000109be      0x33e /usr/lib/gcc/arm-none-eabi/10.3.1/../../../arm-none-eabi/lib/thumb/v7e-m+fp/hard/libc_nano.a(lib_a-wsetup.o)
 .debug_line    0x0000000000010cfc      0x46d /usr/lib/gcc/arm-none-eabi/10.3.1/../../../arm-none-eabi/lib/thumb/v7e-m+fp/hard/libc_nano.a(lib_a-fflush.o)
 .debug_line    0x0000000000011169      0x589 /usr/lib/gcc/arm-none-eabi/10.3.1/../../../arm-none-eabi/lib/thumb/v7e-m+fp/hard/libc_nano.a(lib_a-findfp.o)
 .debug_line    0x00000000000116f2      0x29e /usr/lib/gcc/arm-none-eabi/10.3.1/../../../arm-none-eabi/lib/thumb/v7e-m+fp/hard/libc_nano.a(lib_a-fwalk.o)
 .debug_line    0x0000000000011990      0x3b2 /usr/lib/gcc/arm-none-eabi/10.3.1/../../../arm-none-eabi/lib/thumb/v7e-m+fp/hard/libc_nano.a(lib_a-makebuf.o)
 .debug_line    0x0000000000011d42      0x13e /usr/lib/gcc/arm-none-eabi/10.3.1/../../../arm-none-eabi/lib/thumb/v7e-m+fp/hard/libc_nano.a(lib_a-mlock.o)
 .debug_line    0x0000000000011e80      0x1c5 /usr/lib/gcc/arm-none-eabi/10.3.1/../../../arm-none-eabi/lib/thumb/v7e-m+fp/hard/libc_nano.a(lib_a-nano-reallocr.o)
 .debug_line    0x0000000000012045      0x700 /usr/lib/gcc/arm-none-eabi/10.3.1/../../../arm-none-eabi/lib/thumb/v7e-m+fp/hard/libc_nano.a(lib_a-nano-vfprintf.o)
 .debug_line    0x0000000000012745      0x746 /usr/lib/gcc/arm-none-eabi/10.3.1/../../../arm-none-eabi/lib/thumb/v7e-m+fp/hard/libc_nano.a(lib_a-nano-vfprintf_i.o)
 .debug_line    0x0000000000012e8b      0x231 /usr/lib/gcc/arm-none-eabi/10.3.1/../../../arm-none-eabi/lib/thumb/v7e-m+fp/hard/libc_nano.a(lib_a-stdio.o)
 .debug_line    0x00000000000130bc      0x5e4 /usr/lib/gcc/arm-none-eabi/10.3.1/../../../arm-none-eabi/lib/thumb/v7e-m+fp/hard/libc_nano.a(lib_a-fvwrite.o)
 .debug_line    0x00000000000136a0       0xa4 /usr/lib/gcc/arm-none-eabi/10.3.1/../../../arm-none-eabi/lib/thumb/v7e-m+fp/hard/libc_nano.a(lib_a-memchr.o)
 .debug_line    0x0000000000013744      0x1ee /usr/lib/gcc/arm-none-eabi/10.3.1/../../../arm-none-eabi/lib/thumb/v7e-m+fp/hard/libc_nano.a(lib_a-memmove.o)
 .debug_line    0x0000000000013932      0x160 /usr/lib/gcc/arm-none-eabi/10.3.1/../../../arm-none-eabi/lib/thumb/v7e-m+fp/hard/libc_nano.a(lib_a-nano-msizer.o)

.debug_str      0x0000000000000000    0xa2297
 .debug_str     0x0000000000000000    0x99865 /home/ntouda/RIOT/mon_projet_stm32/bin/nucleo-f401re/auto_init/auto_init.o
                                      0x99b65 (size before relaxing)
 .debug_str     0x0000000000099865     0x27fa /home/ntouda/RIOT/mon_projet_stm32/bin/nucleo-f401re/board_common_init/board_common.o
                                      0x57689 (size before relaxing)
 .debug_str     0x000000000009c05f     0x1725 /home/ntouda/RIOT/mon_projet_stm32/bin/nucleo-f401re/core_lib/init.o
                                      0x5793a (size before relaxing)
 .debug_str     0x000000000009d784      0x1c4 /home/ntouda/RIOT/mon_projet_stm32/bin/nucleo-f401re/core_lib/panic.o
                                      0x56494 (size before relaxing)
 .debug_str     0x000000000009d948      0x7f2 /home/ntouda/RIOT/mon_projet_stm32/bin/nucleo-f401re/core/sched.o
                                      0x5586c (size before relaxing)
 .debug_str     0x000000000009e13a      0x257 /home/ntouda/RIOT/mon_projet_stm32/bin/nucleo-f401re/core/thread.o
                                      0x55c62 (size before relaxing)
 .debug_str     0x000000000009e391      0x56d /home/ntouda/RIOT/mon_projet_stm32/bin/nucleo-f401re/cortexm_common/cortexm_init.o
                                      0x554dd (size before relaxing)
 .debug_str     0x000000000009e8fe       0x5d /home/ntouda/RIOT/mon_projet_stm32/bin/nucleo-f401re/cortexm_common/panic.o
                                      0x550ba (size before relaxing)
 .debug_str     0x000000000009e95b       0xaf /home/ntouda/RIOT/mon_projet_stm32/bin/nucleo-f401re/cortexm_common_periph/pm.o
                                      0x56226 (size before relaxing)
 .debug_str     0x000000000009ea0a      0x1ed /home/ntouda/RIOT/mon_projet_stm32/bin/nucleo-f401re/cortexm_common/thread_arch.o
                                      0x55544 (size before relaxing)
 .debug_str     0x000000000009ebf7      0x342 /home/ntouda/RIOT/mon_projet_stm32/bin/nucleo-f401re/cortexm_common/vectors_cortexm.o
                                      0x57aee (size before relaxing)
 .debug_str     0x000000000009ef39      0x1dd /home/ntouda/RIOT/mon_projet_stm32/bin/nucleo-f401re/cpu/cpu_common.o
                                      0x56ab7 (size before relaxing)
 .debug_str     0x000000000009f116      0x256 /home/ntouda/RIOT/mon_projet_stm32/bin/nucleo-f401re/cpu/cpu_init.o
                                      0x58954 (size before relaxing)
 .debug_str     0x000000000009f36c      0xbfa /home/ntouda/RIOT/mon_projet_stm32/bin/nucleo-f401re/newlib_syscalls_default/syscalls.o
                                      0x59934 (size before relaxing)
 .debug_str     0x000000000009ff66      0x18f /home/ntouda/RIOT/mon_projet_stm32/bin/nucleo-f401re/periph_common/init_leds.o
                                      0x577a8 (size before relaxing)
 .debug_str     0x00000000000a00f5       0x8a /home/ntouda/RIOT/mon_projet_stm32/bin/nucleo-f401re/periph_common/init.o